Component: ARM Compiler 5.06 update 2 (build 183) Tool: armlink [4d35b7]

==============================================================================

Section Cross References

    main.o(.text) refers to misc.o(.text) for NVIC_PriorityGroupConfig
    main.o(.text) refers to delay.o(.text) for delay_init
    main.o(.text) refers to usart1.o(.text) for USART1_Configuration
    main.o(.text) refers to led.o(.text) for Led_Configuration
    main.o(.text) refers to can1.o(.text) for CAN1_Configuration
    main.o(.text) refers to can2.o(.text) for CAN2_Configuration
    main.o(.text) refers to usart3.o(.text) for USART3_Configuration
    main.o(.text) refers to uart4.o(.text) for UART4_Configuration
    main.o(.text) refers to usart6.o(.text) for USART6_Configuration
    main.o(.text) refers to chassis.o(.text) for Chassis_Motor_Init
    main.o(.text) refers to gimbal.o(.text) for Gimbal_Motor_Init
    main.o(.text) refers to nvic.o(.text) for Nvic
    main.o(.text) refers to printfa.o(i.__0printf) for __2printf
    main.o(.text) refers to start.o(.text) for startTast
    main.o(.text) refers to tasks.o(.text) for vTaskStartScheduler
    main.o(.text) refers to gimbal.o(.bss) for gyro_yaw
    main.o(.text) refers to chassis.o(.bss) for motor_chassis
    main.o(.text) refers to main.o(.conststring) for .conststring
    start.o(.text) refers to port.o(.text) for vPortEnterCritical
    start.o(.text) refers to tasks.o(.text) for xTaskCreate
    start.o(.text) refers to queue.o(.text) for xQueueGenericCreate
    start.o(.text) refers to printfa.o(i.__0printf) for __2printf
    start.o(.text) refers to delay.o(.text) for delay_xms
    start.o(.text) refers to start.o(.data) for Printf_Task_Handler
    start.o(.text) refers to gas.o(.text) for Printf_task
    start.o(.text) refers to vl53l0x.o(.data) for VL53L0X_Handler
    start.o(.text) refers to vl53l0x_task.o(.text) for VL53L0X_task
    start.o(.text) refers to vl53l0x_2.o(.data) for Vl53l0X_2_Handler
    can_task.o(.text) refers to stm32f4xx_can.o(.text) for CAN_Transmit
    can_task.o(.text) refers to gimbal.o(.text) for get_gyro_measuer
    can_task.o(.text) refers to motor.o(.bss) for Motor_x
    can_task.o(.text) refers to can1.o(.bss) for Rx_message
    can_task.o(.text) refers to gimbal.o(.bss) for gyro_yaw
    can_task.o(.text) refers to can2.o(.bss) for Rx2_message
    can_task.o(.text) refers to can_task.o(.bss) for Message
    chassis.o(.text) refers to pid.o(.text) for speed_accelerate
    chassis.o(.text) refers to can_task.o(.text) for Motor_201_204_Can1TX
    chassis.o(.text) refers to tasks.o(.text) for xTaskGetTickCount
    chassis.o(.text) refers to chassis.o(.bss) for motor_chassis
    chassis.o(.text) refers to motor.o(.bss) for Motor_x
    chassis.o(.text) refers to can_task.o(.data) for ele1_flag
    chassis.o(.text) refers to dbus.o(.bss) for rc_ctrl
    chassis.o(.text) refers to chassis.o(.data) for speed_y
    chassis.o(.text) refers to dflti.o(.text) for __aeabi_i2d
    chassis.o(.text) refers to dfltui.o(.text) for __aeabi_ui2d
    chassis.o(.text) refers to dmul.o(.text) for __aeabi_dmul
    chassis.o(.text) refers to ddiv.o(.text) for __aeabi_ddiv
    chassis.o(.text) refers to sin.o(i.__hardfp_sin) for __hardfp_sin
    chassis.o(.text) refers to d2f.o(.text) for __aeabi_d2f
    chassis.o(.text) refers to cos.o(i.__hardfp_cos) for __hardfp_cos
    chassis.o(.text) refers to f2d.o(.text) for __aeabi_f2d
    chassis.o(.text) refers to sqrt.o(i.__hardfp_sqrt) for __hardfp_sqrt
    chassis.o(.text) refers to dadd.o(.text) for __aeabi_dsub
    gimbal.o(.text) refers to pid.o(.text) for pid_MInit
    gimbal.o(.text) refers to dflti.o(.text) for __aeabi_i2d
    gimbal.o(.text) refers to dmul.o(.text) for __aeabi_dmul
    gimbal.o(.text) refers to d2f.o(.text) for __aeabi_d2f
    gimbal.o(.text) refers to gimbal.o(.bss) for gimbal_yaw_angle
    motor.o(.text) refers to pid.o(.text) for pid_incomplete
    motor.o(.text) refers to can_task.o(.text) for Motor_201_204_Can2TX
    motor.o(.text) refers to motor.o(.data) for fir_flag
    motor.o(.text) refers to pid.o(.bss) for x_p_pid
    motor.o(.text) refers to motor.o(.bss) for Motor_y
    motor.o(.text) refers to gas.o(.data) for gas_flag
    motor.o(.text) refers to tasks.o(.text) for xTaskGetTickCount
    motor.o(.text) refers to dbus.o(.bss) for rc_ctrl
    motor.o(.text) refers to can_task.o(.data) for ele2_flag
    pid.o(.text) refers to f2d.o(.text) for __aeabi_f2d
    pid.o(.text) refers to fabs.o(i.__hardfp_fabs) for __hardfp_fabs
    pid.o(.text) refers to cdcmple.o(.text) for __aeabi_cdcmple
    pid.o(.text) refers to dadd.o(.text) for __aeabi_dsub
    pid.o(.text) refers to ddiv.o(.text) for __aeabi_ddiv
    pid.o(.text) refers to d2f.o(.text) for __aeabi_d2f
    pid.o(.text) refers to can_task.o(.data) for ele1_flag
    pid.o(.text) refers to pid.o(.data) for X_flag
    pid.o(.text) refers to memseta.o(.text) for __aeabi_memclr4
[...]
    xQueueGiveMutexRecursive                 0x0800786b   Thumb Code    66  queue.o(.text)
    xQueueSemaphoreTake                      0x080078db   Thumb Code   410  queue.o(.text)
    xQueueTakeMutexRecursive                 0x08007a75   Thumb Code    72  queue.o(.text)
    xQueueCreateCountingSemaphore            0x08007abd   Thumb Code    80  queue.o(.text)
    xQueueGenericSendFromISR                 0x08007b0d   Thumb Code   250  queue.o(.text)
    xQueueGiveFromISR                        0x08007c07   Thumb Code   228  queue.o(.text)
    xQueueReceive                            0x08007d15   Thumb Code   338  queue.o(.text)
    xQueuePeek                               0x08007e67   Thumb Code   344  queue.o(.text)
    xQueueReceiveFromISR                     0x08007fbf   Thumb Code   190  queue.o(.text)
    xQueuePeekFromISR                        0x0800807d   Thumb Code   158  queue.o(.text)
    uxQueueMessagesWaiting                   0x0800811b   Thumb Code    36  queue.o(.text)
    uxQueueSpacesAvailable                   0x0800813f   Thumb Code    42  queue.o(.text)
    uxQueueMessagesWaitingFromISR            0x08008169   Thumb Code    36  queue.o(.text)
    vQueueUnregisterQueue                    0x0800818d   Thumb Code    44  queue.o(.text)
    vQueueDelete                             0x080081b9   Thumb Code    38  queue.o(.text)
    uxQueueGetQueueNumber                    0x080081df   Thumb Code     6  queue.o(.text)
    vQueueSetQueueNumber                     0x080081e5   Thumb Code     4  queue.o(.text)
    ucQueueGetQueueType                      0x080081e9   Thumb Code     8  queue.o(.text)
    xQueueIsQueueEmptyFromISR                0x080081f1   Thumb Code    38  queue.o(.text)
    xQueueIsQueueFullFromISR                 0x08008217   Thumb Code    42  queue.o(.text)
    vQueueAddToRegistry                      0x08008241   Thumb Code    38  queue.o(.text)
    pcQueueGetName                           0x08008267   Thumb Code    38  queue.o(.text)
    vQueueWaitForMessageRestricted           0x0800828d   Thumb Code    74  queue.o(.text)
    xQueueCreateSet                          0x080082d7   Thumb Code    20  queue.o(.text)
    xQueueAddToSet                           0x080082eb   Thumb Code    38  queue.o(.text)
    xQueueRemoveFromSet                      0x08008311   Thumb Code    48  queue.o(.text)
    xQueueSelectFromSet                      0x08008341   Thumb Code    24  queue.o(.text)
    xQueueSelectFromSetFromISR               0x08008359   Thumb Code    22  queue.o(.text)
    xTaskCreate                              0x0800850f   Thumb Code    96  tasks.o(.text)
    vTaskDelete                              0x080085ab   Thumb Code   192  tasks.o(.text)
    xTaskIncrementTick                       0x0800866b   Thumb Code   384  tasks.o(.text)
    xTaskResumeAll                           0x080087eb   Thumb Code   218  tasks.o(.text)
    vTaskSuspendAll                          0x08008941   Thumb Code    12  tasks.o(.text)
    vTaskDelayUntil                          0x0800894d   Thumb Code   182  tasks.o(.text)
    vTaskDelay                               0x08008a03   Thumb Code    76  tasks.o(.text)
    eTaskGetState                            0x08008a4f   Thumb Code   122  tasks.o(.text)
    uxTaskPriorityGet                        0x08008ac9   Thumb Code    30  tasks.o(.text)
    uxTaskPriorityGetFromISR                 0x08008ae7   Thumb Code    62  tasks.o(.text)
    vTaskPrioritySet                         0x08008b25   Thumb Code   314  tasks.o(.text)
    vTaskSwitchContext                       0x08008c5f   Thumb Code   114  tasks.o(.text)
    vTaskSuspend                             0x08008cd1   Thumb Code   204  tasks.o(.text)
    vTaskResume                              0x08008de9   Thumb Code   122  tasks.o(.text)
    xTaskResumeFromISR                       0x08008e63   Thumb Code   152  tasks.o(.text)
    vTaskStartScheduler                      0x08008f57   Thumb Code   112  tasks.o(.text)
    vTaskEndScheduler                        0x08008fc7   Thumb Code    32  tasks.o(.text)
    xTaskGetTickCount                        0x08008fe7   Thumb Code    78  tasks.o(.text)
    xTaskGetTickCountFromISR                 0x08009035   Thumb Code    16  tasks.o(.text)
    uxTaskGetNumberOfTasks                   0x08009045   Thumb Code     6  tasks.o(.text)
    pcTaskGetName                            0x0800904b   Thumb Code    40  tasks.o(.text)
    xTaskGetHandle                           0x08009123   Thumb Code   136  tasks.o(.text)
    vTaskGetInfo                             0x080091c1   Thumb Code   126  tasks.o(.text)
    uxTaskGetSystemState                     0x080092a9   Thumb Code   152  tasks.o(.text)
    vTaskPlaceOnEventList                    0x08009341   Thumb Code    46  tasks.o(.text)
    vTaskPlaceOnUnorderedEventList           0x0800936f   Thumb Code    88  tasks.o(.text)
    vTaskPlaceOnEventListRestricted          0x080093c7   Thumb Code    54  tasks.o(.text)
    xTaskRemoveFromEventList                 0x080093fd   Thumb Code   164  tasks.o(.text)
    vTaskRemoveFromUnorderedEventList        0x080094a1   Thumb Code   130  tasks.o(.text)
    vTaskSetTimeOutState                     0x08009523   Thumb Code    44  tasks.o(.text)
    vTaskInternalSetTimeOutState             0x0800954f   Thumb Code    14  tasks.o(.text)
    xTaskCheckForTimeOut                     0x0800955d   Thumb Code   120  tasks.o(.text)
    vTaskMissedYield                         0x080095d5   Thumb Code     8  tasks.o(.text)
    uxTaskGetTaskNumber                      0x080095dd   Thumb Code    14  tasks.o(.text)
    vTaskSetTaskNumber                       0x080095eb   Thumb Code     8  tasks.o(.text)
    xTaskGetCurrentTaskHandle                0x080095f3   Thumb Code     6  tasks.o(.text)
    xTaskGetSchedulerState                   0x080095f9   Thumb Code    24  tasks.o(.text)
    xTaskPriorityInherit                     0x08009611   Thumb Code   186  tasks.o(.text)
    xTaskPriorityDisinherit                  0x080096cb   Thumb Code   176  tasks.o(.text)
    vTaskPriorityDisinheritAfterTimeout      0x0800977b   Thumb Code   254  tasks.o(.text)
    vTaskList                                0x080098a3   Thumb Code   200  tasks.o(.text)
    uxTaskResetEventItemValue                0x0800996b   Thumb Code    24  tasks.o(.text)
    pvTaskIncrementMutexHeldCount            0x08009983   Thumb Code    26  tasks.o(.text)
    ulTaskNotifyTake                         0x0800999d   Thumb Code   108  tasks.o(.text)
    xTaskNotifyWait                          0x08009a09   Thumb Code   150  tasks.o(.text)
    xTaskGenericNotify                       0x08009a9f   Thumb Code   256  tasks.o(.text)
    xTaskGenericNotifyFromISR                0x08009b9f   Thumb Code   356  tasks.o(.text)
    vTaskNotifyGiveFromISR                   0x08009d03   Thumb Code   198  tasks.o(.text)
    xTaskNotifyStateClear                    0x08009dc9   Thumb Code    48  tasks.o(.text)
    xTimerGenericCommand                     0x08009e65   Thumb Code   118  timers.o(.text)
    xTimerCreateTimerTask                    0x0800a1cb   Thumb Code    56  timers.o(.text)
    xTimerCreate                             0x0800a2a9   Thumb Code    48  timers.o(.text)
    xTimerGetTimerDaemonTaskHandle           0x0800a2d9   Thumb Code    38  timers.o(.text)
    xTimerGetPeriod                          0x0800a2ff   Thumb Code    28  timers.o(.text)
    xTimerGetExpiryTime                      0x0800a31b   Thumb Code    30  timers.o(.text)
    pcTimerGetName                           0x0800a339   Thumb Code    28  timers.o(.text)
    xTimerIsTimerActive                      0x0800a355   Thumb Code    56  timers.o(.text)
    pvTimerGetTimerID                        0x0800a38d   Thumb Code    38  timers.o(.text)
    vTimerSetTimerID                         0x0800a3b3   Thumb Code    38  timers.o(.text)
    xTimerPendFunctionCallFromISR            0x0800a3d9   Thumb Code    48  timers.o(.text)
    xTimerPendFunctionCall                   0x0800a409   Thumb Code    70  timers.o(.text)
    uxTimerGetTimerNumber                    0x0800a44f   Thumb Code     6  timers.o(.text)
    vTimerSetTimerNumber                     0x0800a455   Thumb Code     4  timers.o(.text)
    pvPortMalloc                             0x0800a523   Thumb Code   262  heap_4.o(.text)
    vPortFree                                0x0800a629   Thumb Code   120  heap_4.o(.text)
    xPortGetFreeHeapSize                     0x0800a6a1   Thumb Code     6  heap_4.o(.text)
    xPortGetMinimumEverFreeHeapSize          0x0800a6a7   Thumb Code     6  heap_4.o(.text)
    vPortInitialiseBlocks                    0x0800a6ad   Thumb Code     2  heap_4.o(.text)
    pxPortInitialiseStack                    0x0800a731   Thumb Code    38  port.o(.text)
    vPortSetupTimerInterrupt                 0x0800a757   Thumb Code    36  port.o(.text)
    xPortStartScheduler                      0x0800a77b   Thumb Code   322  port.o(.text)
    vPortEndScheduler                        0x0800a8bd   Thumb Code    34  port.o(.text)
    vPortEnterCritical                       0x0800a8df   Thumb Code    70  port.o(.text)
    vPortExitCritical                        0x0800a925   Thumb Code    48  port.o(.text)
    xPortSysTickHandler                      0x0800a955   Thumb Code    48  port.o(.text)
    vPortValidateInterruptPriority           0x0800a985   Thumb Code    88  port.o(.text)
    print_pal_error                          0x0800aa3d   Thumb Code    28  vl53l0x.o(.text)
    mode_string                              0x0800aa59   Thumb Code    66  vl53l0x.o(.text)
    vl53l0x_reset                            0x0800aa9b   Thumb Code    44  vl53l0x.o(.text)
    vl53l0x_init                             0x0800aac7   Thumb Code   156  vl53l0x.o(.text)
    vl53l0x_info                             0x0800ab63   Thumb Code    70  vl53l0x.o(.text)
    vl53l0x_test                             0x0800aba9   Thumb Code    38  vl53l0x.o(.text)
    One_measurement                          0x0800abcf   Thumb Code    32  vl53l0x.o(.text)
    VL53L0X_GetVersion                       0x0800ad49   Thumb Code    24  vl53l0x_api.o(.text)
    VL53L0X_GetPalSpecVersion                0x0800ad61   Thumb Code    24  vl53l0x_api.o(.text)
    VL53L0X_GetProductRevision               0x0800ad79   Thumb Code    38  vl53l0x_api.o(.text)
    VL53L0X_GetDeviceInfo                    0x0800ad9f   Thumb Code    22  vl53l0x_api.o(.text)
    VL53L0X_GetDeviceErrorStatus             0x0800adb5   Thumb Code    34  vl53l0x_api.o(.text)
    VL53L0X_GetDeviceErrorString             0x0800add7   Thumb Code    22  vl53l0x_api.o(.text)
    VL53L0X_GetRangeStatusString             0x0800aded   Thumb Code    22  vl53l0x_api.o(.text)
    VL53L0X_GetPalErrorString                0x0800ae03   Thumb Code    22  vl53l0x_api.o(.text)
    VL53L0X_GetPalStateString                0x0800ae19   Thumb Code    22  vl53l0x_api.o(.text)
    VL53L0X_GetPalState                      0x0800ae2f   Thumb Code    12  vl53l0x_api.o(.text)
    VL53L0X_GetVcselPulsePeriod              0x0800ae3b   Thumb Code    30  vl53l0x_api.o(.text)
    VL53L0X_SetMeasurementTimingBudgetMicroSeconds 0x0800ae59   Thumb Code    22  vl53l0x_api.o(.text)
    VL53L0X_SetSequenceStepEnable            0x0800ae6f   Thumb Code   196  vl53l0x_api.o(.text)
    VL53L0X_GetFractionEnable                0x0800af33   Thumb Code    34  vl53l0x_api.o(.text)
    VL53L0X_GetMeasurementTimingBudgetMicroSeconds 0x0800af55   Thumb Code    22  vl53l0x_api.o(.text)
    VL53L0X_GetWrapAroundCheckEnable         0x0800af6b   Thumb Code    62  vl53l0x_api.o(.text)
    VL53L0X_GetLimitCheckEnable              0x0800afa9   Thumb Code    28  vl53l0x_api.o(.text)
    VL53L0X_GetLimitCheckValue               0x0800afc5   Thumb Code   182  vl53l0x_api.o(.text)
    VL53L0X_GetOffsetCalibrationDataMicroMeter 0x0800b07b   Thumb Code    22  vl53l0x_api.o(.text)
    VL53L0X_GetXTalkCompensationRateMegaCps  0x0800b091   Thumb Code    56  vl53l0x_api.o(.text)
    VL53L0X_GetInterMeasurementPeriodMilliSeconds 0x0800b0c9   Thumb Code    62  vl53l0x_api.o(.text)
    VL53L0X_GetDeviceMode                    0x0800b107   Thumb Code    10  vl53l0x_api.o(.text)
    VL53L0X_GetDeviceParameters              0x0800b111   Thumb Code   160  vl53l0x_api.o(.text)
    VL53L0X_ClearInterruptMask               0x0800b1b1   Thumb Code    82  vl53l0x_api.o(.text)
    VL53L0X_SetGpioConfig                    0x0800b203   Thumb Code   358  vl53l0x_api.o(.text)
    VL53L0X_StaticInit                       0x0800b369   Thumb Code   410  vl53l0x_api.o(.text)
    VL53L0X_SetPowerMode                     0x0800b503   Thumb Code    84  vl53l0x_api.o(.text)
    VL53L0X_GetPowerMode                     0x0800b557   Thumb Code    48  vl53l0x_api.o(.text)
    VL53L0X_SetOffsetCalibrationDataMicroMeter 0x0800b587   Thumb Code    22  vl53l0x_api.o(.text)
    VL53L0X_SetLinearityCorrectiveGain       0x0800b59d   Thumb Code    50  vl53l0x_api.o(.text)
    VL53L0X_GetLinearityCorrectiveGain       0x0800b5cf   Thumb Code    12  vl53l0x_api.o(.text)
    VL53L0X_SetGroupParamHold                0x0800b5db   Thumb Code     8  vl53l0x_api.o(.text)
    VL53L0X_GetUpperLimitMilliMeter          0x0800b5e3   Thumb Code     8  vl53l0x_api.o(.text)
    VL53L0X_GetTotalSignalRate               0x0800b5eb   Thumb Code    40  vl53l0x_api.o(.text)
    VL53L0X_SetDeviceAddress                 0x0800b613   Thumb Code    36  vl53l0x_api.o(.text)
    VL53L0X_SetLimitCheckValue               0x0800b637   Thumb Code   118  vl53l0x_api.o(.text)
    VL53L0X_SetLimitCheckEnable              0x0800b6ad   Thumb Code   194  vl53l0x_api.o(.text)
    VL53L0X_DataInit                         0x0800b76f   Thumb Code   420  vl53l0x_api.o(.text)
    VL53L0X_SetTuningSettingBuffer           0x0800b913   Thumb Code    40  vl53l0x_api.o(.text)
    VL53L0X_GetTuningSettingBuffer           0x0800b93b   Thumb Code    20  vl53l0x_api.o(.text)
    VL53L0X_WaitDeviceBooted                 0x0800b94f   Thumb Code     8  vl53l0x_api.o(.text)
    VL53L0X_ResetDevice                      0x0800b957   Thumb Code   102  vl53l0x_api.o(.text)
    VL53L0X_SetWrapAroundCheckEnable         0x0800b9bd   Thumb Code    80  vl53l0x_api.o(.text)
    VL53L0X_SetXTalkCompensationRateMegaCps  0x0800ba0d   Thumb Code    64  vl53l0x_api.o(.text)
    VL53L0X_SetInterMeasurementPeriodMilliSeconds 0x0800ba4d   Thumb Code    60  vl53l0x_api.o(.text)
    VL53L0X_SetDeviceMode                    0x0800ba89   Thumb Code    50  vl53l0x_api.o(.text)
    VL53L0X_SetDeviceParameters              0x0800babb   Thumb Code   146  vl53l0x_api.o(.text)
    VL53L0X_SetRangeFractionEnable           0x0800bb4d   Thumb Code    30  vl53l0x_api.o(.text)
    VL53L0X_SetHistogramMode                 0x0800bb6b   Thumb Code     8  vl53l0x_api.o(.text)
    VL53L0X_GetHistogramMode                 0x0800bb73   Thumb Code     8  vl53l0x_api.o(.text)
    VL53L0X_SetVcselPulsePeriod              0x0800bb7b   Thumb Code    42  vl53l0x_api.o(.text)
    sequence_step_enabled                    0x0800bba5   Thumb Code    72  vl53l0x_api.o(.text)
    VL53L0X_GetSequenceStepEnable            0x0800bbed   Thumb Code    48  vl53l0x_api.o(.text)
    VL53L0X_GetSequenceStepEnables           0x0800bc1d   Thumb Code   118  vl53l0x_api.o(.text)
    VL53L0X_GetNumberOfSequenceSteps         0x0800bc93   Thumb Code    10  vl53l0x_api.o(.text)
    VL53L0X_GetSequenceStepsInfo             0x0800bc9d   Thumb Code    22  vl53l0x_api.o(.text)
    VL53L0X_SetSequenceStepTimeout           0x0800bcb3   Thumb Code   110  vl53l0x_api.o(.text)
    VL53L0X_GetSequenceStepTimeout           0x0800bd21   Thumb Code    56  vl53l0x_api.o(.text)
    VL53L0X_SetXTalkCompensationEnable       0x0800bd59   Thumb Code    62  vl53l0x_api.o(.text)
    VL53L0X_GetXTalkCompensationEnable       0x0800bd97   Thumb Code    12  vl53l0x_api.o(.text)
    VL53L0X_SetRefCalibration                0x0800bda3   Thumb Code    30  vl53l0x_api.o(.text)
    VL53L0X_GetRefCalibration                0x0800bdc1   Thumb Code    30  vl53l0x_api.o(.text)
    VL53L0X_GetNumberOfLimitCheck            0x0800bddf   Thumb Code    10  vl53l0x_api.o(.text)
    VL53L0X_GetLimitCheckInfo                0x0800bde9   Thumb Code    30  vl53l0x_api.o(.text)
    VL53L0X_GetLimitCheckStatus              0x0800be07   Thumb Code    24  vl53l0x_api.o(.text)
    VL53L0X_GetLimitCheckCurrent             0x0800be1f   Thumb Code   136  vl53l0x_api.o(.text)
    VL53L0X_SetDmaxCalParameters             0x0800bea7   Thumb Code    62  vl53l0x_api.o(.text)
    VL53L0X_GetDmaxCalParameters             0x0800bee5   Thumb Code    20  vl53l0x_api.o(.text)
    VL53L0X_GetInterruptThresholds           0x0800bef9   Thumb Code    66  vl53l0x_api.o(.text)
    VL53L0X_CheckAndLoadInterruptSettings    0x0800bf3b   Thumb Code   126  vl53l0x_api.o(.text)
    VL53L0X_StartMeasurement                 0x0800bfb9   Thumb Code   268  vl53l0x_api.o(.text)
    VL53L0X_PerformSingleMeasurement         0x0800c0c5   Thumb Code    60  vl53l0x_api.o(.text)
    VL53L0X_PerformSingleHistogramMeasurement 0x0800c101   Thumb Code     8  vl53l0x_api.o(.text)
    VL53L0X_PerformRefCalibration            0x0800c109   Thumb Code    32  vl53l0x_api.o(.text)
    VL53L0X_PerformXTalkMeasurement          0x0800c129   Thumb Code    10  vl53l0x_api.o(.text)
    VL53L0X_PerformXTalkCalibration          0x0800c133   Thumb Code    30  vl53l0x_api.o(.text)
    VL53L0X_PerformOffsetCalibration         0x0800c151   Thumb Code    30  vl53l0x_api.o(.text)
    VL53L0X_StopMeasurement                  0x0800c16f   Thumb Code   102  vl53l0x_api.o(.text)
    VL53L0X_GetInterruptMaskStatus           0x0800c1d5   Thumb Code    48  vl53l0x_api.o(.text)
    VL53L0X_GetMeasurementDataReady          0x0800c205   Thumb Code    86  vl53l0x_api.o(.text)
    VL53L0X_WaitDeviceReadyForNewMeasurement 0x0800c25b   Thumb Code     8  vl53l0x_api.o(.text)
    VL53L0X_GetRangingMeasurementData        0x0800c263   Thumb Code   372  vl53l0x_api.o(.text)
    VL53L0X_GetMeasurementRefSignal          0x0800c3d7   Thumb Code    46  vl53l0x_api.o(.text)
    VL53L0X_GetHistogramMeasurementData      0x0800c405   Thumb Code     8  vl53l0x_api.o(.text)
    VL53L0X_PerformSingleRangingMeasurement  0x0800c40d   Thumb Code    56  vl53l0x_api.o(.text)
    VL53L0X_SetNumberOfROIZones              0x0800c445   Thumb Code    12  vl53l0x_api.o(.text)
    VL53L0X_GetNumberOfROIZones              0x0800c451   Thumb Code    10  vl53l0x_api.o(.text)
    VL53L0X_GetMaxNumberOfROIZones           0x0800c45b   Thumb Code    10  vl53l0x_api.o(.text)
    VL53L0X_GetGpioConfig                    0x0800c465   Thumb Code   160  vl53l0x_api.o(.text)
    VL53L0X_SetInterruptThresholds           0x0800c505   Thumb Code    54  vl53l0x_api.o(.text)
    VL53L0X_GetStopCompletedStatus           0x0800c53b   Thumb Code   154  vl53l0x_api.o(.text)
    VL53L0X_EnableInterruptMask              0x0800c5d5   Thumb Code     8  vl53l0x_api.o(.text)
    VL53L0X_SetSpadAmbientDamperThreshold    0x0800c5dd   Thumb Code    48  vl53l0x_api.o(.text)
    VL53L0X_GetSpadAmbientDamperThreshold    0x0800c60d   Thumb Code    48  vl53l0x_api.o(.text)
    VL53L0X_SetSpadAmbientDamperFactor       0x0800c63d   Thumb Code    54  vl53l0x_api.o(.text)
    VL53L0X_GetSpadAmbientDamperFactor       0x0800c673   Thumb Code    54  vl53l0x_api.o(.text)
    VL53L0X_SetReferenceSpads                0x0800c6a9   Thumb Code    30  vl53l0x_api.o(.text)
    VL53L0X_GetReferenceSpads                0x0800c6c7   Thumb Code    30  vl53l0x_api.o(.text)
    VL53L0X_PerformRefSpadManagement         0x0800c6e5   Thumb Code    30  vl53l0x_api.o(.text)
    VL53L0X_perform_xtalk_calibration        0x0800c705   Thumb Code   296  vl53l0x_api_calibration.o(.text)
    VL53L0X_perform_offset_calibration       0x0800c82d   Thumb Code   228  vl53l0x_api_calibration.o(.text)
    VL53L0X_set_offset_calibration_data_micro_meter 0x0800c911   Thumb Code    74  vl53l0x_api_calibration.o(.text)
    VL53L0X_get_offset_calibration_data_micro_meter 0x0800c95b   Thumb Code    86  vl53l0x_api_calibration.o(.text)
    VL53L0X_apply_offset_adjustment          0x0800c9b1   Thumb Code    58  vl53l0x_api_calibration.o(.text)
    get_next_good_spad                       0x0800c9eb   Thumb Code   104  vl53l0x_api_calibration.o(.text)
    is_aperture                              0x0800ca53   Thumb Code    18  vl53l0x_api_calibration.o(.text)
    enable_spad_bit                          0x0800ca65   Thumb Code    50  vl53l0x_api_calibration.o(.text)
    count_enabled_spads                      0x0800ca97   Thumb Code   180  vl53l0x_api_calibration.o(.text)
    set_ref_spad_map                         0x0800cb4b   Thumb Code    24  vl53l0x_api_calibration.o(.text)
    get_ref_spad_map                         0x0800cb63   Thumb Code    24  vl53l0x_api_calibration.o(.text)
    enable_ref_spads                         0x0800cb7b   Thumb Code   172  vl53l0x_api_calibration.o(.text)
    perform_ref_signal_measurement           0x0800cc27   Thumb Code   110  vl53l0x_api_calibration.o(.text)
    VL53L0X_ref_calibration_io               0x0800cc95   Thumb Code   190  vl53l0x_api_calibration.o(.text)
    VL53L0X_perform_single_ref_calibration   0x0800cd53   Thumb Code    64  vl53l0x_api_calibration.o(.text)
    VL53L0X_perform_phase_calibration        0x0800cd93   Thumb Code   124  vl53l0x_api_calibration.o(.text)
    VL53L0X_perform_vhv_calibration          0x0800ce0f   Thumb Code   126  vl53l0x_api_calibration.o(.text)
    VL53L0X_perform_ref_calibration          0x0800ce8d   Thumb Code    76  vl53l0x_api_calibration.o(.text)
    VL53L0X_perform_ref_spad_management      0x0800ced9   Thumb Code   626  vl53l0x_api_calibration.o(.text)
    VL53L0X_set_reference_spads              0x0800d14b   Thumb Code   194  vl53l0x_api_calibration.o(.text)
    VL53L0X_get_reference_spads              0x0800d20d   Thumb Code   120  vl53l0x_api_calibration.o(.text)
    VL53L0X_set_ref_calibration              0x0800d285   Thumb Code    46  vl53l0x_api_calibration.o(.text)
    VL53L0X_get_ref_calibration              0x0800d2b3   Thumb Code    48  vl53l0x_api_calibration.o(.text)
    VL53L0X_reverse_bytes                    0x0800d2e5   Thumb Code    34  vl53l0x_api_core.o(.text)
    VL53L0X_measurement_poll_for_completion  0x0800d307   Thumb Code    66  vl53l0x_api_core.o(.text)
    VL53L0X_decode_vcsel_period              0x0800d349   Thumb Code    12  vl53l0x_api_core.o(.text)
    VL53L0X_encode_vcsel_period              0x0800d355   Thumb Code    14  vl53l0x_api_core.o(.text)
    VL53L0X_isqrt                            0x0800d363   Thumb Code    44  vl53l0x_api_core.o(.text)
    VL53L0X_quadrature_sum                   0x0800d38f   Thumb Code    44  vl53l0x_api_core.o(.text)
    VL53L0X_device_read_strobe               0x0800d3bb   Thumb Code    82  vl53l0x_api_core.o(.text)
    VL53L0X_get_info_from_device             0x0800d40d   Thumb Code  1354  vl53l0x_api_core.o(.text)
    VL53L0X_calc_macro_period_ps             0x0800d957   Thumb Code    22  vl53l0x_api_core.o(.text)
    VL53L0X_encode_timeout                   0x0800d96d   Thumb Code    40  vl53l0x_api_core.o(.text)
    VL53L0X_decode_timeout                   0x0800d995   Thumb Code    14  vl53l0x_api_core.o(.text)
    VL53L0X_calc_timeout_mclks               0x0800d9a3   Thumb Code    52  vl53l0x_api_core.o(.text)
    VL53L0X_calc_timeout_us                  0x0800d9d7   Thumb Code    52  vl53l0x_api_core.o(.text)
    get_sequence_step_timeout                0x0800da0b   Thumb Code   290  vl53l0x_api_core.o(.text)
    set_sequence_step_timeout                0x0800db2d   Thumb Code   306  vl53l0x_api_core.o(.text)
    VL53L0X_set_vcsel_pulse_period           0x0800dc5f   Thumb Code   766  vl53l0x_api_core.o(.text)
    VL53L0X_get_vcsel_pulse_period           0x0800df5d   Thumb Code    70  vl53l0x_api_core.o(.text)
    VL53L0X_set_measurement_timing_budget_micro_seconds 0x0800dfa3   Thumb Code   294  vl53l0x_api_core.o(.text)
    VL53L0X_get_measurement_timing_budget_micro_seconds 0x0800e0c9   Thumb Code   238  vl53l0x_api_core.o(.text)
    VL53L0X_load_tuning_settings             0x0800e1b7   Thumb Code   234  vl53l0x_api_core.o(.text)
    VL53L0X_get_total_xtalk_rate             0x0800e2a1   Thumb Code    58  vl53l0x_api_core.o(.text)
    VL53L0X_get_total_signal_rate            0x0800e2db   Thumb Code    40  vl53l0x_api_core.o(.text)
    VL53L0X_calc_dmax                        0x0800e303   Thumb Code   392  vl53l0x_api_core.o(.text)
    VL53L0X_calc_sigma_estimate              0x0800e48b   Thumb Code   778  vl53l0x_api_core.o(.text)
    VL53L0X_get_pal_range_status             0x0800e795   Thumb Code   564  vl53l0x_api_core.o(.text)
    VL53L0X_check_part_used                  0x0800e9c9   Thumb Code    74  vl53l0x_api_strings.o(.text)
    VL53L0X_get_device_info                  0x0800ea13   Thumb Code   152  vl53l0x_api_strings.o(.text)
    VL53L0X_get_device_error_string          0x0800eaab   Thumb Code   198  vl53l0x_api_strings.o(.text)
    VL53L0X_get_range_status_string          0x0800eb71   Thumb Code    98  vl53l0x_api_strings.o(.text)
    VL53L0X_get_pal_error_string             0x0800ebd3   Thumb Code   298  vl53l0x_api_strings.o(.text)
    VL53L0X_get_pal_state_string             0x0800ecfd   Thumb Code  1078  vl53l0x_api_strings.o(.text)
    VL53L0X_get_sequence_steps_info          0x0800f133   Thumb Code    84  vl53l0x_api_strings.o(.text)
    VL53L0X_get_limit_check_info             0x0800f187   Thumb Code   106  vl53l0x_api_strings.o(.text)
    vl53l0x_set_mode                         0x0800f30d   Thumb Code   394  vl53l0x_gen.o(.text)
    vl53l0x_start_single_test                0x0800f497   Thumb Code    68  vl53l0x_gen.o(.text)
    vl53l0x_general_start                    0x0800f4db   Thumb Code    52  vl53l0x_gen.o(.text)
    vl53l0x_general_test                     0x0800f50f   Thumb Code    14  vl53l0x_gen.o(.text)
    VL53L0X_i2c_init                         0x0800f535   Thumb Code    56  vl53l0x_i2c.o(.text)
    VL_IIC_Start                             0x0800f56d   Thumb Code    64  vl53l0x_i2c.o(.text)
    VL_IIC_Stop                              0x0800f5ad   Thumb Code    66  vl53l0x_i2c.o(.text)
    VL_IIC_Wait_Ack                          0x0800f5ef   Thumb Code    82  vl53l0x_i2c.o(.text)
    VL_IIC_Ack                               0x0800f641   Thumb Code    70  vl53l0x_i2c.o(.text)
    VL_IIC_NAck                              0x0800f687   Thumb Code    70  vl53l0x_i2c.o(.text)
    VL_IIC_Send_Byte                         0x0800f6cd   Thumb Code   104  vl53l0x_i2c.o(.text)
    VL_IIC_Read_Byte                         0x0800f735   Thumb Code    96  vl53l0x_i2c.o(.text)
    VL_IIC_Write_1Byte                       0x0800f795   Thumb Code    60  vl53l0x_i2c.o(.text)
    VL_IIC_Read_1Byte                        0x0800f7d1   Thumb Code    74  vl53l0x_i2c.o(.text)
    VL_IIC_Write_nByte                       0x0800f81b   Thumb Code    80  vl53l0x_i2c.o(.text)
    VL_IIC_Read_nByte                        0x0800f86b   Thumb Code   106  vl53l0x_i2c.o(.text)
    VL53L0X_write_multi                      0x0800f8d5   Thumb Code    40  vl53l0x_i2c.o(.text)
    VL53L0X_read_multi                       0x0800f8fd   Thumb Code    40  vl53l0x_i2c.o(.text)
    VL53L0X_write_byte                       0x0800f925   Thumb Code    40  vl53l0x_i2c.o(.text)
    VL53L0X_write_word                       0x0800f94d   Thumb Code    86  vl53l0x_i2c.o(.text)
    VL53L0X_write_dword                      0x0800f9a3   Thumb Code    52  vl53l0x_i2c.o(.text)
    VL53L0X_read_byte                        0x0800f9d7   Thumb Code    32  vl53l0x_i2c.o(.text)
    VL53L0X_read_word                        0x0800f9f7   Thumb Code    42  vl53l0x_i2c.o(.text)
    VL53L0X_read_dword                       0x0800fa21   Thumb Code    58  vl53l0x_i2c.o(.text)
    EXTI9_5_IRQHandler                       0x0800fad5   Thumb Code    16  vl53l0x_it.o(.text)
    vl53l0x_interrupt_start                  0x0800fae5   Thumb Code   592  vl53l0x_it.o(.text)
    vl53l0x_interrupt_test                   0x0800fd35   Thumb Code    14  vl53l0x_it.o(.text)
    VL53L0X_WriteMulti                       0x0800fd75   Thumb Code    60  vl53l0x_platform.o(.text)
    VL53L0X_ReadMulti                        0x0800fdb1   Thumb Code    54  vl53l0x_platform.o(.text)
    VL53L0X_WrByte                           0x0800fde7   Thumb Code    44  vl53l0x_platform.o(.text)
    VL53L0X_WrWord                           0x0800fe13   Thumb Code    44  vl53l0x_platform.o(.text)
    VL53L0X_WrDWord                          0x0800fe3f   Thumb Code    44  vl53l0x_platform.o(.text)
    VL53L0X_UpdateByte                       0x0800fe6b   Thumb Code    82  vl53l0x_platform.o(.text)
    VL53L0X_RdByte                           0x0800febd   Thumb Code    44  vl53l0x_platform.o(.text)
    VL53L0X_RdWord                           0x0800fee9   Thumb Code    44  vl53l0x_platform.o(.text)
    VL53L0X_RdDWord                          0x0800ff15   Thumb Code    44  vl53l0x_platform.o(.text)
    VL53L0X_PollingDelay                     0x0800ff41   Thumb Code    26  vl53l0x_platform.o(.text)
    print_pal_error_2                        0x0800ff5d   Thumb Code    28  vl53l0x_2.o(.text)
    mode_string_2                            0x0800ff79   Thumb Code    66  vl53l0x_2.o(.text)
    vl53l0x_reset_2                          0x0800ffbb   Thumb Code    44  vl53l0x_2.o(.text)
    vl53l0x_init_2                           0x0800ffe7   Thumb Code   194  vl53l0x_2.o(.text)
    vl53l0x_info_2                           0x080100a9   Thumb Code    70  vl53l0x_2.o(.text)
    vl53l0x_test_2                           0x080100ef   Thumb Code    38  vl53l0x_2.o(.text)
    One_measurement_2                        0x08010115   Thumb Code    32  vl53l0x_2.o(.text)
    VL53L0X_GetVersion_2                     0x08010291   Thumb Code    24  vl53l0x_api_2.o(.text)
    VL53L0X_GetPalSpecVersion_2              0x080102a9   Thumb Code    24  vl53l0x_api_2.o(.text)
    VL53L0X_GetProductRevision_2             0x080102c1   Thumb Code    38  vl53l0x_api_2.o(.text)
    VL53L0X_GetDeviceInfo_2                  0x080102e7   Thumb Code    22  vl53l0x_api_2.o(.text)
    VL53L0X_GetDeviceErrorStatus_2           0x080102fd   Thumb Code    34  vl53l0x_api_2.o(.text)
    VL53L0X_GetDeviceErrorString_2           0x0801031f   Thumb Code    22  vl53l0x_api_2.o(.text)
    VL53L0X_GetRangeStatusString_2           0x08010335   Thumb Code    22  vl53l0x_api_2.o(.text)
    VL53L0X_GetPalErrorString_2              0x0801034b   Thumb Code    22  vl53l0x_api_2.o(.text)
    VL53L0X_GetPalStateString_2              0x08010361   Thumb Code    22  vl53l0x_api_2.o(.text)
    VL53L0X_GetPalState_2                    0x08010377   Thumb Code    12  vl53l0x_api_2.o(.text)
    VL53L0X_GetVcselPulsePeriod_2            0x08010383   Thumb Code    30  vl53l0x_api_2.o(.text)
    VL53L0X_SetMeasurementTimingBudgetMicroSeconds_2 0x080103a1   Thumb Code    22  vl53l0x_api_2.o(.text)
    VL53L0X_SetSequenceStepEnable_2          0x080103b7   Thumb Code   196  vl53l0x_api_2.o(.text)
    VL53L0X_GetFractionEnable_2              0x0801047b   Thumb Code    34  vl53l0x_api_2.o(.text)
    VL53L0X_GetMeasurementTimingBudgetMicroSeconds_2 0x0801049d   Thumb Code    22  vl53l0x_api_2.o(.text)
    VL53L0X_GetWrapAroundCheckEnable_2       0x080104b3   Thumb Code    62  vl53l0x_api_2.o(.text)
    VL53L0X_GetLimitCheckEnable_2            0x080104f1   Thumb Code    28  vl53l0x_api_2.o(.text)
    VL53L0X_GetLimitCheckValue_2             0x0801050d   Thumb Code   182  vl53l0x_api_2.o(.text)
    VL53L0X_GetOffsetCalibrationDataMicroMeter_2 0x080105c3   Thumb Code    22  vl53l0x_api_2.o(.text)
    VL53L0X_GetXTalkCompensationRateMegaCps_2 0x080105d9   Thumb Code    56  vl53l0x_api_2.o(.text)
    VL53L0X_GetInterMeasurementPeriodMilliSeconds_2 0x08010611   Thumb Code    62  vl53l0x_api_2.o(.text)
    VL53L0X_GetDeviceMode_2                  0x0801064f   Thumb Code    10  vl53l0x_api_2.o(.text)
    VL53L0X_GetDeviceParameters_2            0x08010659   Thumb Code   160  vl53l0x_api_2.o(.text)
    VL53L0X_ClearInterruptMask_2             0x080106f9   Thumb Code    82  vl53l0x_api_2.o(.text)
    VL53L0X_SetGpioConfig_2                  0x0801074b   Thumb Code   358  vl53l0x_api_2.o(.text)
    VL53L0X_StaticInit_2                     0x080108b1   Thumb Code   410  vl53l0x_api_2.o(.text)
    VL53L0X_SetPowerMode_2                   0x08010a4b   Thumb Code    84  vl53l0x_api_2.o(.text)
    VL53L0X_GetPowerMode_2                   0x08010a9f   Thumb Code    48  vl53l0x_api_2.o(.text)
    VL53L0X_SetOffsetCalibrationDataMicroMeter_2 0x08010acf   Thumb Code    22  vl53l0x_api_2.o(.text)
    VL53L0X_SetLinearityCorrectiveGain_2     0x08010ae5   Thumb Code    50  vl53l0x_api_2.o(.text)
    VL53L0X_GetLinearityCorrectiveGain_2     0x08010b17   Thumb Code    12  vl53l0x_api_2.o(.text)
    VL53L0X_SetGroupParamHold_2              0x08010b23   Thumb Code     8  vl53l0x_api_2.o(.text)
    VL53L0X_GetUpperLimitMilliMeter_2        0x08010b2b   Thumb Code     8  vl53l0x_api_2.o(.text)
    VL53L0X_GetTotalSignalRate_2             0x08010b33   Thumb Code    40  vl53l0x_api_2.o(.text)
    VL53L0X_SetDeviceAddress_2               0x08010b5b   Thumb Code    36  vl53l0x_api_2.o(.text)
    VL53L0X_SetLimitCheckValue_2             0x08010b7f   Thumb Code   118  vl53l0x_api_2.o(.text)
    VL53L0X_SetLimitCheckEnable_2            0x08010bf5   Thumb Code   194  vl53l0x_api_2.o(.text)
    VL53L0X_DataInit_2                       0x08010cb7   Thumb Code   406  vl53l0x_api_2.o(.text)
    VL53L0X_SetTuningSettingBuffer_2         0x08010e4d   Thumb Code    40  vl53l0x_api_2.o(.text)
    VL53L0X_GetTuningSettingBuffer_2         0x08010e75   Thumb Code    20  vl53l0x_api_2.o(.text)
    VL53L0X_WaitDeviceBooted_2               0x08010e89   Thumb Code     8  vl53l0x_api_2.o(.text)
    VL53L0X_ResetDevice_2                    0x08010e91   Thumb Code   102  vl53l0x_api_2.o(.text)
    VL53L0X_SetWrapAroundCheckEnable_2       0x08010ef7   Thumb Code    80  vl53l0x_api_2.o(.text)
    VL53L0X_SetXTalkCompensationRateMegaCps_2 0x08010f47   Thumb Code    64  vl53l0x_api_2.o(.text)
    VL53L0X_SetInterMeasurementPeriodMilliSeconds_2 0x08010f87   Thumb Code    60  vl53l0x_api_2.o(.text)
    VL53L0X_SetDeviceMode_2                  0x08010fc3   Thumb Code    50  vl53l0x_api_2.o(.text)
    VL53L0X_SetDeviceParameters_2            0x08010ff5   Thumb Code   146  vl53l0x_api_2.o(.text)
    VL53L0X_SetRangeFractionEnable_2         0x08011087   Thumb Code    30  vl53l0x_api_2.o(.text)
    VL53L0X_SetHistogramMode_2               0x080110a5   Thumb Code     8  vl53l0x_api_2.o(.text)
    VL53L0X_GetHistogramMode_2               0x080110ad   Thumb Code     8  vl53l0x_api_2.o(.text)
    VL53L0X_SetVcselPulsePeriod_2            0x080110b5   Thumb Code    44  vl53l0x_api_2.o(.text)
    sequence_step_enabled_2                  0x080110e1   Thumb Code    72  vl53l0x_api_2.o(.text)
    VL53L0X_GetSequenceStepEnable_2          0x08011129   Thumb Code    48  vl53l0x_api_2.o(.text)
    VL53L0X_GetSequenceStepEnables_2         0x08011159   Thumb Code   118  vl53l0x_api_2.o(.text)
    VL53L0X_GetNumberOfSequenceSteps_2       0x080111cf   Thumb Code    10  vl53l0x_api_2.o(.text)
    VL53L0X_GetSequenceStepsInfo_2           0x080111d9   Thumb Code    22  vl53l0x_api_2.o(.text)
    VL53L0X_SetSequenceStepTimeout_2         0x080111ef   Thumb Code   110  vl53l0x_api_2.o(.text)
    VL53L0X_GetSequenceStepTimeout_2         0x0801125d   Thumb Code    56  vl53l0x_api_2.o(.text)
    VL53L0X_SetXTalkCompensationEnable_2     0x08011295   Thumb Code    62  vl53l0x_api_2.o(.text)
    VL53L0X_GetXTalkCompensationEnable_2     0x080112d3   Thumb Code    12  vl53l0x_api_2.o(.text)
    VL53L0X_SetRefCalibration_2              0x080112df   Thumb Code    30  vl53l0x_api_2.o(.text)
    VL53L0X_GetRefCalibration_2              0x080112fd   Thumb Code    30  vl53l0x_api_2.o(.text)
    VL53L0X_GetNumberOfLimitCheck_2          0x0801131b   Thumb Code    10  vl53l0x_api_2.o(.text)
    VL53L0X_GetLimitCheckInfo_2              0x08011325   Thumb Code    30  vl53l0x_api_2.o(.text)
    VL53L0X_GetLimitCheckStatus_2            0x08011343   Thumb Code    24  vl53l0x_api_2.o(.text)
    VL53L0X_GetLimitCheckCurrent_2           0x0801135b   Thumb Code   136  vl53l0x_api_2.o(.text)
    VL53L0X_SetDmaxCalParameters_2           0x080113e3   Thumb Code    62  vl53l0x_api_2.o(.text)
    VL53L0X_GetDmaxCalParameters_2           0x08011421   Thumb Code    20  vl53l0x_api_2.o(.text)
    VL53L0X_GetInterruptThresholds_2         0x08011435   Thumb Code    66  vl53l0x_api_2.o(.text)
    VL53L0X_CheckAndLoadInterruptSettings_2  0x08011477   Thumb Code   126  vl53l0x_api_2.o(.text)
    VL53L0X_StartMeasurement_2               0x080114f5   Thumb Code   268  vl53l0x_api_2.o(.text)
    VL53L0X_PerformSingleMeasurement_2       0x08011601   Thumb Code    60  vl53l0x_api_2.o(.text)
    VL53L0X_PerformSingleHistogramMeasurement_2 0x0801163d   Thumb Code     8  vl53l0x_api_2.o(.text)
    VL53L0X_PerformRefCalibration_2          0x08011645   Thumb Code    32  vl53l0x_api_2.o(.text)
    VL53L0X_PerformXTalkMeasurement_2        0x08011665   Thumb Code    10  vl53l0x_api_2.o(.text)
    VL53L0X_PerformXTalkCalibration_2        0x0801166f   Thumb Code    30  vl53l0x_api_2.o(.text)
    VL53L0X_PerformOffsetCalibration_2       0x0801168d   Thumb Code    30  vl53l0x_api_2.o(.text)
    VL53L0X_StopMeasurement_2                0x080116ab   Thumb Code   102  vl53l0x_api_2.o(.text)
    VL53L0X_GetInterruptMaskStatus_2         0x08011711   Thumb Code    48  vl53l0x_api_2.o(.text)
    VL53L0X_GetMeasurementDataReady_2        0x08011741   Thumb Code    86  vl53l0x_api_2.o(.text)
    VL53L0X_WaitDeviceReadyForNewMeasurement_2 0x08011797   Thumb Code     8  vl53l0x_api_2.o(.text)
    VL53L0X_GetRangingMeasurementData_2      0x0801179f   Thumb Code   372  vl53l0x_api_2.o(.text)
    VL53L0X_GetMeasurementRefSignal_2        0x08011913   Thumb Code    46  vl53l0x_api_2.o(.text)
    VL53L0X_GetHistogramMeasurementData_2    0x08011941   Thumb Code     8  vl53l0x_api_2.o(.text)
    VL53L0X_PerformSingleRangingMeasurement_2 0x08011949   Thumb Code    56  vl53l0x_api_2.o(.text)
    VL53L0X_SetNumberOfROIZones_2            0x08011981   Thumb Code    12  vl53l0x_api_2.o(.text)
    VL53L0X_GetNumberOfROIZones_2            0x0801198d   Thumb Code    10  vl53l0x_api_2.o(.text)
    VL53L0X_GetMaxNumberOfROIZones_2         0x08011997   Thumb Code    10  vl53l0x_api_2.o(.text)
    VL53L0X_GetGpioConfig_2                  0x080119a1   Thumb Code   160  vl53l0x_api_2.o(.text)
    VL53L0X_SetInterruptThresholds_2         0x08011a41   Thumb Code    54  vl53l0x_api_2.o(.text)
    VL53L0X_GetStopCompletedStatus_2         0x08011a77   Thumb Code   154  vl53l0x_api_2.o(.text)
    VL53L0X_EnableInterruptMask_2            0x08011b11   Thumb Code     8  vl53l0x_api_2.o(.text)
    VL53L0X_SetSpadAmbientDamperThreshold_2  0x08011b19   Thumb Code    48  vl53l0x_api_2.o(.text)
    VL53L0X_GetSpadAmbientDamperThreshold_2  0x08011b49   Thumb Code    48  vl53l0x_api_2.o(.text)
    VL53L0X_SetSpadAmbientDamperFactor_2     0x08011b79   Thumb Code    54  vl53l0x_api_2.o(.text)
    VL53L0X_GetSpadAmbientDamperFactor_2     0x08011baf   Thumb Code    54  vl53l0x_api_2.o(.text)
    VL53L0X_SetReferenceSpads_2              0x08011be5   Thumb Code    30  vl53l0x_api_2.o(.text)
    VL53L0X_GetReferenceSpads_2              0x08011c03   Thumb Code    30  vl53l0x_api_2.o(.text)
    VL53L0X_PerformRefSpadManagement_2       0x08011c21   Thumb Code    30  vl53l0x_api_2.o(.text)
    VL53L0X_perform_xtalk_calibration_2      0x08011c41   Thumb Code   296  vl53l0x_api_calibration_2.o(.text)
    VL53L0X_perform_offset_calibration_2     0x08011d69   Thumb Code   228  vl53l0x_api_calibration_2.o(.text)
    VL53L0X_set_offset_calibration_data_micro_meter_2 0x08011e4d   Thumb Code    74  vl53l0x_api_calibration_2.o(.text)
    VL53L0X_get_offset_calibration_data_micro_meter_2 0x08011e97   Thumb Code    86  vl53l0x_api_calibration_2.o(.text)
    VL53L0X_apply_offset_adjustment_2        0x08011eed   Thumb Code    58  vl53l0x_api_calibration_2.o(.text)
    get_next_good_spad_2                     0x08011f27   Thumb Code   104  vl53l0x_api_calibration_2.o(.text)
    is_aperture_2                            0x08011f8f   Thumb Code    18  vl53l0x_api_calibration_2.o(.text)
    enable_spad_bit_2                        0x08011fa1   Thumb Code    50  vl53l0x_api_calibration_2.o(.text)
    count_enabled_spads_2                    0x08011fd3   Thumb Code   180  vl53l0x_api_calibration_2.o(.text)
    set_ref_spad_map_2                       0x08012087   Thumb Code    24  vl53l0x_api_calibration_2.o(.text)
    get_ref_spad_map_2                       0x0801209f   Thumb Code    24  vl53l0x_api_calibration_2.o(.text)
    enable_ref_spads_2                       0x080120b7   Thumb Code   172  vl53l0x_api_calibration_2.o(.text)
    perform_ref_signal_measurement_2         0x08012163   Thumb Code   110  vl53l0x_api_calibration_2.o(.text)
    VL53L0X_ref_calibration_io_2             0x080121d1   Thumb Code   190  vl53l0x_api_calibration_2.o(.text)
    VL53L0X_perform_single_ref_calibration_2 0x0801228f   Thumb Code    64  vl53l0x_api_calibration_2.o(.text)
    VL53L0X_perform_phase_calibration_2      0x080122cf   Thumb Code   124  vl53l0x_api_calibration_2.o(.text)
    VL53L0X_perform_vhv_calibration_2        0x0801234b   Thumb Code   126  vl53l0x_api_calibration_2.o(.text)
    VL53L0X_perform_ref_calibration_2        0x080123c9   Thumb Code    76  vl53l0x_api_calibration_2.o(.text)
    VL53L0X_perform_ref_spad_management_2    0x08012415   Thumb Code   626  vl53l0x_api_calibration_2.o(.text)
    VL53L0X_set_reference_spads_2            0x08012687   Thumb Code   194  vl53l0x_api_calibration_2.o(.text)
    VL53L0X_get_reference_spads_2            0x08012749   Thumb Code   120  vl53l0x_api_calibration_2.o(.text)
    VL53L0X_set_ref_calibration_2            0x080127c1   Thumb Code    46  vl53l0x_api_calibration_2.o(.text)
    VL53L0X_get_ref_calibration_2            0x080127ef   Thumb Code    48  vl53l0x_api_calibration_2.o(.text)
    VL53L0X_reverse_bytes_2                  0x08012821   Thumb Code    34  vl53l0x_api_core_2.o(.text)
    VL53L0X_measurement_poll_for_completion_2 0x08012843   Thumb Code    66  vl53l0x_api_core_2.o(.text)
    VL53L0X_decode_vcsel_period_2            0x08012885   Thumb Code    12  vl53l0x_api_core_2.o(.text)
    VL53L0X_encode_vcsel_period_2            0x08012891   Thumb Code    14  vl53l0x_api_core_2.o(.text)
    VL53L0X_isqrt_2                          0x0801289f   Thumb Code    44  vl53l0x_api_core_2.o(.text)
    VL53L0X_quadrature_sum_2                 0x080128cb   Thumb Code    44  vl53l0x_api_core_2.o(.text)
    VL53L0X_device_read_strobe_2             0x080128f7   Thumb Code    82  vl53l0x_api_core_2.o(.text)
    VL53L0X_get_info_from_device_2           0x08012949   Thumb Code  1354  vl53l0x_api_core_2.o(.text)
    VL53L0X_calc_macro_period_ps_2           0x08012e93   Thumb Code    22  vl53l0x_api_core_2.o(.text)
    VL53L0X_encode_timeout_2                 0x08012ea9   Thumb Code    40  vl53l0x_api_core_2.o(.text)
    VL53L0X_decode_timeout_2                 0x08012ed1   Thumb Code    14  vl53l0x_api_core_2.o(.text)
    VL53L0X_calc_timeout_mclks_2             0x08012edf   Thumb Code    52  vl53l0x_api_core_2.o(.text)
    VL53L0X_calc_timeout_us_2                0x08012f13   Thumb Code    52  vl53l0x_api_core_2.o(.text)
    get_sequence_step_timeout_2              0x08012f47   Thumb Code   290  vl53l0x_api_core_2.o(.text)
    set_sequence_step_timeout_2              0x08013069   Thumb Code   306  vl53l0x_api_core_2.o(.text)
    VL53L0X_set_vcsel_pulse_period_2         0x0801319b   Thumb Code   766  vl53l0x_api_core_2.o(.text)
    VL53L0X_get_vcsel_pulse_period_2         0x08013499   Thumb Code    70  vl53l0x_api_core_2.o(.text)
    VL53L0X_set_measurement_timing_budget_micro_seconds_2 0x080134df   Thumb Code   294  vl53l0x_api_core_2.o(.text)
    VL53L0X_get_measurement_timing_budget_micro_seconds_2 0x08013605   Thumb Code   238  vl53l0x_api_core_2.o(.text)
    VL53L0X_load_tuning_settings_2           0x080136f3   Thumb Code   234  vl53l0x_api_core_2.o(.text)
    VL53L0X_get_total_xtalk_rate_2           0x080137dd   Thumb Code    58  vl53l0x_api_core_2.o(.text)
    VL53L0X_get_total_signal_rate_2          0x08013817   Thumb Code    40  vl53l0x_api_core_2.o(.text)
    VL53L0X_calc_dmax_2                      0x0801383f   Thumb Code   392  vl53l0x_api_core_2.o(.text)
    VL53L0X_calc_sigma_estimate_2            0x080139c7   Thumb Code   730  vl53l0x_api_core_2.o(.text)
    VL53L0X_get_pal_range_status_2           0x08013ca1   Thumb Code   580  vl53l0x_api_core_2.o(.text)
    VL53L0X_check_part_used_2                0x08013ee5   Thumb Code    74  vl53l0x_api_strings_2.o(.text)
    VL53L0X_get_device_info_2                0x08013f2f   Thumb Code   152  vl53l0x_api_strings_2.o(.text)
    VL53L0X_get_device_error_string_2        0x08013fc7   Thumb Code   198  vl53l0x_api_strings_2.o(.text)
    VL53L0X_get_range_status_string_2        0x0801408d   Thumb Code    98  vl53l0x_api_strings_2.o(.text)
    VL53L0X_get_pal_error_string_2           0x080140ef   Thumb Code   298  vl53l0x_api_strings_2.o(.text)
    VL53L0X_get_pal_state_string_2           0x08014219   Thumb Code  1078  vl53l0x_api_strings_2.o(.text)
    VL53L0X_get_sequence_steps_info_2        0x0801464f   Thumb Code    84  vl53l0x_api_strings_2.o(.text)
    VL53L0X_get_limit_check_info_2           0x080146a3   Thumb Code   106  vl53l0x_api_strings_2.o(.text)
    vl53l0x_set_mode_2                       0x08014829   Thumb Code   394  vl53l0x_gen_2.o(.text)
    vl53l0x_start_single_test_2              0x080149b3   Thumb Code    68  vl53l0x_gen_2.o(.text)
    vl53l0x_general_start_2                  0x080149f7   Thumb Code   104  vl53l0x_gen_2.o(.text)
    vl53l0x_general_test_2                   0x08014a5f   Thumb Code    14  vl53l0x_gen_2.o(.text)
    VL53L0X_i2c_init_2                       0x08014a95   Thumb Code    60  vl53l0x_i2c_2.o(.text)
    VL_IIC_Start_2                           0x08014ad1   Thumb Code    64  vl53l0x_i2c_2.o(.text)
    VL_IIC_Stop_2                            0x08014b11   Thumb Code    66  vl53l0x_i2c_2.o(.text)
    VL_IIC_Wait_Ack_2                        0x08014b53   Thumb Code    82  vl53l0x_i2c_2.o(.text)
    VL_IIC_Ack_2                             0x08014ba5   Thumb Code    70  vl53l0x_i2c_2.o(.text)
    VL_IIC_NAck_2                            0x08014beb   Thumb Code    70  vl53l0x_i2c_2.o(.text)
    VL_IIC_Send_Byte_2                       0x08014c31   Thumb Code   104  vl53l0x_i2c_2.o(.text)
    VL_IIC_Read_Byte_2                       0x08014c99   Thumb Code    96  vl53l0x_i2c_2.o(.text)
    VL_IIC_Write_1Byte_2                     0x08014cf9   Thumb Code    60  vl53l0x_i2c_2.o(.text)
    VL_IIC_Read_1Byte_2                      0x08014d35   Thumb Code    74  vl53l0x_i2c_2.o(.text)
    VL_IIC_Write_nByte_2                     0x08014d7f   Thumb Code    80  vl53l0x_i2c_2.o(.text)
    VL_IIC_Read_nByte_2                      0x08014dcf   Thumb Code   106  vl53l0x_i2c_2.o(.text)
    VL53L0X_write_multi_2                    0x08014e39   Thumb Code    40  vl53l0x_i2c_2.o(.text)
    VL53L0X_read_multi_2                     0x08014e61   Thumb Code    40  vl53l0x_i2c_2.o(.text)
    VL53L0X_write_byte_2                     0x08014e89   Thumb Code    40  vl53l0x_i2c_2.o(.text)
    VL53L0X_write_word_2                     0x08014eb1   Thumb Code    86  vl53l0x_i2c_2.o(.text)
    VL53L0X_write_dword_2                    0x08014f07   Thumb Code    52  vl53l0x_i2c_2.o(.text)
    VL53L0X_read_byte_2                      0x08014f3b   Thumb Code    32  vl53l0x_i2c_2.o(.text)
    VL53L0X_read_word_2                      0x08014f5b   Thumb Code    42  vl53l0x_i2c_2.o(.text)
    VL53L0X_read_dword_2                     0x08014f85   Thumb Code    58  vl53l0x_i2c_2.o(.text)
    VL53L0X_WriteMulti_2                     0x08014fbf   Thumb Code    60  vl53l0x_platform_2.o(.text)
    VL53L0X_ReadMulti_2                      0x08014ffb   Thumb Code    54  vl53l0x_platform_2.o(.text)
    VL53L0X_WrByte_2                         0x08015031   Thumb Code    44  vl53l0x_platform_2.o(.text)
    VL53L0X_WrWord_2                         0x0801505d   Thumb Code    44  vl53l0x_platform_2.o(.text)
    VL53L0X_WrDWord_2                        0x08015089   Thumb Code    44  vl53l0x_platform_2.o(.text)
    VL53L0X_UpdateByte_2                     0x080150b5   Thumb Code    82  vl53l0x_platform_2.o(.text)
    VL53L0X_RdByte_2                         0x08015107   Thumb Code    44  vl53l0x_platform_2.o(.text)
    VL53L0X_RdWord_2                         0x08015133   Thumb Code    44  vl53l0x_platform_2.o(.text)
    VL53L0X_RdDWord_2                        0x0801515f   Thumb Code    44  vl53l0x_platform_2.o(.text)
    VL53L0X_PollingDelay_2                   0x0801518b   Thumb Code    26  vl53l0x_platform_2.o(.text)
    __aeabi_memcpy                           0x080151a5   Thumb Code    36  memcpya.o(.text)
    __aeabi_memcpy4                          0x080151a5   Thumb Code     0  memcpya.o(.text)
    __aeabi_memcpy8                          0x080151a5   Thumb Code     0  memcpya.o(.text)
    __aeabi_memset                           0x080151c9   Thumb Code    14  memseta.o(.text)
    __aeabi_memset4                          0x080151c9   Thumb Code     0  memseta.o(.text)
    __aeabi_memset8                          0x080151c9   Thumb Code     0  memseta.o(.text)
    __aeabi_memclr                           0x080151d7   Thumb Code     4  memseta.o(.text)
    __aeabi_memclr4                          0x080151d7   Thumb Code     0  memseta.o(.text)
    __aeabi_memclr8                          0x080151d7   Thumb Code     0  memseta.o(.text)
    memset                                   0x080151db   Thumb Code    18  memseta.o(.text)
    strlen                                   0x080151ed   Thumb Code    14  strlen.o(.text)
    strcpy                                   0x080151fb   Thumb Code    18  strcpy.o(.text)
    __aeabi_dadd                             0x0801520d   Thumb Code   322  dadd.o(.text)
    __aeabi_dsub                             0x0801534f   Thumb Code     6  dadd.o(.text)
    __aeabi_drsub                            0x08015355   Thumb Code     6  dadd.o(.text)
    __aeabi_dmul                             0x0801535b   Thumb Code   228  dmul.o(.text)
    __aeabi_ddiv                             0x0801543f   Thumb Code   222  ddiv.o(.text)
    __aeabi_i2d                              0x0801551d   Thumb Code    34  dflti.o(.text)
    __aeabi_ui2d                             0x0801553f   Thumb Code    26  dfltui.o(.text)
    __aeabi_f2d                              0x08015559   Thumb Code    38  f2d.o(.text)
    __aeabi_cdcmpeq                          0x08015581   Thumb Code     0  cdcmple.o(.text)
    __aeabi_cdcmple                          0x08015581   Thumb Code    48  cdcmple.o(.text)
    __aeabi_d2f                              0x080155b1   Thumb Code    56  d2f.o(.text)
    __aeabi_uidiv                            0x080155e9   Thumb Code     0  uidiv.o(.text)
    __aeabi_uidivmod                         0x080155e9   Thumb Code    44  uidiv.o(.text)
    __aeabi_uldivmod                         0x08015615   Thumb Code    98  uldiv.o(.text)
    __aeabi_llsl                             0x08015677   Thumb Code    30  llshl.o(.text)
    _ll_shift_l                              0x08015677   Thumb Code     0  llshl.o(.text)
    __aeabi_lasr                             0x08015695   Thumb Code    36  llsshr.o(.text)
    _ll_sshift_r                             0x08015695   Thumb Code     0  llsshr.o(.text)
    __I$use$fp                               0x080156b9   Thumb Code     0  iusefp.o(.text)
    _float_round                             0x080156b9   Thumb Code    18  fepilogue.o(.text)
    _float_epilogue                          0x080156cb   Thumb Code    92  fepilogue.o(.text)
    _double_round                            0x08015727   Thumb Code    30  depilogue.o(.text)
    _double_epilogue                         0x08015745   Thumb Code   156  depilogue.o(.text)
    _dsqrt                                   0x080157e1   Thumb Code   162  dsqrt.o(.text)
    __aeabi_d2ulz                            0x08015883   Thumb Code    48  dfixul.o(.text)
    __aeabi_cdrcmple                         0x080158b5   Thumb Code    48  cdrcmple.o(.text)
    __scatterload                            0x080158e5   Thumb Code    28  init.o(.text)
    __scatterload_rt2                        0x080158e5   Thumb Code     0  init.o(.text)
    __aeabi_llsr                             0x08015909   Thumb Code    32  llushr.o(.text)
    _ll_ushift_r                             0x08015909   Thumb Code     0  llushr.o(.text)
    __aeabi_d2iz                             0x08015929   Thumb Code    62  dfixi.o(.text)
    __decompress                             0x08015967   Thumb Code     0  __dclz77c.o(.text)
    __decompress2                            0x08015967   Thumb Code    94  __dclz77c.o(.text)
    __0printf                                0x080159c5   Thumb Code    22  printfa.o(i.__0printf)
    __1printf                                0x080159c5   Thumb Code     0  printfa.o(i.__0printf)
    __2printf                                0x080159c5   Thumb Code     0  printfa.o(i.__0printf)
    __c89printf                              0x080159c5   Thumb Code     0  printfa.o(i.__0printf)
    printf                                   0x080159c5   Thumb Code     0  printfa.o(i.__0printf)
    __0sprintf                               0x080159e5   Thumb Code    34  printfa.o(i.__0sprintf)
    __1sprintf                               0x080159e5   Thumb Code     0  printfa.o(i.__0sprintf)
    __2sprintf                               0x080159e5   Thumb Code     0  printfa.o(i.__0sprintf)
    __c89sprintf                             0x080159e5   Thumb Code     0  printfa.o(i.__0sprintf)
    sprintf                                  0x080159e5   Thumb Code     0  printfa.o(i.__0sprintf)
    __ARM_fpclassify                         0x08015a0d   Thumb Code    48  fpclassify.o(i.__ARM_fpclassify)
    __hardfp_cos                             0x08015a41   Thumb Code   180  cos.o(i.__hardfp_cos)
    __hardfp_fabs                            0x08015b09   Thumb Code    20  fabs.o(i.__hardfp_fabs)
    __hardfp_sin                             0x08015b21   Thumb Code   180  sin.o(i.__hardfp_sin)
    __hardfp_sqrt                            0x08015be9   Thumb Code   122  sqrt.o(i.__hardfp_sqrt)
    __ieee754_rem_pio2                       0x08015c69   Thumb Code   938  rred.o(i.__ieee754_rem_pio2)
    __kernel_cos                             0x080160a1   Thumb Code   322  cos_i.o(i.__kernel_cos)
    __kernel_poly                            0x08016211   Thumb Code   248  poly.o(i.__kernel_poly)
    __kernel_sin                             0x08016309   Thumb Code   280  sin_i.o(i.__kernel_sin)
    __mathlib_dbl_infnan                     0x08016439   Thumb Code    20  dunder.o(i.__mathlib_dbl_infnan)
    __mathlib_dbl_invalid                    0x08016451   Thumb Code    24  dunder.o(i.__mathlib_dbl_invalid)
    __mathlib_dbl_underflow                  0x08016471   Thumb Code    24  dunder.o(i.__mathlib_dbl_underflow)
    __scatterload_copy                       0x08016491   Thumb Code    14  handlers.o(i.__scatterload_copy)
    __scatterload_null                       0x0801649f   Thumb Code     2  handlers.o(i.__scatterload_null)
    __scatterload_zeroinit                   0x080164a1   Thumb Code    14  handlers.o(i.__scatterload_zeroinit)
    __set_errno                              0x080164b1   Thumb Code     6  errno.o(i.__set_errno)
    fabs                                     0x08016d59   Thumb Code    24  fabs.o(i.fabs)
    Region$$Table$$Base                      0x08016ee0   Number         0  anon$$obj.o(Region$$Table)
    Region$$Table$$Limit                     0x08016f00   Number         0  anon$$obj.o(Region$$Table)
    StartTask_Handler                        0x20000000   Data           4  start.o(.data)
    CLOUDTask_Handler                        0x20000004   Data           4  start.o(.data)
    Auto_aim_Task_Handler                    0x20000008   Data           4  start.o(.data)
    MinPcTask_Handler                        0x2000000c   Data           4  start.o(.data)
    Chassis_Task_Handler                     0x20000010   Data           4  start.o(.data)
    Motor_Task_Handler                       0x20000014   Data           4  start.o(.data)
    Gas_Task_Handler                         0x20000018   Data           4  start.o(.data)
    Printf_Task_Handler                      0x2000001c   Data           4  start.o(.data)
    QueryTask_Handler                        0x20000020   Data           4  start.o(.data)
    temp                                     0x20000024   Data           4  start.o(.data)
    BinarySemaphore                          0x20000028   Data           4  start.o(.data)
    Pan_control_task                         0x2000002c   Data           4  start.o(.data)
    ele1_flag                                0x20000034   Data           1  can_task.o(.data)
    ele2_flag                                0x20000035   Data           1  can_task.o(.data)
    yy                                       0x20000038   Data           4  can_task.o(.data)
    cmv_flag                                 0x2000003c   Data           1  chassis.o(.data)
    ci_flag                                  0x2000003e   Data           2  chassis.o(.data)
    speed_x                                  0x20000040   Data           4  chassis.o(.data)
    speed_y                                  0x20000044   Data           4  chassis.o(.data)
    s_flag                                   0x20000048   Data           2  chassis.o(.data)
    x_speed                                  0x2000004c   Data           4  chassis.o(.data)
    y_speed                                  0x20000050   Data           4  chassis.o(.data)
    dir_last                                 0x20000054   Data           2  chassis.o(.data)
    Ang                                      0x20000056   Data           2  chassis.o(.data)
    Vx                                       0x20000058   Data           4  chassis.o(.data)
    Vy                                       0x2000005c   Data           4  chassis.o(.data)
    Vz                                       0x20000060   Data           4  chassis.o(.data)
    set_speed                                0x20000064   Data           4  chassis.o(.data)
    first_yaw                                0x20000068   Data           4  chassis.o(.data)
    last_yaw                                 0x2000006c   Data           4  chassis.o(.data)
    err_yaw                                  0x20000070   Data           4  chassis.o(.data)
    rotate_flag                              0x20000074   Data           4  chassis.o(.data)
    flag_rotate                              0x20000078   Data           2  chassis.o(.data)
    speed_set                                0x2000007c   Data           4  chassis.o(.data)
    fir_flag                                 0x20000080   Data           1  motor.o(.data)
    motor_angle_first                        0x20000082   Data           2  motor.o(.data)
    motor_angle_err                          0x20000084   Data           2  motor.o(.data)
    motor_angle_last                         0x20000086   Data           2  motor.o(.data)
    mot_flag                                 0x20000088   Data           1  motor.o(.data)
    mox_flag                                 0x20000089   Data           1  motor.o(.data)
    i1_flag                                  0x2000008a   Data           2  motor.o(.data)
    i2_flag                                  0x2000008c   Data           2  motor.o(.data)
    i3_flag                                  0x2000008e   Data           2  motor.o(.data)
    i4_flag                                  0x20000090   Data           2  motor.o(.data)
    row_flag                                 0x20000092   Data           1  motor.o(.data)
    lock_flag                                0x20000094   Data           2  motor.o(.data)
    Add_flag                                 0x20000098   Data           1  pid.o(.data)
    X_flag                                   0x20000099   Data           1  pid.o(.data)
    Bit                                      0x2000009c   Data           4  pid.o(.data)
    Y_flag                                   0x200000a0   Data           1  pid.o(.data)
    Pit                                      0x200000a4   Data           4  pid.o(.data)
    te1                                      0x200000a8   Data           4  gas.o(.data)
    te2                                      0x200000ac   Data           4  gas.o(.data)
    te3                                      0x200000b0   Data           4  gas.o(.data)
    te4                                      0x200000b4   Data           4  gas.o(.data)
    gas_flag                                 0x200000b8   Data           1  gas.o(.data)
    mov_flag                                 0x200000b9   Data           1  gas.o(.data)
    Mes_flag                                 0x200000ba   Data           1  gas.o(.data)
    end_flag                                 0x200000bb   Data           1  gas.o(.data)
    res_flag                                 0x200000bc   Data           1  gas.o(.data)
    mos_flag                                 0x200000bd   Data           1  gas.o(.data)
    SystemCoreClock                          0x200000d0   Data           4  system_stm32f4xx.o(.data)
    AHBPrescTable                            0x200000d4   Data          16  system_stm32f4xx.o(.data)
    UART4temp                                0x200000e8   Data           1  dbus.o(.data)
    Access_buffer                            0x200000e9   Data           1  dbus.o(.data)
    USART3temp                               0x200000ec   Data           1  usart3.o(.data)
    USART6temp                               0x200000f0   Data           1  usart6.o(.data)
    laster_range                             0x200000f4   Data           4  usart6.o(.data)
    pxCurrentTCB                             0x200000f8   Data           4  tasks.o(.data)
    AjustOK                                  0x2000016c   Data           1  vl53l0x.o(.data)
    Mode_data                                0x2000016d   Data          56  vl53l0x.o(.data)
    VL53L0X_Handler                          0x200001a8   Data           4  vl53l0x.o(.data)
    DefaultTuningSettings                    0x200001ac   Data         243  vl53l0x_api.o(.data)
    InterruptThresholdSettings               0x2000029f   Data         438  vl53l0x_api.o(.data)
    refArrayQuadrants                        0x20000458   Data          16  vl53l0x_api_calibration.o(.data)
    vl5310x                                  0x20000468   Data           8  vl53l0x_gen.o(.data)
    AlarmModes                               0x20000470   Data          12  vl53l0x_it.o(.data)
    alarm_flag                               0x2000047c   Data           1  vl53l0x_it.o(.data)
    AjustOK_2                                0x20000480   Data           1  vl53l0x_2.o(.data)
    Mode_data_2                              0x20000481   Data          56  vl53l0x_2.o(.data)
    Vl53l0X_2_Handler                        0x200004bc   Data           4  vl53l0x_2.o(.data)
    DefaultTuningSettings_2                  0x200004c0   Data         243  vl53l0x_api_2.o(.data)
    InterruptThresholdSettings_2             0x200005b3   Data         438  vl53l0x_api_2.o(.data)
    refArrayQuadrants_2                      0x2000076c   Data          16  vl53l0x_api_calibration_2.o(.data)
    vl5310x_2                                0x2000077c   Data           4  vl53l0x_gen_2.o(.data)
    __stdout                                 0x20000780   Data           4  stdout.o(.data)
    Mes                                      0x20000788   Data          16  can_task.o(.bss)
    Message                                  0x20000798   Data          16  can_task.o(.bss)
    motor_chassis                            0x200007a8   Data         648  chassis.o(.bss)
    gyro_yaw                                 0x20000a30   Data          28  gimbal.o(.bss)
    gimbal_yaw_speed                         0x20000a4c   Data          96  gimbal.o(.bss)
    gimbal_yaw_angle                         0x20000aac   Data          96  gimbal.o(.bss)
    motor_yaw_angle                          0x20000b0c   Data          96  gimbal.o(.bss)
    gimbal_pitch_speed                       0x20000b6c   Data          96  gimbal.o(.bss)
    gimbal_pitch_angle                       0x20000bcc   Data          96  gimbal.o(.bss)
    Motor_x                                  0x20000c2c   Data         160  motor.o(.bss)
    Motor_y                                  0x20000ccc   Data         160  motor.o(.bss)
    dbus_buf0                                0x20000d6c   Data          18  dbus.o(.bss)
    dbus_buf1                                0x20000d7e   Data          18  dbus.o(.bss)
    DBBUSS                                   0x20000d90   Data          16  dbus.o(.bss)
    rc_ctrl                                  0x20000da0   Data          22  dbus.o(.bss)
    RX_BUF                                   0x20000db8   Data          22  usart3.o(.bss)
    RX_BUF_1                                 0x20000dd0   Data          48  usart3.o(.bss)
    laster_date                              0x20000e00   Data          19  usart6.o(.bss)
    Rx_message                               0x20000e14   Data          20  can1.o(.bss)
    Tx_message                               0x20000e28   Data          20  can1.o(.bss)
    Rx2_message                              0x20000e3c   Data          20  can2.o(.bss)
    Tx2_message                              0x20000e50   Data          20  can2.o(.bss)
    xQueueRegistry                           0x20000e64   Data          64  queue.o(.bss)
    vl53l0x_dev                              0x200061b0   Data         352  vl53l0x.o(.bss)
    vl53l0x_dev_info                         0x20006310   Data          99  vl53l0x.o(.bss)
    Vl53l0x_adjust                           0x20006373   Data          24  vl53l0x_cali.o(.bss)
    Vl53l0x_data                             0x2000638b   Data          24  vl53l0x_cali.o(.bss)
    vl53l0x_data                             0x200063a4   Data          28  vl53l0x_gen.o(.bss)
    vl53l0x_dev_2                            0x200063e0   Data         352  vl53l0x_2.o(.bss)
    vl53l0x_dev_2_info                       0x20006540   Data          99  vl53l0x_2.o(.bss)
    Vl53l0x_adjust_2                         0x200065a3   Data          24  vl53l0x_cali_2.o(.bss)
    Vl53l0x_data_2                           0x200065bb   Data          24  vl53l0x_cali_2.o(.bss)
    vl53l0x_data_2                           0x200065d4   Data          28  vl53l0x_gen_2.o(.bss)
    __initial_sp                             0x20006a10   Data           0  startup_stm32f4xx.o(STACK)



==============================================================================

Memory Map of the image

  Image Entry point : 0x08000189

  Load Region LR_IROM1 (Base: 0x08000000, Size: 0x00017688, Max: 0x00100000, ABSOLUTE, COMPRESSED[0x000171e8])

    Execution Region ER_IROM1 (Base: 0x08000000, Size: 0x00016f00, Max: 0x00100000, ABSOLUTE)

    Base Addr    Size         Type   Attr      Idx    E Section Name        Object

    0x08000000   0x00000188   Data   RO          923    RESET               startup_stm32f4xx.o
    0x08000188   0x00000000   Code   RO         2507  * .ARM.Collect$$$$00000000  mc_w.l(entry.o)
    0x08000188   0x00000004   Code   RO         2848    .ARM.Collect$$$$00000001  mc_w.l(entry2.o)
    0x0800018c   0x00000004   Code   RO         2851    .ARM.Collect$$$$00000004  mc_w.l(entry5.o)
    0x08000190   0x00000000   Code   RO         2853    .ARM.Collect$$$$00000008  mc_w.l(entry7b.o)
    0x08000190   0x00000000   Code   RO         2855    .ARM.Collect$$$$0000000A  mc_w.l(entry8b.o)
    0x08000190   0x00000008   Code   RO         2856    .ARM.Collect$$$$0000000B  mc_w.l(entry9a.o)
    0x08000198   0x00000000   Code   RO         2858    .ARM.Collect$$$$0000000D  mc_w.l(entry10a.o)
    0x08000198   0x00000000   Code   RO         2860    .ARM.Collect$$$$0000000F  mc_w.l(entry11a.o)
    0x08000198   0x00000004   Code   RO         2849    .ARM.Collect$$$$00002712  mc_w.l(entry2.o)
    0x0800019c   0x000000be   Code   RO         1766    .emb_text           port.o
    0x0800025a   0x00000002   PAD
    0x0800025c   0x00000064   Code   RO            4    .text               main.o
    0x080002c0   0x00000328   Code   RO          218    .text               start.o
    0x080005e8   0x00000760   Code   RO          272    .text               can_task.o
    0x08000d48   0x00001b78   Code   RO          304    .text               chassis.o
    0x080028c0   0x00000148   Code   RO          339    .text               gimbal.o
    0x08002a08   0x00000c72   Code   RO          401    .text               pid.o
    0x0800367a   0x00000002   PAD
    0x0800367c   0x000001f4   Code   RO          436    .text               gas.o
    0x08003870   0x00000148   Code   RO          551    .text               vl53l0x_task.o
    0x080039b8   0x000000e0   Code   RO          598    .text               misc.o
    0x08003a98   0x00000014   Code   RO          622    .text               stm32f4xx_it.o
    0x08003aac   0x00000ca2   Code   RO          676    .text               stm32f4xx_tim.o
    0x0800474e   0x00000002   PAD
    0x08004750   0x00000588   Code   RO          724    .text               stm32f4xx_rcc.o
    0x08004cd8   0x000009f0   Code   RO          750    .text               stm32f4xx_can.o
    0x080056c8   0x0000011c   Code   RO          774    .text               stm32f4xx_exti.o
    0x080057e4   0x0000025c   Code   RO          798    .text               stm32f4xx_gpio.o
    0x08005a40   0x000003a8   Code   RO          822    .text               stm32f4xx_dma.o
    0x08005de8   0x0000041a   Code   RO          846    .text               stm32f4xx_usart.o
    0x08006202   0x00000002   PAD
    0x08006204   0x0000008c   Code   RO          870    .text               stm32f4xx_syscfg.o
    0x08006290   0x00000210   Code   RO          894    .text               system_stm32f4xx.o
    0x080064a0   0x00000024   Code   RO          924    .text               startup_stm32f4xx.o
    0x080064c4   0x000000ec   Code   RO          982    .text               delay.o
    0x080065b0   0x000000b8   Code   RO         1008    .text               nvic.o
    0x08006668   0x00000278   Code   RO         1032    .text               dbus.o
    0x080068e0   0x000000ec   Code   RO         1122    .text               led.o
    0x080069cc   0x000000c4   Code   RO         1146    .text               usart1.o
    0x08006a90   0x0000026c   Code   RO         1174    .text               usart3.o
    0x08006cfc   0x00000104   Code   RO         1206    .text               uart4.o
    0x08006e00   0x00000294   Code   RO         1231    .text               usart6.o
    0x08007094   0x00000050   Code   RO         1286    .text               tim2.o
    0x080070e4   0x00000110   Code   RO         1313    .text               can1.o
    0x080071f4   0x0000011c   Code   RO         1343    .text               can2.o
    0x08007310   0x00000094   Code   RO         1563    .text               list.o
    0x080073a4   0x00000fd0   Code   RO         1590    .text               queue.o
    0x08008374   0x00001aa0   Code   RO         1666    .text               tasks.o
    0x08009e14   0x0000064c   Code   RO         1709    .text               timers.o
    0x0800a460   0x000002a0   Code   RO         1739    .text               heap_4.o
    0x0800a700   0x0000033c   Code   RO         1767    .text               port.o
    0x0800aa3c   0x0000030c   Code   RO         1832    .text               vl53l0x.o
    0x0800ad48   0x000019ba   Code   RO         1863    .text               vl53l0x_api.o
    0x0800c702   0x00000002   PAD
    0x0800c704   0x00000bde   Code   RO         1906    .text               vl53l0x_api_calibration.o
    0x0800d2e2   0x00000002   PAD
    0x0800d2e4   0x000016e4   Code   RO         1933    .text               vl53l0x_api_core.o
    0x0800e9c8   0x00000944   Code   RO         1975    .text               vl53l0x_api_strings.o
    0x0800f30c   0x00000228   Code   RO         2030    .text               vl53l0x_gen.o
    0x0800f534   0x00000526   Code   RO         2061    .text               vl53l0x_i2c.o
    0x0800fa5a   0x00000002   PAD
    0x0800fa5c   0x00000318   Code   RO         2085    .text               vl53l0x_it.o
    0x0800fd74   0x000001e6   Code   RO         2112    .text               vl53l0x_platform.o
    0x0800ff5a   0x00000002   PAD
    0x0800ff5c   0x00000334   Code   RO         2136    .text               vl53l0x_2.o
    0x08010290   0x000019ae   Code   RO         2170    .text               vl53l0x_api_2.o
    0x08011c3e   0x00000002   PAD
    0x08011c40   0x00000bde   Code   RO         2212    .text               vl53l0x_api_calibration_2.o
    0x0801281e   0x00000002   PAD
    0x08012820   0x000016c4   Code   RO         2239    .text               vl53l0x_api_core_2.o
    0x08013ee4   0x00000944   Code   RO         2281    .text               vl53l0x_api_strings_2.o
    0x08014828   0x0000026c   Code   RO         2336    .text               vl53l0x_gen_2.o
    0x08014a94   0x0000052a   Code   RO         2367    .text               vl53l0x_i2c_2.o
    0x08014fbe   0x000001e6   Code   RO         2418    .text               vl53l0x_platform_2.o
    0x080151a4   0x00000024   Code   RO         2510    .text               mc_w.l(memcpya.o)
    0x080151c8   0x00000024   Code   RO         2514    .text               mc_w.l(memseta.o)
    0x080151ec   0x0000000e   Code   RO         2516    .text               mc_w.l(strlen.o)
    0x080151fa   0x00000012   Code   RO         2518    .text               mc_w.l(strcpy.o)
    0x0801520c   0x0000014e   Code   RO         2783    .text               mf_w.l(dadd.o)
    0x0801535a   0x000000e4   Code   RO         2785    .text               mf_w.l(dmul.o)
    0x0801543e   0x000000de   Code   RO         2787    .text               mf_w.l(ddiv.o)
    0x0801551c   0x00000022   Code   RO         2791    .text               mf_w.l(dflti.o)
    0x0801553e   0x0000001a   Code   RO         2793    .text               mf_w.l(dfltui.o)
    0x08015558   0x00000026   Code   RO         2795    .text               mf_w.l(f2d.o)
    0x0801557e   0x00000002   PAD
    0x08015580   0x00000030   Code   RO         2797    .text               mf_w.l(cdcmple.o)
    0x080155b0   0x00000038   Code   RO         2799    .text               mf_w.l(d2f.o)
    0x080155e8   0x0000002c   Code   RO         2863    .text               mc_w.l(uidiv.o)
    0x08015614   0x00000062   Code   RO         2865    .text               mc_w.l(uldiv.o)
    0x08015676   0x0000001e   Code   RO         2867    .text               mc_w.l(llshl.o)
    0x08015694   0x00000024   Code   RO         2869    .text               mc_w.l(llsshr.o)
    0x080156b8   0x00000000   Code   RO         2878    .text               mc_w.l(iusefp.o)
    0x080156b8   0x0000006e   Code   RO         2879    .text               mf_w.l(fepilogue.o)
    0x08015726   0x000000ba   Code   RO         2881    .text               mf_w.l(depilogue.o)
    0x080157e0   0x000000a2   Code   RO         2883    .text               mf_w.l(dsqrt.o)
    0x08015882   0x00000030   Code   RO         2885    .text               mf_w.l(dfixul.o)
    0x080158b2   0x00000002   PAD
    0x080158b4   0x00000030   Code   RO         2887    .text               mf_w.l(cdrcmple.o)
    0x080158e4   0x00000024   Code   RO         2889    .text               mc_w.l(init.o)
    0x08015908   0x00000020   Code   RO         2891    .text               mc_w.l(llushr.o)
    0x08015928   0x0000003e   Code   RO         2893    .text               mf_w.l(dfixi.o)
    0x08015966   0x0000005e   Code   RO         2903    .text               mc_w.l(__dclz77c.o)
    0x080159c4   0x00000020   Code   RO         2755    i.__0printf         mc_w.l(printfa.o)
    0x080159e4   0x00000028   Code   RO         2757    i.__0sprintf        mc_w.l(printfa.o)
    0x08015a0c   0x00000030   Code   RO         2832    i.__ARM_fpclassify  m_wm.l(fpclassify.o)
    0x08015a3c   0x00000004   PAD
    0x08015a40   0x000000c8   Code   RO         2465    i.__hardfp_cos      m_wm.l(cos.o)
    0x08015b08   0x00000014   Code   RO         2477    i.__hardfp_fabs     m_wm.l(fabs.o)
    0x08015b1c   0x00000004   PAD
    0x08015b20   0x000000c8   Code   RO         2483    i.__hardfp_sin      m_wm.l(sin.o)
    0x08015be8   0x0000007a   Code   RO         2495    i.__hardfp_sqrt     m_wm.l(sqrt.o)
    0x08015c62   0x00000006   PAD
    0x08015c68   0x00000438   Code   RO         2837    i.__ieee754_rem_pio2  m_wm.l(rred.o)
    0x080160a0   0x00000170   Code   RO         2815    i.__kernel_cos      m_wm.l(cos_i.o)
    0x08016210   0x000000f8   Code   RO         2834    i.__kernel_poly     m_wm.l(poly.o)
    0x08016308   0x00000130   Code   RO         2842    i.__kernel_sin      m_wm.l(sin_i.o)
    0x08016438   0x00000014   Code   RO         2819    i.__mathlib_dbl_infnan  m_wm.l(dunder.o)
    0x0801644c   0x00000004   PAD
    0x08016450   0x00000020   Code   RO         2821    i.__mathlib_dbl_invalid  m_wm.l(dunder.o)
    0x08016470   0x00000020   Code   RO         2824    i.__mathlib_dbl_underflow  m_wm.l(dunder.o)
    0x08016490   0x0000000e   Code   RO         2897    i.__scatterload_copy  mc_w.l(handlers.o)
    0x0801649e   0x00000002   Code   RO         2898    i.__scatterload_null  mc_w.l(handlers.o)
    0x080164a0   0x0000000e   Code   RO         2899    i.__scatterload_zeroinit  mc_w.l(handlers.o)
    0x080164ae   0x00000002   PAD
    0x080164b0   0x0000000c   Code   RO         2873    i.__set_errno       mc_w.l(errno.o)
    0x080164bc   0x00000164   Code   RO         2762    i._fp_digits        mc_w.l(printfa.o)
    0x08016620   0x000006dc   Code   RO         2763    i._printf_core      mc_w.l(printfa.o)
    0x08016cfc   0x00000024   Code   RO         2764    i._printf_post_padding  mc_w.l(printfa.o)
    0x08016d20   0x0000002e   Code   RO         2765    i._printf_pre_padding  mc_w.l(printfa.o)
    0x08016d4e   0x0000000a   Code   RO         2767    i._sputc            mc_w.l(printfa.o)
    0x08016d58   0x00000018   Code   RO         2479    i.fabs              m_wm.l(fabs.o)
    0x08016d70   0x00000030   Data   RO         2816    .constdata          m_wm.l(cos_i.o)
    0x08016da0   0x000000c8   Data   RO         2839    .constdata          m_wm.l(rred.o)
    0x08016e68   0x00000028   Data   RO         2843    .constdata          m_wm.l(sin_i.o)
    0x08016e90   0x0000004f   Data   RO            5    .conststring        main.o
    0x08016edf   0x00000001   PAD
    0x08016ee0   0x00000020   Data   RO         2895    Region$$Table       anon$$obj.o


    Execution Region RW_IRAM1 (Base: 0x20000000, Size: 0x00006a10, Max: 0x00020000, ABSOLUTE, COMPRESSED[0x000002e8])

    Base Addr    Size         Type   Attr      Idx    E Section Name        Object

    0x20000000   0x00000034   Data   RW          220    .data               start.o
    0x20000034   0x00000008   Data   RW          274    .data               can_task.o
    0x2000003c   0x00000044   Data   RW          306    .data               chassis.o
    0x20000080   0x00000016   Data   RW          372    .data               motor.o
    0x20000096   0x00000002   PAD
    0x20000098   0x00000010   Data   RW          403    .data               pid.o
    0x200000a8   0x00000016   Data   RW          437    .data               gas.o
    0x200000be   0x00000010   Data   RW          725    .data               stm32f4xx_rcc.o
    0x200000ce   0x00000002   PAD
    0x200000d0   0x00000014   Data   RW          895    .data               system_stm32f4xx.o
    0x200000e4   0x00000004   Data   RW          983    .data               delay.o
    0x200000e8   0x00000004   Data   RW         1034    .data               dbus.o
    0x200000ec   0x00000001   Data   RW         1176    .data               usart3.o
    0x200000ed   0x00000003   PAD
    0x200000f0   0x00000008   Data   RW         1233    .data               usart6.o
    0x200000f8   0x0000003c   Data   RW         1668    .data               tasks.o
    0x20000134   0x00000014   Data   RW         1711    .data               timers.o
    0x20000148   0x00000018   Data   RW         1741    .data               heap_4.o
    0x20000160   0x0000000c   Data   RW         1768    .data               port.o
    0x2000016c   0x00000040   Data   RW         1834    .data               vl53l0x.o
    0x200001ac   0x000002a9   Data   RW         1864    .data               vl53l0x_api.o
    0x20000455   0x00000003   PAD
    0x20000458   0x00000010   Data   RW         1907    .data               vl53l0x_api_calibration.o
    0x20000468   0x00000008   Data   RW         2032    .data               vl53l0x_gen.o
    0x20000470   0x0000000d   Data   RW         2086    .data               vl53l0x_it.o
    0x2000047d   0x00000003   PAD
    0x20000480   0x00000040   Data   RW         2138    .data               vl53l0x_2.o
    0x200004c0   0x000002a9   Data   RW         2171    .data               vl53l0x_api_2.o
    0x20000769   0x00000003   PAD
    0x2000076c   0x00000010   Data   RW         2213    .data               vl53l0x_api_calibration_2.o
    0x2000077c   0x00000004   Data   RW         2338    .data               vl53l0x_gen_2.o
    0x20000780   0x00000004   Data   RW         2862    .data               mc_w.l(stdout.o)
    0x20000784   0x00000004   Data   RW         2874    .data               mc_w.l(errno.o)
    0x20000788   0x00000020   Zero   RW          273    .bss                can_task.o
    0x200007a8   0x00000288   Zero   RW          305    .bss                chassis.o
    0x20000a30   0x000001fc   Zero   RW          340    .bss                gimbal.o
    0x20000c2c   0x00000140   Zero   RW          371    .bss                motor.o
    0x20000d6c   0x0000004a   Zero   RW         1033    .bss                dbus.o
    0x20000db6   0x00000002   PAD
    0x20000db8   0x00000048   Zero   RW         1175    .bss                usart3.o
    0x20000e00   0x00000013   Zero   RW         1232    .bss                usart6.o
    0x20000e13   0x00000001   PAD
    0x20000e14   0x00000028   Zero   RW         1314    .bss                can1.o
    0x20000e3c   0x00000028   Zero   RW         1344    .bss                can2.o
    0x20000e64   0x00000040   Zero   RW         1591    .bss                queue.o
    0x20000ea4   0x000002e4   Zero   RW         1667    .bss                tasks.o
    0x20001188   0x00000028   Zero   RW         1710    .bss                timers.o
    0x200011b0   0x00005000   Zero   RW         1740    .bss                heap_4.o
    0x200061b0   0x000001c3   Zero   RW         1833    .bss                vl53l0x.o
    0x20006373   0x00000030   Zero   RW         2000    .bss                vl53l0x_cali.o
    0x200063a3   0x00000001   PAD
    0x200063a4   0x0000003c   Zero   RW         2031    .bss                vl53l0x_gen.o
    0x200063e0   0x000001c3   Zero   RW         2137    .bss                vl53l0x_2.o
    0x200065a3   0x00000030   Zero   RW         2306    .bss                vl53l0x_cali_2.o
    0x200065d3   0x00000001   PAD
    0x200065d4   0x0000003c   Zero   RW         2337    .bss                vl53l0x_gen_2.o
    0x20006610   0x00000400   Zero   RW          921    STACK               startup_stm32f4xx.o


==============================================================================

Image component sizes


      Code (inc. data)   RO Data    RW Data    ZI Data      Debug   Object Name

       272         16          0          0         40       1097   can1.o
       284         18          0          0         40       1139   can2.o
      1888         42          0          8         32       5691   can_task.o
      7032        340          0         68        648       6711   chassis.o
       632         34          0          4         74       4102   dbus.o
       236          8          0          4          0       1677   delay.o
         0          0          0          0          0       9404   event_groups.o
       500         48          0         22          0      33683   gas.o
       328         62          0          0        508       2688   gimbal.o
       672         82          0         24      20480       3428   heap_4.o
       236         18          0          0          0        640   led.o
       148          0          0          0          0       1982   list.o
       100         14         79          0          0     294934   main.o
       224         20          0          0          0       1849   misc.o
         0          0          0         22        320       1651   motor.o
       184          0          0          0          0        611   nvic.o
      3186         56          0         16          0       6760   pid.o
      1018        112          0         12          0       8347   port.o
      4048         56          0          0         64      20902   queue.o
       808        486          0         52          0      13260   start.o
        36          8        392          0       1024        836   startup_stm32f4xx.o
      2544         38          0          0          0       8176   stm32f4xx_can.o
       936         32          0          0          0       6421   stm32f4xx_dma.o
       284         10          0          0          0       2351   stm32f4xx_exti.o
       604         36          0          0          0       4161   stm32f4xx_gpio.o
        20          0          0          0          0        979   stm32f4xx_it.o
      1416         48          0         16          0      11091   stm32f4xx_rcc.o
       140         12          0          0          0       1695   stm32f4xx_syscfg.o
      3234         60          0          0          0      23044   stm32f4xx_tim.o
      1050         26          0          0          0       7888   stm32f4xx_usart.o
       528         46          0         20          0       1895   system_stm32f4xx.o
      6816        414          0         60        740      34408   tasks.o
        80          0          0          0          0        653   tim2.o
      1612        110          0         20         40      11879   timers.o
       260         26          0          0          0        722   uart4.o
       196          8          0          0          0       1057   usart1.o
       620         44          0          1         72       2004   usart3.o
       660         36          0          8         19       2684   usart6.o
       780        346          0         64        451       3400   vl53l0x.o
       820        348          0         64        451       3516   vl53l0x_2.o
      6586         70          0        681          0      39477   vl53l0x_api.o
      6574         72          0        681          0      40007   vl53l0x_api_2.o
      3038         12          0         16          0      14916   vl53l0x_api_calibration.o
      3038         12          0         16          0      15080   vl53l0x_api_calibration_2.o
      5860         16          0          0          0      20896   vl53l0x_api_core.o
      5828         16          0          0          0      20986   vl53l0x_api_core_2.o
      2372       1266          0          0          0       4557   vl53l0x_api_strings.o
      2372       1266          0          0          0       4625   vl53l0x_api_strings_2.o
         0          0          0          0         48        830   vl53l0x_cali.o
         0          0          0          0         48        858   vl53l0x_cali_2.o
       552         24          0          8         60       2863   vl53l0x_gen.o
       620         40          0          4         60       2963   vl53l0x_gen_2.o
      1318         14          0          0          0       6883   vl53l0x_i2c.o
      1322         14          0          0          0       6983   vl53l0x_i2c_2.o
       792         50          0         13          0       2460   vl53l0x_it.o
       486          0          0          0          0       4715   vl53l0x_platform.o
       486          0          0          0          0       4779   vl53l0x_platform_2.o
       328         60          0          0          0       1707   vl53l0x_task.o

    ----------------------------------------------------------------------
     86024       5992        504       1920      25224     745001   Object Totals
         0          0         32          0          0          0   (incl. Generated)
        20          0          1         16          5          0   (incl. Padding)

    ----------------------------------------------------------------------

      Code (inc. data)   RO Data    RW Data    ZI Data      Debug   Library Member Name

       200         20          0          0          0        164   cos.o
       368         46         48          0          0        200   cos_i.o
        84         16          0          0          0        372   dunder.o
        44          0          0          0          0        248   fabs.o
        48          0          0          0          0        124   fpclassify.o
       248          0          0          0          0        152   poly.o
      1080        142        200          0          0        188   rred.o
       200         20          0          0          0        164   sin.o
       304         24         40          0          0        208   sin_i.o
       122          0          0          0          0        148   sqrt.o
        94          0          0          0          0          0   __dclz77c.o
         0          0          0          0          0          0   entry.o
         0          0          0          0          0          0   entry10a.o
         0          0          0          0          0          0   entry11a.o
         8          4          0          0          0          0   entry2.o
         4          0          0          0          0          0   entry5.o
         0          0          0          0          0          0   entry7b.o
         0          0          0          0          0          0   entry8b.o
         8          4          0          0          0          0   entry9a.o
        12          6          0          4          0         68   errno.o
        30          0          0          0          0          0   handlers.o
        36          8          0          0          0         68   init.o
         0          0          0          0          0          0   iusefp.o
        30          0          0          0          0         68   llshl.o
        36          0          0          0          0         68   llsshr.o
        32          0          0          0          0         68   llushr.o
        36          0          0          0          0         68   memcpya.o
        36          0          0          0          0        108   memseta.o
      2276         96          0          0          0        596   printfa.o
         0          0          0          4          0          0   stdout.o
        18          0          0          0          0         68   strcpy.o
        14          0          0          0          0         68   strlen.o
        44          0          0          0          0         80   uidiv.o
        98          0          0          0          0         92   uldiv.o
        48          0          0          0          0         68   cdcmple.o
        48          0          0          0          0         68   cdrcmple.o
        56          0          0          0          0         88   d2f.o
       334          0          0          0          0        148   dadd.o
       222          0          0          0          0        100   ddiv.o
       186          0          0          0          0        176   depilogue.o
        62          0          0          0          0         80   dfixi.o
        48          0          0          0          0         68   dfixul.o
        34          0          0          0          0         76   dflti.o
        26          0          0          0          0         76   dfltui.o
       228          0          0          0          0         96   dmul.o
       162          0          0          0          0        100   dsqrt.o
        38          0          0          0          0         68   f2d.o
       110          0          0          0          0        168   fepilogue.o

    ----------------------------------------------------------------------
      7136        386        288          8          0       4768   Library Totals
        24          0          0          0          0          0   (incl. Padding)

    ----------------------------------------------------------------------

      Code (inc. data)   RO Data    RW Data    ZI Data      Debug   Library Name

      2698        268        288          0          0       1968   m_wm.l
      2812        118          0          8          0       1420   mc_w.l
      1602          0          0          0          0       1380   mf_w.l

    ----------------------------------------------------------------------
      7136        386        288          8          0       4768   Library Totals

    ----------------------------------------------------------------------

==============================================================================


      Code (inc. data)   RO Data    RW Data    ZI Data      Debug   

     93160       6378        792       1928      25224     737345   Grand Totals
     93160       6378        792        744      25224     737345   ELF Image Totals (compressed)
     93160       6378        792        744          0          0   ROM Totals

==============================================================================

    Total RO  Size (Code + RO Data)                93952 (  91.75kB)
    Total RW  Size (RW Data + ZI Data)             27152 (  26.52kB)
    Total ROM Size (Code + RO Data + RW Data)      94696 (  92.48kB)

==============================================================================

