Component: ARM Compiler 5.06 update 2 (build 183) Tool: armlink [4d35b7]

==============================================================================

Section Cross References

    main.o(.text) refers to misc.o(.text) for NVIC_PriorityGroupConfig
    main.o(.text) refers to delay.o(.text) for delay_init
    main.o(.text) refers to usart1.o(.text) for USART1_Configuration
    main.o(.text) refers to led.o(.text) for Led_Configuration
    main.o(.text) refers to can1.o(.text) for CAN1_Configuration
    main.o(.text) refers to can2.o(.text) for CAN2_Configuration
    main.o(.text) refers to usart3.o(.text) for USART3_Configuration
    main.o(.text) refers to uart4.o(.text) for UART4_Configuration
    main.o(.text) refers to usart6.o(.text) for USART6_Configuration
    main.o(.text) refers to chassis.o(.text) for Chassis_Motor_Init
    main.o(.text) refers to gimbal.o(.text) for Gimbal_Motor_Init
    main.o(.text) refers to nvic.o(.text) for Nvic
    main.o(.text) refers to printfa.o(i.__0printf) for __2printf
    main.o(.text) refers to start.o(.text) for startTast
    main.o(.text) refers to tasks.o(.text) for vTaskStartScheduler
    main.o(.text) refers to gimbal.o(.bss) for gyro_yaw
    main.o(.text) refers to chassis.o(.bss) for motor_chassis
    main.o(.text) refers to main.o(.conststring) for .conststring
    start.o(.text) refers to port.o(.text) for vPortEnterCritical
    start.o(.text) refers to tasks.o(.text) for xTaskCreate
    start.o(.text) refers to queue.o(.text) for xQueueGenericCreate
    start.o(.text) refers to printfa.o(i.__0printf) for __2printf
    start.o(.text) refers to delay.o(.text) for delay_xms
    start.o(.text) refers to start.o(.data) for Gas_Task_Handler
    start.o(.text) refers to gas.o(.text) for Gas_task
    start.o(.text) refers to motor.o(.text) for Motor_task
    start.o(.text) refers to chassis.o(.text) for Chassis_task
    can_task.o(.text) refers to stm32f4xx_can.o(.text) for CAN_Transmit
    can_task.o(.text) refers to gimbal.o(.text) for get_gyro_measuer
    can_task.o(.text) refers to motor.o(.bss) for Motor_x
    can_task.o(.text) refers to can1.o(.bss) for Rx_message
    can_task.o(.text) refers to gimbal.o(.bss) for gyro_yaw
    can_task.o(.text) refers to can2.o(.bss) for Rx2_message
    can_task.o(.text) refers to can_task.o(.bss) for Message
    chassis.o(.text) refers to pid.o(.text) for speed_accelerate
    chassis.o(.text) refers to can_task.o(.text) for Motor_201_204_Can1TX
    chassis.o(.text) refers to tasks.o(.text) for xTaskGetTickCount
    chassis.o(.text) refers to chassis.o(.bss) for motor_chassis
    chassis.o(.text) refers to motor.o(.bss) for Motor_x
    chassis.o(.text) refers to can_task.o(.data) for ele1_flag
    chassis.o(.text) refers to dbus.o(.bss) for rc_ctrl
    chassis.o(.text) refers to chassis.o(.data) for speed_y
    chassis.o(.text) refers to dflti.o(.text) for __aeabi_i2d
    chassis.o(.text) refers to dfltui.o(.text) for __aeabi_ui2d
    chassis.o(.text) refers to dmul.o(.text) for __aeabi_dmul
    chassis.o(.text) refers to ddiv.o(.text) for __aeabi_ddiv
    chassis.o(.text) refers to sin.o(i.__hardfp_sin) for __hardfp_sin
    chassis.o(.text) refers to d2f.o(.text) for __aeabi_d2f
    chassis.o(.text) refers to cos.o(i.__hardfp_cos) for __hardfp_cos
    chassis.o(.text) refers to f2d.o(.text) for __aeabi_f2d
    chassis.o(.text) refers to sqrt.o(i.__hardfp_sqrt) for __hardfp_sqrt
    chassis.o(.text) refers to dadd.o(.text) for __aeabi_dsub
    gimbal.o(.text) refers to pid.o(.text) for pid_MInit
    gimbal.o(.text) refers to dflti.o(.text) for __aeabi_i2d
    gimbal.o(.text) refers to dmul.o(.text) for __aeabi_dmul
    gimbal.o(.text) refers to d2f.o(.text) for __aeabi_d2f
    gimbal.o(.text) refers to gimbal.o(.bss) for gimbal_yaw_angle
    motor.o(.text) refers to pid.o(.text) for pid_incomplete
    motor.o(.text) refers to can_task.o(.text) for Motor_201_204_Can2TX
    motor.o(.text) refers to motor.o(.data) for fir_flag
    motor.o(.text) refers to pid.o(.bss) for x_p_pid
    motor.o(.text) refers to motor.o(.bss) for Motor_y
    motor.o(.text) refers to gas.o(.data) for gas_flag
    motor.o(.text) refers to tasks.o(.text) for xTaskGetTickCount
    motor.o(.text) refers to dbus.o(.bss) for rc_ctrl
    motor.o(.text) refers to can_task.o(.data) for ele2_flag
    pid.o(.text) refers to f2d.o(.text) for __aeabi_f2d
    pid.o(.text) refers to fabs.o(i.__hardfp_fabs) for __hardfp_fabs
    pid.o(.text) refers to cdcmple.o(.text) for __aeabi_cdcmple
    pid.o(.text) refers to dadd.o(.text) for __aeabi_dsub
    pid.o(.text) refers to ddiv.o(.text) for __aeabi_ddiv
    pid.o(.text) refers to d2f.o(.text) for __aeabi_d2f
    pid.o(.text) refers to can_task.o(.data) for ele1_flag
    pid.o(.text) refers to pid.o(.data) for X_flag
    pid.o(.text) refers to memseta.o(.text) for __aeabi_memclr4
    gas.o(.text) refers to tasks.o(.text) for xTaskGetTickCount
    gas.o(.text) refers to stm32f4xx_gpio.o(.text) for GPIO_SetBits
[...]
    RCC_AHB3PeriphClockCmd                   0x08005201   Thumb Code    34  stm32f4xx_rcc.o(.text)
    RCC_APB1PeriphClockCmd                   0x08005223   Thumb Code    34  stm32f4xx_rcc.o(.text)
    RCC_APB2PeriphClockCmd                   0x08005245   Thumb Code    34  stm32f4xx_rcc.o(.text)
    RCC_AHB1PeriphResetCmd                   0x08005267   Thumb Code    34  stm32f4xx_rcc.o(.text)
    RCC_AHB2PeriphResetCmd                   0x08005289   Thumb Code    72  stm32f4xx_rcc.o(.text)
    RCC_AHB3PeriphResetCmd                   0x080052d1   Thumb Code    34  stm32f4xx_rcc.o(.text)
    RCC_APB1PeriphResetCmd                   0x080052f3   Thumb Code    34  stm32f4xx_rcc.o(.text)
    RCC_APB2PeriphResetCmd                   0x08005315   Thumb Code    34  stm32f4xx_rcc.o(.text)
    RCC_AHB1PeriphClockLPModeCmd             0x08005337   Thumb Code    34  stm32f4xx_rcc.o(.text)
    RCC_AHB2PeriphClockLPModeCmd             0x08005359   Thumb Code    34  stm32f4xx_rcc.o(.text)
    RCC_AHB3PeriphClockLPModeCmd             0x0800537b   Thumb Code    34  stm32f4xx_rcc.o(.text)
    RCC_APB1PeriphClockLPModeCmd             0x0800539d   Thumb Code    34  stm32f4xx_rcc.o(.text)
    RCC_APB2PeriphClockLPModeCmd             0x080053bf   Thumb Code    34  stm32f4xx_rcc.o(.text)
    RCC_ITConfig                             0x080053e1   Thumb Code    34  stm32f4xx_rcc.o(.text)
    RCC_ClearFlag                            0x08005403   Thumb Code    18  stm32f4xx_rcc.o(.text)
    RCC_GetITStatus                          0x08005415   Thumb Code    22  stm32f4xx_rcc.o(.text)
    RCC_ClearITPendingBit                    0x0800542b   Thumb Code     8  stm32f4xx_rcc.o(.text)
    CAN_DeInit                               0x08005439   Thumb Code    50  stm32f4xx_can.o(.text)
    CAN_Init                                 0x0800546b   Thumb Code   276  stm32f4xx_can.o(.text)
    CAN_FilterInit                           0x0800557f   Thumb Code   258  stm32f4xx_can.o(.text)
    CAN_StructInit                           0x08005681   Thumb Code    32  stm32f4xx_can.o(.text)
    CAN_SlaveStartBank                       0x080056a1   Thumb Code    48  stm32f4xx_can.o(.text)
    CAN_DBGFreeze                            0x080056d1   Thumb Code    22  stm32f4xx_can.o(.text)
    CAN_TTComModeCmd                         0x080056e7   Thumb Code   118  stm32f4xx_can.o(.text)
    CAN_Transmit                             0x0800575d   Thumb Code   304  stm32f4xx_can.o(.text)
    CAN_TransmitStatus                       0x0800588d   Thumb Code   138  stm32f4xx_can.o(.text)
    CAN_CancelTransmit                       0x08005917   Thumb Code    48  stm32f4xx_can.o(.text)
    CAN_Receive                              0x08005947   Thumb Code   240  stm32f4xx_can.o(.text)
    CAN_FIFORelease                          0x08005a37   Thumb Code    22  stm32f4xx_can.o(.text)
    CAN_MessagePending                       0x08005a4d   Thumb Code    30  stm32f4xx_can.o(.text)
    CAN_OperatingModeRequest                 0x08005a6b   Thumb Code   162  stm32f4xx_can.o(.text)
    CAN_Sleep                                0x08005b0d   Thumb Code    30  stm32f4xx_can.o(.text)
    CAN_WakeUp                               0x08005b2b   Thumb Code    48  stm32f4xx_can.o(.text)
    CAN_GetLastErrorCode                     0x08005b5b   Thumb Code    12  stm32f4xx_can.o(.text)
    CAN_GetReceiveErrorCounter               0x08005b67   Thumb Code    10  stm32f4xx_can.o(.text)
    CAN_GetLSBTransmitErrorCounter           0x08005b71   Thumb Code    12  stm32f4xx_can.o(.text)
    CAN_ITConfig                             0x08005b7d   Thumb Code    18  stm32f4xx_can.o(.text)
    CAN_GetFlagStatus                        0x08005b8f   Thumb Code   120  stm32f4xx_can.o(.text)
    CAN_ClearFlag                            0x08005c07   Thumb Code    52  stm32f4xx_can.o(.text)
    CAN_GetITStatus                          0x08005c4d   Thumb Code   310  stm32f4xx_can.o(.text)
    CAN_ClearITPendingBit                    0x08005d83   Thumb Code   162  stm32f4xx_can.o(.text)
    EXTI_DeInit                              0x08005e29   Thumb Code    28  stm32f4xx_exti.o(.text)
    EXTI_Init                                0x08005e45   Thumb Code   142  stm32f4xx_exti.o(.text)
    EXTI_StructInit                          0x08005ed3   Thumb Code    16  stm32f4xx_exti.o(.text)
    EXTI_GenerateSWInterrupt                 0x08005ee3   Thumb Code    16  stm32f4xx_exti.o(.text)
    EXTI_GetFlagStatus                       0x08005ef3   Thumb Code    22  stm32f4xx_exti.o(.text)
    EXTI_ClearFlag                           0x08005f09   Thumb Code     8  stm32f4xx_exti.o(.text)
    EXTI_GetITStatus                         0x08005f11   Thumb Code    34  stm32f4xx_exti.o(.text)
    EXTI_ClearITPendingBit                   0x08005f33   Thumb Code     8  stm32f4xx_exti.o(.text)
    GPIO_DeInit                              0x08005f45   Thumb Code   220  stm32f4xx_gpio.o(.text)
    GPIO_Init                                0x08006021   Thumb Code   144  stm32f4xx_gpio.o(.text)
    GPIO_StructInit                          0x080060b1   Thumb Code    18  stm32f4xx_gpio.o(.text)
    GPIO_PinLockConfig                       0x080060c3   Thumb Code    34  stm32f4xx_gpio.o(.text)
    GPIO_ReadInputDataBit                    0x080060e5   Thumb Code    18  stm32f4xx_gpio.o(.text)
    GPIO_ReadInputData                       0x080060f7   Thumb Code     8  stm32f4xx_gpio.o(.text)
    GPIO_ReadOutputDataBit                   0x080060ff   Thumb Code    18  stm32f4xx_gpio.o(.text)
    GPIO_ReadOutputData                      0x08006111   Thumb Code     8  stm32f4xx_gpio.o(.text)
    GPIO_SetBits                             0x08006119   Thumb Code     4  stm32f4xx_gpio.o(.text)
    GPIO_ResetBits                           0x0800611d   Thumb Code     4  stm32f4xx_gpio.o(.text)
    GPIO_WriteBit                            0x08006121   Thumb Code    10  stm32f4xx_gpio.o(.text)
    GPIO_Write                               0x0800612b   Thumb Code     4  stm32f4xx_gpio.o(.text)
    GPIO_ToggleBits                          0x0800612f   Thumb Code     8  stm32f4xx_gpio.o(.text)
    GPIO_PinAFConfig                         0x08006137   Thumb Code    70  stm32f4xx_gpio.o(.text)
    DMA_DeInit                               0x080061a1   Thumb Code   324  stm32f4xx_dma.o(.text)
    DMA_Init                                 0x080062e5   Thumb Code    82  stm32f4xx_dma.o(.text)
    DMA_StructInit                           0x08006337   Thumb Code    34  stm32f4xx_dma.o(.text)
    DMA_Cmd                                  0x08006359   Thumb Code    22  stm32f4xx_dma.o(.text)
    DMA_PeriphIncOffsetSizeConfig            0x0800636f   Thumb Code    22  stm32f4xx_dma.o(.text)
    DMA_FlowControllerConfig                 0x08006385   Thumb Code    22  stm32f4xx_dma.o(.text)
    DMA_SetCurrDataCounter                   0x0800639b   Thumb Code     4  stm32f4xx_dma.o(.text)
    DMA_GetCurrDataCounter                   0x0800639f   Thumb Code     8  stm32f4xx_dma.o(.text)
    DMA_DoubleBufferModeConfig               0x080063a7   Thumb Code    24  stm32f4xx_dma.o(.text)
    DMA_DoubleBufferModeCmd                  0x080063bf   Thumb Code    22  stm32f4xx_dma.o(.text)
    DMA_MemoryTargetConfig                   0x080063d5   Thumb Code    10  stm32f4xx_dma.o(.text)
    DMA_GetCurrentMemoryTarget               0x080063df   Thumb Code    20  stm32f4xx_dma.o(.text)
    DMA_GetCmdStatus                         0x080063f3   Thumb Code    20  stm32f4xx_dma.o(.text)
    DMA_GetFIFOStatus                        0x08006407   Thumb Code    12  stm32f4xx_dma.o(.text)
    DMA_GetFlagStatus                        0x08006413   Thumb Code    56  stm32f4xx_dma.o(.text)
    DMA_ClearFlag                            0x0800644b   Thumb Code    40  stm32f4xx_dma.o(.text)
    DMA_ITConfig                             0x08006473   Thumb Code    58  stm32f4xx_dma.o(.text)
    DMA_GetITStatus                          0x080064ad   Thumb Code    84  stm32f4xx_dma.o(.text)
    DMA_ClearITPendingBit                    0x08006501   Thumb Code    40  stm32f4xx_dma.o(.text)
    USART_DeInit                             0x08006549   Thumb Code   156  stm32f4xx_usart.o(.text)
    USART_Init                               0x080065e5   Thumb Code   204  stm32f4xx_usart.o(.text)
    USART_StructInit                         0x080066b1   Thumb Code    24  stm32f4xx_usart.o(.text)
    USART_ClockInit                          0x080066c9   Thumb Code    32  stm32f4xx_usart.o(.text)
    USART_ClockStructInit                    0x080066e9   Thumb Code    12  stm32f4xx_usart.o(.text)
    USART_Cmd                                0x080066f5   Thumb Code    24  stm32f4xx_usart.o(.text)
    USART_SetPrescaler                       0x0800670d   Thumb Code    16  stm32f4xx_usart.o(.text)
    USART_OverSampling8Cmd                   0x0800671d   Thumb Code    22  stm32f4xx_usart.o(.text)
    USART_OneBitMethodCmd                    0x08006733   Thumb Code    24  stm32f4xx_usart.o(.text)
    USART_SendData                           0x0800674b   Thumb Code     8  stm32f4xx_usart.o(.text)
    USART_ReceiveData                        0x08006753   Thumb Code    10  stm32f4xx_usart.o(.text)
    USART_SetAddress                         0x0800675d   Thumb Code    18  stm32f4xx_usart.o(.text)
    USART_ReceiverWakeUpCmd                  0x0800676f   Thumb Code    24  stm32f4xx_usart.o(.text)
    USART_WakeUpConfig                       0x08006787   Thumb Code    18  stm32f4xx_usart.o(.text)
    USART_LINBreakDetectLengthConfig         0x08006799   Thumb Code    18  stm32f4xx_usart.o(.text)
    USART_LINCmd                             0x080067ab   Thumb Code    24  stm32f4xx_usart.o(.text)
    USART_SendBreak                          0x080067c3   Thumb Code    10  stm32f4xx_usart.o(.text)
    USART_HalfDuplexCmd                      0x080067cd   Thumb Code    24  stm32f4xx_usart.o(.text)
    USART_SetGuardTime                       0x080067e5   Thumb Code    16  stm32f4xx_usart.o(.text)
    USART_SmartCardCmd                       0x080067f5   Thumb Code    24  stm32f4xx_usart.o(.text)
    USART_SmartCardNACKCmd                   0x0800680d   Thumb Code    24  stm32f4xx_usart.o(.text)
    USART_IrDAConfig                         0x08006825   Thumb Code    18  stm32f4xx_usart.o(.text)
    USART_IrDACmd                            0x08006837   Thumb Code    24  stm32f4xx_usart.o(.text)
    USART_DMACmd                             0x0800684f   Thumb Code    18  stm32f4xx_usart.o(.text)
    USART_ITConfig                           0x08006861   Thumb Code    74  stm32f4xx_usart.o(.text)
    USART_GetFlagStatus                      0x080068ab   Thumb Code    26  stm32f4xx_usart.o(.text)
    USART_ClearFlag                          0x080068c5   Thumb Code    18  stm32f4xx_usart.o(.text)
    USART_GetITStatus                        0x080068d7   Thumb Code   110  stm32f4xx_usart.o(.text)
    USART_ClearITPendingBit                  0x08006945   Thumb Code    30  stm32f4xx_usart.o(.text)
    SYSCFG_DeInit                            0x08006965   Thumb Code    22  stm32f4xx_syscfg.o(.text)
    SYSCFG_MemoryRemapConfig                 0x0800697b   Thumb Code     6  stm32f4xx_syscfg.o(.text)
    SYSCFG_EXTILineConfig                    0x08006981   Thumb Code    66  stm32f4xx_syscfg.o(.text)
    SYSCFG_ETH_MediaInterfaceConfig          0x080069c3   Thumb Code     6  stm32f4xx_syscfg.o(.text)
    SYSCFG_CompensationCellCmd               0x080069c9   Thumb Code     6  stm32f4xx_syscfg.o(.text)
    SYSCFG_GetCompensationCellStatus         0x080069cf   Thumb Code    22  stm32f4xx_syscfg.o(.text)
    SystemInit                               0x08006acd   Thumb Code    88  system_stm32f4xx.o(.text)
    SystemCoreClockUpdate                    0x08006b25   Thumb Code   174  system_stm32f4xx.o(.text)
    Reset_Handler                            0x08006c01   Thumb Code     8  startup_stm32f4xx.o(.text)
    ADC_IRQHandler                           0x08006c1b   Thumb Code     0  startup_stm32f4xx.o(.text)
    CAN1_RX1_IRQHandler                      0x08006c1b   Thumb Code     0  startup_stm32f4xx.o(.text)
    CAN1_SCE_IRQHandler                      0x08006c1b   Thumb Code     0  startup_stm32f4xx.o(.text)
    CAN1_TX_IRQHandler                       0x08006c1b   Thumb Code     0  startup_stm32f4xx.o(.text)
    CAN2_RX1_IRQHandler                      0x08006c1b   Thumb Code     0  startup_stm32f4xx.o(.text)
    CAN2_SCE_IRQHandler                      0x08006c1b   Thumb Code     0  startup_stm32f4xx.o(.text)
    CAN2_TX_IRQHandler                       0x08006c1b   Thumb Code     0  startup_stm32f4xx.o(.text)
    CRYP_IRQHandler                          0x08006c1b   Thumb Code     0  startup_stm32f4xx.o(.text)
    DCMI_IRQHandler                          0x08006c1b   Thumb Code     0  startup_stm32f4xx.o(.text)
    DMA1_Stream0_IRQHandler                  0x08006c1b   Thumb Code     0  startup_stm32f4xx.o(.text)
    DMA1_Stream1_IRQHandler                  0x08006c1b   Thumb Code     0  startup_stm32f4xx.o(.text)
    DMA1_Stream2_IRQHandler                  0x08006c1b   Thumb Code     0  startup_stm32f4xx.o(.text)
    DMA1_Stream3_IRQHandler                  0x08006c1b   Thumb Code     0  startup_stm32f4xx.o(.text)
    DMA1_Stream4_IRQHandler                  0x08006c1b   Thumb Code     0  startup_stm32f4xx.o(.text)
    DMA1_Stream5_IRQHandler                  0x08006c1b   Thumb Code     0  startup_stm32f4xx.o(.text)
    DMA1_Stream6_IRQHandler                  0x08006c1b   Thumb Code     0  startup_stm32f4xx.o(.text)
    DMA1_Stream7_IRQHandler                  0x08006c1b   Thumb Code     0  startup_stm32f4xx.o(.text)
    DMA2_Stream0_IRQHandler                  0x08006c1b   Thumb Code     0  startup_stm32f4xx.o(.text)
    DMA2_Stream1_IRQHandler                  0x08006c1b   Thumb Code     0  startup_stm32f4xx.o(.text)
    DMA2_Stream2_IRQHandler                  0x08006c1b   Thumb Code     0  startup_stm32f4xx.o(.text)
    DMA2_Stream3_IRQHandler                  0x08006c1b   Thumb Code     0  startup_stm32f4xx.o(.text)
    DMA2_Stream4_IRQHandler                  0x08006c1b   Thumb Code     0  startup_stm32f4xx.o(.text)
    DMA2_Stream5_IRQHandler                  0x08006c1b   Thumb Code     0  startup_stm32f4xx.o(.text)
    DMA2_Stream6_IRQHandler                  0x08006c1b   Thumb Code     0  startup_stm32f4xx.o(.text)
    DMA2_Stream7_IRQHandler                  0x08006c1b   Thumb Code     0  startup_stm32f4xx.o(.text)
    ETH_IRQHandler                           0x08006c1b   Thumb Code     0  startup_stm32f4xx.o(.text)
    ETH_WKUP_IRQHandler                      0x08006c1b   Thumb Code     0  startup_stm32f4xx.o(.text)
    EXTI0_IRQHandler                         0x08006c1b   Thumb Code     0  startup_stm32f4xx.o(.text)
    EXTI15_10_IRQHandler                     0x08006c1b   Thumb Code     0  startup_stm32f4xx.o(.text)
    EXTI1_IRQHandler                         0x08006c1b   Thumb Code     0  startup_stm32f4xx.o(.text)
    EXTI2_IRQHandler                         0x08006c1b   Thumb Code     0  startup_stm32f4xx.o(.text)
    EXTI3_IRQHandler                         0x08006c1b   Thumb Code     0  startup_stm32f4xx.o(.text)
    EXTI4_IRQHandler                         0x08006c1b   Thumb Code     0  startup_stm32f4xx.o(.text)
    FLASH_IRQHandler                         0x08006c1b   Thumb Code     0  startup_stm32f4xx.o(.text)
    FPU_IRQHandler                           0x08006c1b   Thumb Code     0  startup_stm32f4xx.o(.text)
    FSMC_IRQHandler                          0x08006c1b   Thumb Code     0  startup_stm32f4xx.o(.text)
    HASH_RNG_IRQHandler                      0x08006c1b   Thumb Code     0  startup_stm32f4xx.o(.text)
    I2C1_ER_IRQHandler                       0x08006c1b   Thumb Code     0  startup_stm32f4xx.o(.text)
    I2C1_EV_IRQHandler                       0x08006c1b   Thumb Code     0  startup_stm32f4xx.o(.text)
    I2C2_ER_IRQHandler                       0x08006c1b   Thumb Code     0  startup_stm32f4xx.o(.text)
    I2C2_EV_IRQHandler                       0x08006c1b   Thumb Code     0  startup_stm32f4xx.o(.text)
    I2C3_ER_IRQHandler                       0x08006c1b   Thumb Code     0  startup_stm32f4xx.o(.text)
    I2C3_EV_IRQHandler                       0x08006c1b   Thumb Code     0  startup_stm32f4xx.o(.text)
    OTG_FS_IRQHandler                        0x08006c1b   Thumb Code     0  startup_stm32f4xx.o(.text)
    OTG_FS_WKUP_IRQHandler                   0x08006c1b   Thumb Code     0  startup_stm32f4xx.o(.text)
    OTG_HS_EP1_IN_IRQHandler                 0x08006c1b   Thumb Code     0  startup_stm32f4xx.o(.text)
    OTG_HS_EP1_OUT_IRQHandler                0x08006c1b   Thumb Code     0  startup_stm32f4xx.o(.text)
    OTG_HS_IRQHandler                        0x08006c1b   Thumb Code     0  startup_stm32f4xx.o(.text)
    OTG_HS_WKUP_IRQHandler                   0x08006c1b   Thumb Code     0  startup_stm32f4xx.o(.text)
    PVD_IRQHandler                           0x08006c1b   Thumb Code     0  startup_stm32f4xx.o(.text)
    RCC_IRQHandler                           0x08006c1b   Thumb Code     0  startup_stm32f4xx.o(.text)
    RTC_Alarm_IRQHandler                     0x08006c1b   Thumb Code     0  startup_stm32f4xx.o(.text)
    RTC_WKUP_IRQHandler                      0x08006c1b   Thumb Code     0  startup_stm32f4xx.o(.text)
    SDIO_IRQHandler                          0x08006c1b   Thumb Code     0  startup_stm32f4xx.o(.text)
    SPI1_IRQHandler                          0x08006c1b   Thumb Code     0  startup_stm32f4xx.o(.text)
    SPI2_IRQHandler                          0x08006c1b   Thumb Code     0  startup_stm32f4xx.o(.text)
    SPI3_IRQHandler                          0x08006c1b   Thumb Code     0  startup_stm32f4xx.o(.text)
    TAMP_STAMP_IRQHandler                    0x08006c1b   Thumb Code     0  startup_stm32f4xx.o(.text)
    TIM1_BRK_TIM9_IRQHandler                 0x08006c1b   Thumb Code     0  startup_stm32f4xx.o(.text)
    TIM1_CC_IRQHandler                       0x08006c1b   Thumb Code     0  startup_stm32f4xx.o(.text)
    TIM1_TRG_COM_TIM11_IRQHandler            0x08006c1b   Thumb Code     0  startup_stm32f4xx.o(.text)
    TIM1_UP_TIM10_IRQHandler                 0x08006c1b   Thumb Code     0  startup_stm32f4xx.o(.text)
    TIM3_IRQHandler                          0x08006c1b   Thumb Code     0  startup_stm32f4xx.o(.text)
    TIM4_IRQHandler                          0x08006c1b   Thumb Code     0  startup_stm32f4xx.o(.text)
    TIM5_IRQHandler                          0x08006c1b   Thumb Code     0  startup_stm32f4xx.o(.text)
    TIM6_DAC_IRQHandler                      0x08006c1b   Thumb Code     0  startup_stm32f4xx.o(.text)
    TIM7_IRQHandler                          0x08006c1b   Thumb Code     0  startup_stm32f4xx.o(.text)
    TIM8_BRK_TIM12_IRQHandler                0x08006c1b   Thumb Code     0  startup_stm32f4xx.o(.text)
    TIM8_CC_IRQHandler                       0x08006c1b   Thumb Code     0  startup_stm32f4xx.o(.text)
    TIM8_TRG_COM_TIM14_IRQHandler            0x08006c1b   Thumb Code     0  startup_stm32f4xx.o(.text)
    TIM8_UP_TIM13_IRQHandler                 0x08006c1b   Thumb Code     0  startup_stm32f4xx.o(.text)
    UART5_IRQHandler                         0x08006c1b   Thumb Code     0  startup_stm32f4xx.o(.text)
    USART1_IRQHandler                        0x08006c1b   Thumb Code     0  startup_stm32f4xx.o(.text)
    USART2_IRQHandler                        0x08006c1b   Thumb Code     0  startup_stm32f4xx.o(.text)
    WWDG_IRQHandler                          0x08006c1b   Thumb Code     0  startup_stm32f4xx.o(.text)
    SysTick_Handler                          0x08006c25   Thumb Code    16  delay.o(.text)
    delay_init                               0x08006c35   Thumb Code    58  delay.o(.text)
    delay_us                                 0x08006c6f   Thumb Code    68  delay.o(.text)
    delay_xms                                0x08006cb3   Thumb Code    24  delay.o(.text)
    delay_ms                                 0x08006ccb   Thumb Code    62  delay.o(.text)
    Nvic                                     0x08006d11   Thumb Code   184  nvic.o(.text)
    DBUS_Enc                                 0x08006ded   Thumb Code   124  dbus.o(.text)
    DBUS_Dec                                 0x08006e69   Thumb Code   220  dbus.o(.text)
    UART4_IRQHandler                         0x08006f45   Thumb Code   218  dbus.o(.text)
    Led_Configuration                        0x08007041   Thumb Code   218  led.o(.text)
    USART1_Configuration                     0x0800712d   Thumb Code   128  usart1.o(.text)
    USART1_SendChar                          0x080071ad   Thumb Code    28  usart1.o(.text)
    fputc                                    0x080071c9   Thumb Code    32  usart1.o(.text)
    USART3_Configuration                     0x080071f1   Thumb Code   260  usart3.o(.text)
    USART3_IRQHandler                        0x080072f5   Thumb Code   288  usart3.o(.text)
    USART3_SendChar                          0x08007415   Thumb Code    28  usart3.o(.text)
    UART4_Configuration                      0x0800745d   Thumb Code   234  uart4.o(.text)
    USART6_Configuration                     0x08007561   Thumb Code   288  usart6.o(.text)
    Date                                     0x08007681   Thumb Code   134  usart6.o(.text)
    USART6_IRQHandler                        0x08007707   Thumb Code   202  usart6.o(.text)
    TIM2_Configuration                       0x080077f5   Thumb Code    52  tim2.o(.text)
    TIM2_IRQHandler                          0x08007829   Thumb Code    28  tim2.o(.text)
    CAN1_Configuration                       0x08007845   Thumb Code   212  can1.o(.text)
    CAN1_RX0_IRQHandler                      0x08007919   Thumb Code    44  can1.o(.text)
    CAN2_Configuration                       0x08007955   Thumb Code   222  can2.o(.text)
    CAN2_RX0_IRQHandler                      0x08007a33   Thumb Code    44  can2.o(.text)
    vListInitialise                          0x08007a71   Thumb Code    26  list.o(.text)
    vListInitialiseItem                      0x08007a8b   Thumb Code     6  list.o(.text)
    vListInsertEnd                           0x08007a91   Thumb Code    24  list.o(.text)
    vListInsert                              0x08007aa9   Thumb Code    52  list.o(.text)
    uxListRemove                             0x08007add   Thumb Code    40  list.o(.text)
    xQueueGenericReset                       0x08007b05   Thumb Code   136  queue.o(.text)
    xQueueGenericCreate                      0x08007bbb   Thumb Code    80  queue.o(.text)
    xQueueGenericSend                        0x08007db5   Thumb Code   470  queue.o(.text)
    xQueueCreateMutex                        0x08007fa9   Thumb Code    34  queue.o(.text)
    xQueueGiveMutexRecursive                 0x08007fcb   Thumb Code    66  queue.o(.text)
    xQueueSemaphoreTake                      0x0800803b   Thumb Code   410  queue.o(.text)
    xQueueTakeMutexRecursive                 0x080081d5   Thumb Code    72  queue.o(.text)
    xQueueCreateCountingSemaphore            0x0800821d   Thumb Code    80  queue.o(.text)
    xQueueGenericSendFromISR                 0x0800826d   Thumb Code   250  queue.o(.text)
    xQueueGiveFromISR                        0x08008367   Thumb Code   228  queue.o(.text)
    xQueueReceive                            0x08008475   Thumb Code   338  queue.o(.text)
    xQueuePeek                               0x080085c7   Thumb Code   344  queue.o(.text)
    xQueueReceiveFromISR                     0x0800871f   Thumb Code   190  queue.o(.text)
    xQueuePeekFromISR                        0x080087dd   Thumb Code   158  queue.o(.text)
    uxQueueMessagesWaiting                   0x0800887b   Thumb Code    36  queue.o(.text)
    uxQueueSpacesAvailable                   0x0800889f   Thumb Code    42  queue.o(.text)
    uxQueueMessagesWaitingFromISR            0x080088c9   Thumb Code    36  queue.o(.text)
    vQueueUnregisterQueue                    0x080088ed   Thumb Code    44  queue.o(.text)
    vQueueDelete                             0x08008919   Thumb Code    38  queue.o(.text)
    uxQueueGetQueueNumber                    0x0800893f   Thumb Code     6  queue.o(.text)
    vQueueSetQueueNumber                     0x08008945   Thumb Code     4  queue.o(.text)
    ucQueueGetQueueType                      0x08008949   Thumb Code     8  queue.o(.text)
    xQueueIsQueueEmptyFromISR                0x08008951   Thumb Code    38  queue.o(.text)
    xQueueIsQueueFullFromISR                 0x08008977   Thumb Code    42  queue.o(.text)
    vQueueAddToRegistry                      0x080089a1   Thumb Code    38  queue.o(.text)
    pcQueueGetName                           0x080089c7   Thumb Code    38  queue.o(.text)
    vQueueWaitForMessageRestricted           0x080089ed   Thumb Code    74  queue.o(.text)
    xQueueCreateSet                          0x08008a37   Thumb Code    20  queue.o(.text)
    xQueueAddToSet                           0x08008a4b   Thumb Code    38  queue.o(.text)
    xQueueRemoveFromSet                      0x08008a71   Thumb Code    48  queue.o(.text)
    xQueueSelectFromSet                      0x08008aa1   Thumb Code    24  queue.o(.text)
    xQueueSelectFromSetFromISR               0x08008ab9   Thumb Code    22  queue.o(.text)
    xTaskCreate                              0x08008c6f   Thumb Code    96  tasks.o(.text)
    vTaskDelete                              0x08008d0b   Thumb Code   192  tasks.o(.text)
    xTaskIncrementTick                       0x08008dcb   Thumb Code   384  tasks.o(.text)
    xTaskResumeAll                           0x08008f4b   Thumb Code   218  tasks.o(.text)
    vTaskSuspendAll                          0x080090a1   Thumb Code    12  tasks.o(.text)
    vTaskDelayUntil                          0x080090ad   Thumb Code   182  tasks.o(.text)
    vTaskDelay                               0x08009163   Thumb Code    76  tasks.o(.text)
    eTaskGetState                            0x080091af   Thumb Code   122  tasks.o(.text)
    uxTaskPriorityGet                        0x08009229   Thumb Code    30  tasks.o(.text)
    uxTaskPriorityGetFromISR                 0x08009247   Thumb Code    62  tasks.o(.text)
    vTaskPrioritySet                         0x08009285   Thumb Code   314  tasks.o(.text)
    vTaskSwitchContext                       0x080093bf   Thumb Code   114  tasks.o(.text)
    vTaskSuspend                             0x08009431   Thumb Code   204  tasks.o(.text)
    vTaskResume                              0x08009549   Thumb Code   122  tasks.o(.text)
    xTaskResumeFromISR                       0x080095c3   Thumb Code   152  tasks.o(.text)
    vTaskStartScheduler                      0x080096b7   Thumb Code   112  tasks.o(.text)
    vTaskEndScheduler                        0x08009727   Thumb Code    32  tasks.o(.text)
    xTaskGetTickCount                        0x08009747   Thumb Code    78  tasks.o(.text)
    xTaskGetTickCountFromISR                 0x08009795   Thumb Code    16  tasks.o(.text)
    uxTaskGetNumberOfTasks                   0x080097a5   Thumb Code     6  tasks.o(.text)
    pcTaskGetName                            0x080097ab   Thumb Code    40  tasks.o(.text)
    xTaskGetHandle                           0x08009883   Thumb Code   136  tasks.o(.text)
    vTaskGetInfo                             0x08009921   Thumb Code   126  tasks.o(.text)
    uxTaskGetSystemState                     0x08009a09   Thumb Code   152  tasks.o(.text)
    vTaskPlaceOnEventList                    0x08009aa1   Thumb Code    46  tasks.o(.text)
    vTaskPlaceOnUnorderedEventList           0x08009acf   Thumb Code    88  tasks.o(.text)
    vTaskPlaceOnEventListRestricted          0x08009b27   Thumb Code    54  tasks.o(.text)
    xTaskRemoveFromEventList                 0x08009b5d   Thumb Code   164  tasks.o(.text)
    vTaskRemoveFromUnorderedEventList        0x08009c01   Thumb Code   130  tasks.o(.text)
    vTaskSetTimeOutState                     0x08009c83   Thumb Code    44  tasks.o(.text)
    vTaskInternalSetTimeOutState             0x08009caf   Thumb Code    14  tasks.o(.text)
    xTaskCheckForTimeOut                     0x08009cbd   Thumb Code   120  tasks.o(.text)
    vTaskMissedYield                         0x08009d35   Thumb Code     8  tasks.o(.text)
    uxTaskGetTaskNumber                      0x08009d3d   Thumb Code    14  tasks.o(.text)
    vTaskSetTaskNumber                       0x08009d4b   Thumb Code     8  tasks.o(.text)
    xTaskGetCurrentTaskHandle                0x08009d53   Thumb Code     6  tasks.o(.text)
    xTaskGetSchedulerState                   0x08009d59   Thumb Code    24  tasks.o(.text)
    xTaskPriorityInherit                     0x08009d71   Thumb Code   186  tasks.o(.text)
    xTaskPriorityDisinherit                  0x08009e2b   Thumb Code   176  tasks.o(.text)
    vTaskPriorityDisinheritAfterTimeout      0x08009edb   Thumb Code   254  tasks.o(.text)
    vTaskList                                0x0800a003   Thumb Code   200  tasks.o(.text)
    uxTaskResetEventItemValue                0x0800a0cb   Thumb Code    24  tasks.o(.text)
    pvTaskIncrementMutexHeldCount            0x0800a0e3   Thumb Code    26  tasks.o(.text)
    ulTaskNotifyTake                         0x0800a0fd   Thumb Code   108  tasks.o(.text)
    xTaskNotifyWait                          0x0800a169   Thumb Code   150  tasks.o(.text)
    xTaskGenericNotify                       0x0800a1ff   Thumb Code   256  tasks.o(.text)
    xTaskGenericNotifyFromISR                0x0800a2ff   Thumb Code   356  tasks.o(.text)
    vTaskNotifyGiveFromISR                   0x0800a463   Thumb Code   198  tasks.o(.text)
    xTaskNotifyStateClear                    0x0800a529   Thumb Code    48  tasks.o(.text)
    xTimerGenericCommand                     0x0800a5c5   Thumb Code   118  timers.o(.text)
    xTimerCreateTimerTask                    0x0800a92b   Thumb Code    56  timers.o(.text)
    xTimerCreate                             0x0800aa09   Thumb Code    48  timers.o(.text)
    xTimerGetTimerDaemonTaskHandle           0x0800aa39   Thumb Code    38  timers.o(.text)
    xTimerGetPeriod                          0x0800aa5f   Thumb Code    28  timers.o(.text)
    xTimerGetExpiryTime                      0x0800aa7b   Thumb Code    30  timers.o(.text)
    pcTimerGetName                           0x0800aa99   Thumb Code    28  timers.o(.text)
    xTimerIsTimerActive                      0x0800aab5   Thumb Code    56  timers.o(.text)
    pvTimerGetTimerID                        0x0800aaed   Thumb Code    38  timers.o(.text)
    vTimerSetTimerID                         0x0800ab13   Thumb Code    38  timers.o(.text)
    xTimerPendFunctionCallFromISR            0x0800ab39   Thumb Code    48  timers.o(.text)
    xTimerPendFunctionCall                   0x0800ab69   Thumb Code    70  timers.o(.text)
    uxTimerGetTimerNumber                    0x0800abaf   Thumb Code     6  timers.o(.text)
    vTimerSetTimerNumber                     0x0800abb5   Thumb Code     4  timers.o(.text)
    pvPortMalloc                             0x0800ac83   Thumb Code   262  heap_4.o(.text)
    vPortFree                                0x0800ad89   Thumb Code   120  heap_4.o(.text)
    xPortGetFreeHeapSize                     0x0800ae01   Thumb Code     6  heap_4.o(.text)
    xPortGetMinimumEverFreeHeapSize          0x0800ae07   Thumb Code     6  heap_4.o(.text)
    vPortInitialiseBlocks                    0x0800ae0d   Thumb Code     2  heap_4.o(.text)
    pxPortInitialiseStack                    0x0800ae91   Thumb Code    38  port.o(.text)
    vPortSetupTimerInterrupt                 0x0800aeb7   Thumb Code    36  port.o(.text)
    xPortStartScheduler                      0x0800aedb   Thumb Code   322  port.o(.text)
    vPortEndScheduler                        0x0800b01d   Thumb Code    34  port.o(.text)
    vPortEnterCritical                       0x0800b03f   Thumb Code    70  port.o(.text)
    vPortExitCritical                        0x0800b085   Thumb Code    48  port.o(.text)
    xPortSysTickHandler                      0x0800b0b5   Thumb Code    48  port.o(.text)
    vPortValidateInterruptPriority           0x0800b0e5   Thumb Code    88  port.o(.text)
    print_pal_error                          0x0800b19d   Thumb Code    28  vl53l0x.o(.text)
    mode_string                              0x0800b1b9   Thumb Code    66  vl53l0x.o(.text)
    vl53l0x_reset                            0x0800b1fb   Thumb Code    44  vl53l0x.o(.text)
    vl53l0x_init                             0x0800b227   Thumb Code   156  vl53l0x.o(.text)
    vl53l0x_info                             0x0800b2c3   Thumb Code    70  vl53l0x.o(.text)
    vl53l0x_test                             0x0800b309   Thumb Code    38  vl53l0x.o(.text)
    One_measurement                          0x0800b32f   Thumb Code    32  vl53l0x.o(.text)
    VL53L0X_GetVersion                       0x0800b4a9   Thumb Code    24  vl53l0x_api.o(.text)
    VL53L0X_GetPalSpecVersion                0x0800b4c1   Thumb Code    24  vl53l0x_api.o(.text)
    VL53L0X_GetProductRevision               0x0800b4d9   Thumb Code    38  vl53l0x_api.o(.text)
    VL53L0X_GetDeviceInfo                    0x0800b4ff   Thumb Code    22  vl53l0x_api.o(.text)
    VL53L0X_GetDeviceErrorStatus             0x0800b515   Thumb Code    34  vl53l0x_api.o(.text)
    VL53L0X_GetDeviceErrorString             0x0800b537   Thumb Code    22  vl53l0x_api.o(.text)
    VL53L0X_GetRangeStatusString             0x0800b54d   Thumb Code    22  vl53l0x_api.o(.text)
    VL53L0X_GetPalErrorString                0x0800b563   Thumb Code    22  vl53l0x_api.o(.text)
    VL53L0X_GetPalStateString                0x0800b579   Thumb Code    22  vl53l0x_api.o(.text)
    VL53L0X_GetPalState                      0x0800b58f   Thumb Code    12  vl53l0x_api.o(.text)
    VL53L0X_GetVcselPulsePeriod              0x0800b59b   Thumb Code    30  vl53l0x_api.o(.text)
    VL53L0X_SetMeasurementTimingBudgetMicroSeconds 0x0800b5b9   Thumb Code    22  vl53l0x_api.o(.text)
    VL53L0X_SetSequenceStepEnable            0x0800b5cf   Thumb Code   196  vl53l0x_api.o(.text)
    VL53L0X_GetFractionEnable                0x0800b693   Thumb Code    34  vl53l0x_api.o(.text)
    VL53L0X_GetMeasurementTimingBudgetMicroSeconds 0x0800b6b5   Thumb Code    22  vl53l0x_api.o(.text)
    VL53L0X_GetWrapAroundCheckEnable         0x0800b6cb   Thumb Code    62  vl53l0x_api.o(.text)
    VL53L0X_GetLimitCheckEnable              0x0800b709   Thumb Code    28  vl53l0x_api.o(.text)
    VL53L0X_GetLimitCheckValue               0x0800b725   Thumb Code   182  vl53l0x_api.o(.text)
    VL53L0X_GetOffsetCalibrationDataMicroMeter 0x0800b7db   Thumb Code    22  vl53l0x_api.o(.text)
    VL53L0X_GetXTalkCompensationRateMegaCps  0x0800b7f1   Thumb Code    56  vl53l0x_api.o(.text)
    VL53L0X_GetInterMeasurementPeriodMilliSeconds 0x0800b829   Thumb Code    62  vl53l0x_api.o(.text)
    VL53L0X_GetDeviceMode                    0x0800b867   Thumb Code    10  vl53l0x_api.o(.text)
    VL53L0X_GetDeviceParameters              0x0800b871   Thumb Code   160  vl53l0x_api.o(.text)
    VL53L0X_ClearInterruptMask               0x0800b911   Thumb Code    82  vl53l0x_api.o(.text)
    VL53L0X_SetGpioConfig                    0x0800b963   Thumb Code   358  vl53l0x_api.o(.text)
    VL53L0X_StaticInit                       0x0800bac9   Thumb Code   410  vl53l0x_api.o(.text)
    VL53L0X_SetPowerMode                     0x0800bc63   Thumb Code    84  vl53l0x_api.o(.text)
    VL53L0X_GetPowerMode                     0x0800bcb7   Thumb Code    48  vl53l0x_api.o(.text)
    VL53L0X_SetOffsetCalibrationDataMicroMeter 0x0800bce7   Thumb Code    22  vl53l0x_api.o(.text)
    VL53L0X_SetLinearityCorrectiveGain       0x0800bcfd   Thumb Code    50  vl53l0x_api.o(.text)
    VL53L0X_GetLinearityCorrectiveGain       0x0800bd2f   Thumb Code    12  vl53l0x_api.o(.text)
    VL53L0X_SetGroupParamHold                0x0800bd3b   Thumb Code     8  vl53l0x_api.o(.text)
    VL53L0X_GetUpperLimitMilliMeter          0x0800bd43   Thumb Code     8  vl53l0x_api.o(.text)
    VL53L0X_GetTotalSignalRate               0x0800bd4b   Thumb Code    40  vl53l0x_api.o(.text)
    VL53L0X_SetDeviceAddress                 0x0800bd73   Thumb Code    36  vl53l0x_api.o(.text)
    VL53L0X_SetLimitCheckValue               0x0800bd97   Thumb Code   118  vl53l0x_api.o(.text)
    VL53L0X_SetLimitCheckEnable              0x0800be0d   Thumb Code   194  vl53l0x_api.o(.text)
    VL53L0X_DataInit                         0x0800becf   Thumb Code   420  vl53l0x_api.o(.text)
    VL53L0X_SetTuningSettingBuffer           0x0800c073   Thumb Code    40  vl53l0x_api.o(.text)
    VL53L0X_GetTuningSettingBuffer           0x0800c09b   Thumb Code    20  vl53l0x_api.o(.text)
    VL53L0X_WaitDeviceBooted                 0x0800c0af   Thumb Code     8  vl53l0x_api.o(.text)
    VL53L0X_ResetDevice                      0x0800c0b7   Thumb Code   102  vl53l0x_api.o(.text)
    VL53L0X_SetWrapAroundCheckEnable         0x0800c11d   Thumb Code    80  vl53l0x_api.o(.text)
    VL53L0X_SetXTalkCompensationRateMegaCps  0x0800c16d   Thumb Code    64  vl53l0x_api.o(.text)
    VL53L0X_SetInterMeasurementPeriodMilliSeconds 0x0800c1ad   Thumb Code    60  vl53l0x_api.o(.text)
    VL53L0X_SetDeviceMode                    0x0800c1e9   Thumb Code    50  vl53l0x_api.o(.text)
    VL53L0X_SetDeviceParameters              0x0800c21b   Thumb Code   146  vl53l0x_api.o(.text)
    VL53L0X_SetRangeFractionEnable           0x0800c2ad   Thumb Code    30  vl53l0x_api.o(.text)
    VL53L0X_SetHistogramMode                 0x0800c2cb   Thumb Code     8  vl53l0x_api.o(.text)
    VL53L0X_GetHistogramMode                 0x0800c2d3   Thumb Code     8  vl53l0x_api.o(.text)
    VL53L0X_SetVcselPulsePeriod              0x0800c2db   Thumb Code    42  vl53l0x_api.o(.text)
    sequence_step_enabled                    0x0800c305   Thumb Code    72  vl53l0x_api.o(.text)
    VL53L0X_GetSequenceStepEnable            0x0800c34d   Thumb Code    48  vl53l0x_api.o(.text)
    VL53L0X_GetSequenceStepEnables           0x0800c37d   Thumb Code   118  vl53l0x_api.o(.text)
    VL53L0X_GetNumberOfSequenceSteps         0x0800c3f3   Thumb Code    10  vl53l0x_api.o(.text)
    VL53L0X_GetSequenceStepsInfo             0x0800c3fd   Thumb Code    22  vl53l0x_api.o(.text)
    VL53L0X_SetSequenceStepTimeout           0x0800c413   Thumb Code   110  vl53l0x_api.o(.text)
    VL53L0X_GetSequenceStepTimeout           0x0800c481   Thumb Code    56  vl53l0x_api.o(.text)
    VL53L0X_SetXTalkCompensationEnable       0x0800c4b9   Thumb Code    62  vl53l0x_api.o(.text)
    VL53L0X_GetXTalkCompensationEnable       0x0800c4f7   Thumb Code    12  vl53l0x_api.o(.text)
    VL53L0X_SetRefCalibration                0x0800c503   Thumb Code    30  vl53l0x_api.o(.text)
    VL53L0X_GetRefCalibration                0x0800c521   Thumb Code    30  vl53l0x_api.o(.text)
    VL53L0X_GetNumberOfLimitCheck            0x0800c53f   Thumb Code    10  vl53l0x_api.o(.text)
    VL53L0X_GetLimitCheckInfo                0x0800c549   Thumb Code    30  vl53l0x_api.o(.text)
    VL53L0X_GetLimitCheckStatus              0x0800c567   Thumb Code    24  vl53l0x_api.o(.text)
    VL53L0X_GetLimitCheckCurrent             0x0800c57f   Thumb Code   136  vl53l0x_api.o(.text)
    VL53L0X_SetDmaxCalParameters             0x0800c607   Thumb Code    62  vl53l0x_api.o(.text)
    VL53L0X_GetDmaxCalParameters             0x0800c645   Thumb Code    20  vl53l0x_api.o(.text)
    VL53L0X_GetInterruptThresholds           0x0800c659   Thumb Code    66  vl53l0x_api.o(.text)
    VL53L0X_CheckAndLoadInterruptSettings    0x0800c69b   Thumb Code   126  vl53l0x_api.o(.text)
    VL53L0X_StartMeasurement                 0x0800c719   Thumb Code   268  vl53l0x_api.o(.text)
    VL53L0X_PerformSingleMeasurement         0x0800c825   Thumb Code    60  vl53l0x_api.o(.text)
    VL53L0X_PerformSingleHistogramMeasurement 0x0800c861   Thumb Code     8  vl53l0x_api.o(.text)
    VL53L0X_PerformRefCalibration            0x0800c869   Thumb Code    32  vl53l0x_api.o(.text)
    VL53L0X_PerformXTalkMeasurement          0x0800c889   Thumb Code    10  vl53l0x_api.o(.text)
    VL53L0X_PerformXTalkCalibration          0x0800c893   Thumb Code    30  vl53l0x_api.o(.text)
    VL53L0X_PerformOffsetCalibration         0x0800c8b1   Thumb Code    30  vl53l0x_api.o(.text)
    VL53L0X_StopMeasurement                  0x0800c8cf   Thumb Code   102  vl53l0x_api.o(.text)
    VL53L0X_GetInterruptMaskStatus           0x0800c935   Thumb Code    48  vl53l0x_api.o(.text)
    VL53L0X_GetMeasurementDataReady          0x0800c965   Thumb Code    86  vl53l0x_api.o(.text)
    VL53L0X_WaitDeviceReadyForNewMeasurement 0x0800c9bb   Thumb Code     8  vl53l0x_api.o(.text)
    VL53L0X_GetRangingMeasurementData        0x0800c9c3   Thumb Code   372  vl53l0x_api.o(.text)
    VL53L0X_GetMeasurementRefSignal          0x0800cb37   Thumb Code    46  vl53l0x_api.o(.text)
    VL53L0X_GetHistogramMeasurementData      0x0800cb65   Thumb Code     8  vl53l0x_api.o(.text)
    VL53L0X_PerformSingleRangingMeasurement  0x0800cb6d   Thumb Code    56  vl53l0x_api.o(.text)
    VL53L0X_SetNumberOfROIZones              0x0800cba5   Thumb Code    12  vl53l0x_api.o(.text)
    VL53L0X_GetNumberOfROIZones              0x0800cbb1   Thumb Code    10  vl53l0x_api.o(.text)
    VL53L0X_GetMaxNumberOfROIZones           0x0800cbbb   Thumb Code    10  vl53l0x_api.o(.text)
    VL53L0X_GetGpioConfig                    0x0800cbc5   Thumb Code   160  vl53l0x_api.o(.text)
    VL53L0X_SetInterruptThresholds           0x0800cc65   Thumb Code    54  vl53l0x_api.o(.text)
    VL53L0X_GetStopCompletedStatus           0x0800cc9b   Thumb Code   154  vl53l0x_api.o(.text)
    VL53L0X_EnableInterruptMask              0x0800cd35   Thumb Code     8  vl53l0x_api.o(.text)
    VL53L0X_SetSpadAmbientDamperThreshold    0x0800cd3d   Thumb Code    48  vl53l0x_api.o(.text)
    VL53L0X_GetSpadAmbientDamperThreshold    0x0800cd6d   Thumb Code    48  vl53l0x_api.o(.text)
    VL53L0X_SetSpadAmbientDamperFactor       0x0800cd9d   Thumb Code    54  vl53l0x_api.o(.text)
    VL53L0X_GetSpadAmbientDamperFactor       0x0800cdd3   Thumb Code    54  vl53l0x_api.o(.text)
    VL53L0X_SetReferenceSpads                0x0800ce09   Thumb Code    30  vl53l0x_api.o(.text)
    VL53L0X_GetReferenceSpads                0x0800ce27   Thumb Code    30  vl53l0x_api.o(.text)
    VL53L0X_PerformRefSpadManagement         0x0800ce45   Thumb Code    30  vl53l0x_api.o(.text)
    VL53L0X_perform_xtalk_calibration        0x0800ce65   Thumb Code   296  vl53l0x_api_calibration.o(.text)
    VL53L0X_perform_offset_calibration       0x0800cf8d   Thumb Code   228  vl53l0x_api_calibration.o(.text)
    VL53L0X_set_offset_calibration_data_micro_meter 0x0800d071   Thumb Code    74  vl53l0x_api_calibration.o(.text)
    VL53L0X_get_offset_calibration_data_micro_meter 0x0800d0bb   Thumb Code    86  vl53l0x_api_calibration.o(.text)
    VL53L0X_apply_offset_adjustment          0x0800d111   Thumb Code    58  vl53l0x_api_calibration.o(.text)
    get_next_good_spad                       0x0800d14b   Thumb Code   104  vl53l0x_api_calibration.o(.text)
    is_aperture                              0x0800d1b3   Thumb Code    18  vl53l0x_api_calibration.o(.text)
    enable_spad_bit                          0x0800d1c5   Thumb Code    50  vl53l0x_api_calibration.o(.text)
    count_enabled_spads                      0x0800d1f7   Thumb Code   180  vl53l0x_api_calibration.o(.text)
    set_ref_spad_map                         0x0800d2ab   Thumb Code    24  vl53l0x_api_calibration.o(.text)
    get_ref_spad_map                         0x0800d2c3   Thumb Code    24  vl53l0x_api_calibration.o(.text)
    enable_ref_spads                         0x0800d2db   Thumb Code   172  vl53l0x_api_calibration.o(.text)
    perform_ref_signal_measurement           0x0800d387   Thumb Code   110  vl53l0x_api_calibration.o(.text)
    VL53L0X_ref_calibration_io               0x0800d3f5   Thumb Code   190  vl53l0x_api_calibration.o(.text)
    VL53L0X_perform_single_ref_calibration   0x0800d4b3   Thumb Code    64  vl53l0x_api_calibration.o(.text)
    VL53L0X_perform_phase_calibration        0x0800d4f3   Thumb Code   124  vl53l0x_api_calibration.o(.text)
    VL53L0X_perform_vhv_calibration          0x0800d56f   Thumb Code   126  vl53l0x_api_calibration.o(.text)
    VL53L0X_perform_ref_calibration          0x0800d5ed   Thumb Code    76  vl53l0x_api_calibration.o(.text)
    VL53L0X_perform_ref_spad_management      0x0800d639   Thumb Code   626  vl53l0x_api_calibration.o(.text)
    VL53L0X_set_reference_spads              0x0800d8ab   Thumb Code   194  vl53l0x_api_calibration.o(.text)
    VL53L0X_get_reference_spads              0x0800d96d   Thumb Code   120  vl53l0x_api_calibration.o(.text)
    VL53L0X_set_ref_calibration              0x0800d9e5   Thumb Code    46  vl53l0x_api_calibration.o(.text)
    VL53L0X_get_ref_calibration              0x0800da13   Thumb Code    48  vl53l0x_api_calibration.o(.text)
    VL53L0X_reverse_bytes                    0x0800da45   Thumb Code    34  vl53l0x_api_core.o(.text)
    VL53L0X_measurement_poll_for_completion  0x0800da67   Thumb Code    66  vl53l0x_api_core.o(.text)
    VL53L0X_decode_vcsel_period              0x0800daa9   Thumb Code    12  vl53l0x_api_core.o(.text)
    VL53L0X_encode_vcsel_period              0x0800dab5   Thumb Code    14  vl53l0x_api_core.o(.text)
    VL53L0X_isqrt                            0x0800dac3   Thumb Code    44  vl53l0x_api_core.o(.text)
    VL53L0X_quadrature_sum                   0x0800daef   Thumb Code    44  vl53l0x_api_core.o(.text)
    VL53L0X_device_read_strobe               0x0800db1b   Thumb Code    82  vl53l0x_api_core.o(.text)
    VL53L0X_get_info_from_device             0x0800db6d   Thumb Code  1354  vl53l0x_api_core.o(.text)
    VL53L0X_calc_macro_period_ps             0x0800e0b7   Thumb Code    22  vl53l0x_api_core.o(.text)
    VL53L0X_encode_timeout                   0x0800e0cd   Thumb Code    40  vl53l0x_api_core.o(.text)
    VL53L0X_decode_timeout                   0x0800e0f5   Thumb Code    14  vl53l0x_api_core.o(.text)
    VL53L0X_calc_timeout_mclks               0x0800e103   Thumb Code    52  vl53l0x_api_core.o(.text)
    VL53L0X_calc_timeout_us                  0x0800e137   Thumb Code    52  vl53l0x_api_core.o(.text)
    get_sequence_step_timeout                0x0800e16b   Thumb Code   290  vl53l0x_api_core.o(.text)
    set_sequence_step_timeout                0x0800e28d   Thumb Code   306  vl53l0x_api_core.o(.text)
    VL53L0X_set_vcsel_pulse_period           0x0800e3bf   Thumb Code   766  vl53l0x_api_core.o(.text)
    VL53L0X_get_vcsel_pulse_period           0x0800e6bd   Thumb Code    70  vl53l0x_api_core.o(.text)
    VL53L0X_set_measurement_timing_budget_micro_seconds 0x0800e703   Thumb Code   294  vl53l0x_api_core.o(.text)
    VL53L0X_get_measurement_timing_budget_micro_seconds 0x0800e829   Thumb Code   238  vl53l0x_api_core.o(.text)
    VL53L0X_load_tuning_settings             0x0800e917   Thumb Code   234  vl53l0x_api_core.o(.text)
    VL53L0X_get_total_xtalk_rate             0x0800ea01   Thumb Code    58  vl53l0x_api_core.o(.text)
    VL53L0X_get_total_signal_rate            0x0800ea3b   Thumb Code    40  vl53l0x_api_core.o(.text)
    VL53L0X_calc_dmax                        0x0800ea63   Thumb Code   392  vl53l0x_api_core.o(.text)
    VL53L0X_calc_sigma_estimate              0x0800ebeb   Thumb Code   778  vl53l0x_api_core.o(.text)
    VL53L0X_get_pal_range_status             0x0800eef5   Thumb Code   564  vl53l0x_api_core.o(.text)
    VL53L0X_check_part_used                  0x0800f129   Thumb Code    74  vl53l0x_api_strings.o(.text)
    VL53L0X_get_device_info                  0x0800f173   Thumb Code   152  vl53l0x_api_strings.o(.text)
    VL53L0X_get_device_error_string          0x0800f20b   Thumb Code   198  vl53l0x_api_strings.o(.text)
    VL53L0X_get_range_status_string          0x0800f2d1   Thumb Code    98  vl53l0x_api_strings.o(.text)
    VL53L0X_get_pal_error_string             0x0800f333   Thumb Code   298  vl53l0x_api_strings.o(.text)
    VL53L0X_get_pal_state_string             0x0800f45d   Thumb Code  1078  vl53l0x_api_strings.o(.text)
    VL53L0X_get_sequence_steps_info          0x0800f893   Thumb Code    84  vl53l0x_api_strings.o(.text)
    VL53L0X_get_limit_check_info             0x0800f8e7   Thumb Code   106  vl53l0x_api_strings.o(.text)
    vl53l0x_set_mode                         0x0800fa6d   Thumb Code   394  vl53l0x_gen.o(.text)
    vl53l0x_start_single_test                0x0800fbf7   Thumb Code    68  vl53l0x_gen.o(.text)
    vl53l0x_general_start                    0x0800fc3b   Thumb Code    52  vl53l0x_gen.o(.text)
    vl53l0x_general_test                     0x0800fc6f   Thumb Code    14  vl53l0x_gen.o(.text)
    VL53L0X_i2c_init                         0x0800fc95   Thumb Code    56  vl53l0x_i2c.o(.text)
    VL_IIC_Start                             0x0800fccd   Thumb Code    64  vl53l0x_i2c.o(.text)
    VL_IIC_Stop                              0x0800fd0d   Thumb Code    66  vl53l0x_i2c.o(.text)
    VL_IIC_Wait_Ack                          0x0800fd4f   Thumb Code    82  vl53l0x_i2c.o(.text)
    VL_IIC_Ack                               0x0800fda1   Thumb Code    70  vl53l0x_i2c.o(.text)
    VL_IIC_NAck                              0x0800fde7   Thumb Code    70  vl53l0x_i2c.o(.text)
    VL_IIC_Send_Byte                         0x0800fe2d   Thumb Code   104  vl53l0x_i2c.o(.text)
    VL_IIC_Read_Byte                         0x0800fe95   Thumb Code    96  vl53l0x_i2c.o(.text)
    VL_IIC_Write_1Byte                       0x0800fef5   Thumb Code    60  vl53l0x_i2c.o(.text)
    VL_IIC_Read_1Byte                        0x0800ff31   Thumb Code    74  vl53l0x_i2c.o(.text)
    VL_IIC_Write_nByte                       0x0800ff7b   Thumb Code    80  vl53l0x_i2c.o(.text)
    VL_IIC_Read_nByte                        0x0800ffcb   Thumb Code   106  vl53l0x_i2c.o(.text)
    VL53L0X_write_multi                      0x08010035   Thumb Code    40  vl53l0x_i2c.o(.text)
    VL53L0X_read_multi                       0x0801005d   Thumb Code    40  vl53l0x_i2c.o(.text)
    VL53L0X_write_byte                       0x08010085   Thumb Code    40  vl53l0x_i2c.o(.text)
    VL53L0X_write_word                       0x080100ad   Thumb Code    86  vl53l0x_i2c.o(.text)
    VL53L0X_write_dword                      0x08010103   Thumb Code    52  vl53l0x_i2c.o(.text)
    VL53L0X_read_byte                        0x08010137   Thumb Code    32  vl53l0x_i2c.o(.text)
    VL53L0X_read_word                        0x08010157   Thumb Code    42  vl53l0x_i2c.o(.text)
    VL53L0X_read_dword                       0x08010181   Thumb Code    58  vl53l0x_i2c.o(.text)
    EXTI9_5_IRQHandler                       0x08010235   Thumb Code    16  vl53l0x_it.o(.text)
    vl53l0x_interrupt_start                  0x08010245   Thumb Code   592  vl53l0x_it.o(.text)
    vl53l0x_interrupt_test                   0x08010495   Thumb Code    14  vl53l0x_it.o(.text)
    VL53L0X_WriteMulti                       0x080104d5   Thumb Code    60  vl53l0x_platform.o(.text)
    VL53L0X_ReadMulti                        0x08010511   Thumb Code    54  vl53l0x_platform.o(.text)
    VL53L0X_WrByte                           0x08010547   Thumb Code    44  vl53l0x_platform.o(.text)
    VL53L0X_WrWord                           0x08010573   Thumb Code    44  vl53l0x_platform.o(.text)
    VL53L0X_WrDWord                          0x0801059f   Thumb Code    44  vl53l0x_platform.o(.text)
    VL53L0X_UpdateByte                       0x080105cb   Thumb Code    82  vl53l0x_platform.o(.text)
    VL53L0X_RdByte                           0x0801061d   Thumb Code    44  vl53l0x_platform.o(.text)
    VL53L0X_RdWord                           0x08010649   Thumb Code    44  vl53l0x_platform.o(.text)
    VL53L0X_RdDWord                          0x08010675   Thumb Code    44  vl53l0x_platform.o(.text)
    VL53L0X_PollingDelay                     0x080106a1   Thumb Code    26  vl53l0x_platform.o(.text)
    __aeabi_memcpy                           0x080106bb   Thumb Code    36  memcpya.o(.text)
    __aeabi_memcpy4                          0x080106bb   Thumb Code     0  memcpya.o(.text)
    __aeabi_memcpy8                          0x080106bb   Thumb Code     0  memcpya.o(.text)
    __aeabi_memset                           0x080106df   Thumb Code    14  memseta.o(.text)
    __aeabi_memset4                          0x080106df   Thumb Code     0  memseta.o(.text)
    __aeabi_memset8                          0x080106df   Thumb Code     0  memseta.o(.text)
    __aeabi_memclr                           0x080106ed   Thumb Code     4  memseta.o(.text)
    __aeabi_memclr4                          0x080106ed   Thumb Code     0  memseta.o(.text)
    __aeabi_memclr8                          0x080106ed   Thumb Code     0  memseta.o(.text)
    memset                                   0x080106f1   Thumb Code    18  memseta.o(.text)
    strlen                                   0x08010703   Thumb Code    14  strlen.o(.text)
    strcpy                                   0x08010711   Thumb Code    18  strcpy.o(.text)
    __aeabi_dadd                             0x08010723   Thumb Code   322  dadd.o(.text)
    __aeabi_dsub                             0x08010865   Thumb Code     6  dadd.o(.text)
    __aeabi_drsub                            0x0801086b   Thumb Code     6  dadd.o(.text)
    __aeabi_dmul                             0x08010871   Thumb Code   228  dmul.o(.text)
    __aeabi_ddiv                             0x08010955   Thumb Code   222  ddiv.o(.text)
    __aeabi_i2d                              0x08010a33   Thumb Code    34  dflti.o(.text)
    __aeabi_ui2d                             0x08010a55   Thumb Code    26  dfltui.o(.text)
    __aeabi_f2d                              0x08010a6f   Thumb Code    38  f2d.o(.text)
    __aeabi_cdcmpeq                          0x08010a95   Thumb Code     0  cdcmple.o(.text)
    __aeabi_cdcmple                          0x08010a95   Thumb Code    48  cdcmple.o(.text)
    __aeabi_d2f                              0x08010ac5   Thumb Code    56  d2f.o(.text)
    __aeabi_uidiv                            0x08010afd   Thumb Code     0  uidiv.o(.text)
    __aeabi_uidivmod                         0x08010afd   Thumb Code    44  uidiv.o(.text)
    __aeabi_uldivmod                         0x08010b29   Thumb Code    98  uldiv.o(.text)
    __aeabi_llsl                             0x08010b8b   Thumb Code    30  llshl.o(.text)
    _ll_shift_l                              0x08010b8b   Thumb Code     0  llshl.o(.text)
    __aeabi_lasr                             0x08010ba9   Thumb Code    36  llsshr.o(.text)
    _ll_sshift_r                             0x08010ba9   Thumb Code     0  llsshr.o(.text)
    __I$use$fp                               0x08010bcd   Thumb Code     0  iusefp.o(.text)
    _float_round                             0x08010bcd   Thumb Code    18  fepilogue.o(.text)
    _float_epilogue                          0x08010bdf   Thumb Code    92  fepilogue.o(.text)
    _double_round                            0x08010c3b   Thumb Code    30  depilogue.o(.text)
    _double_epilogue                         0x08010c59   Thumb Code   156  depilogue.o(.text)
    _dsqrt                                   0x08010cf5   Thumb Code   162  dsqrt.o(.text)
    __aeabi_d2ulz                            0x08010d97   Thumb Code    48  dfixul.o(.text)
    __aeabi_cdrcmple                         0x08010dc9   Thumb Code    48  cdrcmple.o(.text)
    __scatterload                            0x08010df9   Thumb Code    28  init.o(.text)
    __scatterload_rt2                        0x08010df9   Thumb Code     0  init.o(.text)
    __aeabi_llsr                             0x08010e1d   Thumb Code    32  llushr.o(.text)
    _ll_ushift_r                             0x08010e1d   Thumb Code     0  llushr.o(.text)
    __aeabi_d2iz                             0x08010e3d   Thumb Code    62  dfixi.o(.text)
    __decompress                             0x08010e7b   Thumb Code     0  __dczerorl2.o(.text)
    __decompress1                            0x08010e7b   Thumb Code    86  __dczerorl2.o(.text)
    __0printf                                0x08010ed1   Thumb Code    22  printfa.o(i.__0printf)
    __1printf                                0x08010ed1   Thumb Code     0  printfa.o(i.__0printf)
    __2printf                                0x08010ed1   Thumb Code     0  printfa.o(i.__0printf)
    __c89printf                              0x08010ed1   Thumb Code     0  printfa.o(i.__0printf)
    printf                                   0x08010ed1   Thumb Code     0  printfa.o(i.__0printf)
    __0sprintf                               0x08010ef1   Thumb Code    34  printfa.o(i.__0sprintf)
    __1sprintf                               0x08010ef1   Thumb Code     0  printfa.o(i.__0sprintf)
    __2sprintf                               0x08010ef1   Thumb Code     0  printfa.o(i.__0sprintf)
    __c89sprintf                             0x08010ef1   Thumb Code     0  printfa.o(i.__0sprintf)
    sprintf                                  0x08010ef1   Thumb Code     0  printfa.o(i.__0sprintf)
    __ARM_fpclassify                         0x08010f19   Thumb Code    48  fpclassify.o(i.__ARM_fpclassify)
    __hardfp_cos                             0x08010f49   Thumb Code   180  cos.o(i.__hardfp_cos)
    __hardfp_fabs                            0x08011011   Thumb Code    20  fabs.o(i.__hardfp_fabs)
    __hardfp_sin                             0x08011029   Thumb Code   180  sin.o(i.__hardfp_sin)
    __hardfp_sqrt                            0x080110f1   Thumb Code   122  sqrt.o(i.__hardfp_sqrt)
    __ieee754_rem_pio2                       0x08011171   Thumb Code   938  rred.o(i.__ieee754_rem_pio2)
    __kernel_cos                             0x080115a9   Thumb Code   322  cos_i.o(i.__kernel_cos)
    __kernel_poly                            0x08011719   Thumb Code   248  poly.o(i.__kernel_poly)
    __kernel_sin                             0x08011811   Thumb Code   280  sin_i.o(i.__kernel_sin)
    __mathlib_dbl_infnan                     0x08011941   Thumb Code    20  dunder.o(i.__mathlib_dbl_infnan)
    __mathlib_dbl_invalid                    0x08011959   Thumb Code    24  dunder.o(i.__mathlib_dbl_invalid)
    __mathlib_dbl_underflow                  0x08011979   Thumb Code    24  dunder.o(i.__mathlib_dbl_underflow)
    __scatterload_copy                       0x08011999   Thumb Code    14  handlers.o(i.__scatterload_copy)
    __scatterload_null                       0x080119a7   Thumb Code     2  handlers.o(i.__scatterload_null)
    __scatterload_zeroinit                   0x080119a9   Thumb Code    14  handlers.o(i.__scatterload_zeroinit)
    __set_errno                              0x080119b9   Thumb Code     6  errno.o(i.__set_errno)
    fabs                                     0x08012261   Thumb Code    24  fabs.o(i.fabs)
    Region$$Table$$Base                      0x080123e8   Number         0  anon$$obj.o(Region$$Table)
    Region$$Table$$Limit                     0x08012408   Number         0  anon$$obj.o(Region$$Table)
    StartTask_Handler                        0x20000000   Data           4  start.o(.data)
    CLOUDTask_Handler                        0x20000004   Data           4  start.o(.data)
    Auto_aim_Task_Handler                    0x20000008   Data           4  start.o(.data)
    MinPcTask_Handler                        0x2000000c   Data           4  start.o(.data)
    Chassis_Task_Handler                     0x20000010   Data           4  start.o(.data)
    Motor_Task_Handler                       0x20000014   Data           4  start.o(.data)
    Gas_Task_Handler                         0x20000018   Data           4  start.o(.data)
    Printf_Task_Handler                      0x2000001c   Data           4  start.o(.data)
    QueryTask_Handler                        0x20000020   Data           4  start.o(.data)
    temp                                     0x20000024   Data           4  start.o(.data)
    BinarySemaphore                          0x20000028   Data           4  start.o(.data)
    Pan_control_task                         0x2000002c   Data           4  start.o(.data)
    ele1_flag                                0x20000034   Data           1  can_task.o(.data)
    ele2_flag                                0x20000035   Data           1  can_task.o(.data)
    yy                                       0x20000038   Data           4  can_task.o(.data)
    cmv_flag                                 0x2000003c   Data           1  chassis.o(.data)
    ci_flag                                  0x2000003e   Data           2  chassis.o(.data)
    speed_x                                  0x20000040   Data           4  chassis.o(.data)
    speed_y                                  0x20000044   Data           4  chassis.o(.data)
    s_flag                                   0x20000048   Data           2  chassis.o(.data)
    x_speed                                  0x2000004c   Data           4  chassis.o(.data)
    y_speed                                  0x20000050   Data           4  chassis.o(.data)
    dir_last                                 0x20000054   Data           2  chassis.o(.data)
    Ang                                      0x20000056   Data           2  chassis.o(.data)
    Vx                                       0x20000058   Data           4  chassis.o(.data)
    Vy                                       0x2000005c   Data           4  chassis.o(.data)
    Vz                                       0x20000060   Data           4  chassis.o(.data)
    set_speed                                0x20000064   Data           4  chassis.o(.data)
    first_yaw                                0x20000068   Data           4  chassis.o(.data)
    last_yaw                                 0x2000006c   Data           4  chassis.o(.data)
    err_yaw                                  0x20000070   Data           4  chassis.o(.data)
    rotate_flag                              0x20000074   Data           4  chassis.o(.data)
    flag_rotate                              0x20000078   Data           2  chassis.o(.data)
    speed_set                                0x2000007c   Data           4  chassis.o(.data)
    fir_flag                                 0x20000080   Data           1  motor.o(.data)
    motor_angle_first                        0x20000082   Data           2  motor.o(.data)
    motor_angle_err                          0x20000084   Data           2  motor.o(.data)
    motor_angle_last                         0x20000086   Data           2  motor.o(.data)
    mot_flag                                 0x20000088   Data           1  motor.o(.data)
    mox_flag                                 0x20000089   Data           1  motor.o(.data)
    i1_flag                                  0x2000008a   Data           2  motor.o(.data)
    i2_flag                                  0x2000008c   Data           2  motor.o(.data)
    i3_flag                                  0x2000008e   Data           2  motor.o(.data)
    i4_flag                                  0x20000090   Data           2  motor.o(.data)
    row_flag                                 0x20000092   Data           1  motor.o(.data)
    lock_flag                                0x20000094   Data           2  motor.o(.data)
    Add_flag                                 0x20000098   Data           1  pid.o(.data)
    X_flag                                   0x20000099   Data           1  pid.o(.data)
    Bit                                      0x2000009c   Data           4  pid.o(.data)
    Y_flag                                   0x200000a0   Data           1  pid.o(.data)
    Pit                                      0x200000a4   Data           4  pid.o(.data)
    te1                                      0x200000a8   Data           4  gas.o(.data)
    te2                                      0x200000ac   Data           4  gas.o(.data)
    te3                                      0x200000b0   Data           4  gas.o(.data)
    te4                                      0x200000b4   Data           4  gas.o(.data)
    gas_flag                                 0x200000b8   Data           1  gas.o(.data)
    mov_flag                                 0x200000b9   Data           1  gas.o(.data)
    Mes_flag                                 0x200000ba   Data           1  gas.o(.data)
    end_flag                                 0x200000bb   Data           1  gas.o(.data)
    res_flag                                 0x200000bc   Data           1  gas.o(.data)
    mos_flag                                 0x200000bd   Data           1  gas.o(.data)
    SystemCoreClock                          0x200000d0   Data           4  system_stm32f4xx.o(.data)
    AHBPrescTable                            0x200000d4   Data          16  system_stm32f4xx.o(.data)
    UART4temp                                0x200000e8   Data           1  dbus.o(.data)
    Access_buffer                            0x200000e9   Data           1  dbus.o(.data)
    USART3temp                               0x200000ec   Data           1  usart3.o(.data)
    USART6temp                               0x200000f0   Data           1  usart6.o(.data)
    laster_range                             0x200000f4   Data           4  usart6.o(.data)
    pxCurrentTCB                             0x200000f8   Data           4  tasks.o(.data)
    AjustOK                                  0x2000016c   Data           1  vl53l0x.o(.data)
    Mode_data                                0x2000016d   Data          56  vl53l0x.o(.data)
    VL53L0X_Handler                          0x200001a8   Data           4  vl53l0x.o(.data)
    DefaultTuningSettings                    0x200001ac   Data         243  vl53l0x_api.o(.data)
    InterruptThresholdSettings               0x2000029f   Data         438  vl53l0x_api.o(.data)
    refArrayQuadrants                        0x20000458   Data          16  vl53l0x_api_calibration.o(.data)
    vl5310x                                  0x20000468   Data           8  vl53l0x_gen.o(.data)
    AlarmModes                               0x20000470   Data          12  vl53l0x_it.o(.data)
    alarm_flag                               0x2000047c   Data           1  vl53l0x_it.o(.data)
    __stdout                                 0x20000480   Data           4  stdout.o(.data)
    Mes                                      0x20000488   Data          16  can_task.o(.bss)
    Message                                  0x20000498   Data          16  can_task.o(.bss)
    motor_chassis                            0x200004a8   Data         648  chassis.o(.bss)
    gyro_yaw                                 0x20000730   Data          28  gimbal.o(.bss)
    gimbal_yaw_speed                         0x2000074c   Data          96  gimbal.o(.bss)
    gimbal_yaw_angle                         0x200007ac   Data          96  gimbal.o(.bss)
    motor_yaw_angle                          0x2000080c   Data          96  gimbal.o(.bss)
    gimbal_pitch_speed                       0x2000086c   Data          96  gimbal.o(.bss)
    gimbal_pitch_angle                       0x200008cc   Data          96  gimbal.o(.bss)
    Motor_x                                  0x2000092c   Data         160  motor.o(.bss)
    Motor_y                                  0x200009cc   Data         160  motor.o(.bss)
    Claw_p_pid                               0x20000a6c   Data          96  pid.o(.bss)
    Claw_s_pid                               0x20000acc   Data          96  pid.o(.bss)
    Claw2_p_pid                              0x20000b2c   Data          96  pid.o(.bss)
    Claw2_s_pid                              0x20000b8c   Data          96  pid.o(.bss)
    x_p_pid                                  0x20000bec   Data          96  pid.o(.bss)
    x_s_pid                                  0x20000c4c   Data          96  pid.o(.bss)
    Send_p_pid                               0x20000cac   Data          96  pid.o(.bss)
    Send_s_pid                               0x20000d0c   Data          96  pid.o(.bss)
    dbus_buf0                                0x20000d6c   Data          18  dbus.o(.bss)
    dbus_buf1                                0x20000d7e   Data          18  dbus.o(.bss)
    DBBUSS                                   0x20000d90   Data          16  dbus.o(.bss)
    rc_ctrl                                  0x20000da0   Data          22  dbus.o(.bss)
    RX_BUF                                   0x20000db8   Data          22  usart3.o(.bss)
    RX_BUF_1                                 0x20000dd0   Data          48  usart3.o(.bss)
    laster_date                              0x20000e00   Data          19  usart6.o(.bss)
    Rx_message                               0x20000e14   Data          20  can1.o(.bss)
    Tx_message                               0x20000e28   Data          20  can1.o(.bss)
    Rx2_message                              0x20000e3c   Data          20  can2.o(.bss)
    Tx2_message                              0x20000e50   Data          20  can2.o(.bss)
    xQueueRegistry                           0x20000e64   Data          64  queue.o(.bss)
    vl53l0x_dev                              0x200061b0   Data         352  vl53l0x.o(.bss)
    vl53l0x_dev_info                         0x20006310   Data          99  vl53l0x.o(.bss)
    Vl53l0x_adjust                           0x20006373   Data          24  vl53l0x_cali.o(.bss)
    Vl53l0x_data                             0x2000638b   Data          24  vl53l0x_cali.o(.bss)
    vl53l0x_data                             0x200063a4   Data          28  vl53l0x_gen.o(.bss)
    __initial_sp                             0x200067e0   Data           0  startup_stm32f4xx.o(STACK)



==============================================================================

Memory Map of the image

  Image Entry point : 0x08000189

  Load Region LR_IROM1 (Base: 0x08000000, Size: 0x00012890, Max: 0x00100000, ABSOLUTE, COMPRESSED[0x000126e0])

    Execution Region ER_IROM1 (Base: 0x08000000, Size: 0x00012408, Max: 0x00100000, ABSOLUTE)

    Base Addr    Size         Type   Attr      Idx    E Section Name        Object

    0x08000000   0x00000188   Data   RO          923    RESET               startup_stm32f4xx.o
    0x08000188   0x00000000   Code   RO         2507  * .ARM.Collect$$$$00000000  mc_w.l(entry.o)
    0x08000188   0x00000004   Code   RO         2848    .ARM.Collect$$$$00000001  mc_w.l(entry2.o)
    0x0800018c   0x00000004   Code   RO         2851    .ARM.Collect$$$$00000004  mc_w.l(entry5.o)
    0x08000190   0x00000000   Code   RO         2853    .ARM.Collect$$$$00000008  mc_w.l(entry7b.o)
    0x08000190   0x00000000   Code   RO         2855    .ARM.Collect$$$$0000000A  mc_w.l(entry8b.o)
    0x08000190   0x00000008   Code   RO         2856    .ARM.Collect$$$$0000000B  mc_w.l(entry9a.o)
    0x08000198   0x00000000   Code   RO         2858    .ARM.Collect$$$$0000000D  mc_w.l(entry10a.o)
    0x08000198   0x00000000   Code   RO         2860    .ARM.Collect$$$$0000000F  mc_w.l(entry11a.o)
    0x08000198   0x00000004   Code   RO         2849    .ARM.Collect$$$$00002712  mc_w.l(entry2.o)
    0x0800019c   0x000000be   Code   RO         1766    .emb_text           port.o
    0x0800025a   0x00000002   PAD
    0x0800025c   0x00000064   Code   RO            4    .text               main.o
    0x080002c0   0x00000324   Code   RO          218    .text               start.o
    0x080005e4   0x00000760   Code   RO          272    .text               can_task.o
    0x08000d44   0x00001b78   Code   RO          304    .text               chassis.o
    0x080028bc   0x00000148   Code   RO          339    .text               gimbal.o
    0x08002a04   0x000008ac   Code   RO          370    .text               motor.o
    0x080032b0   0x00000c72   Code   RO          401    .text               pid.o
    0x08003f22   0x00000002   PAD
    0x08003f24   0x000001f4   Code   RO          436    .text               gas.o
    0x08004118   0x000000e0   Code   RO          598    .text               misc.o
    0x080041f8   0x00000014   Code   RO          622    .text               stm32f4xx_it.o
    0x0800420c   0x00000ca2   Code   RO          676    .text               stm32f4xx_tim.o
    0x08004eae   0x00000002   PAD
    0x08004eb0   0x00000588   Code   RO          724    .text               stm32f4xx_rcc.o
    0x08005438   0x000009f0   Code   RO          750    .text               stm32f4xx_can.o
    0x08005e28   0x0000011c   Code   RO          774    .text               stm32f4xx_exti.o
    0x08005f44   0x0000025c   Code   RO          798    .text               stm32f4xx_gpio.o
    0x080061a0   0x000003a8   Code   RO          822    .text               stm32f4xx_dma.o
    0x08006548   0x0000041a   Code   RO          846    .text               stm32f4xx_usart.o
    0x08006962   0x00000002   PAD
    0x08006964   0x0000008c   Code   RO          870    .text               stm32f4xx_syscfg.o
    0x080069f0   0x00000210   Code   RO          894    .text               system_stm32f4xx.o
    0x08006c00   0x00000024   Code   RO          924    .text               startup_stm32f4xx.o
    0x08006c24   0x000000ec   Code   RO          982    .text               delay.o
    0x08006d10   0x000000b8   Code   RO         1008    .text               nvic.o
    0x08006dc8   0x00000278   Code   RO         1032    .text               dbus.o
    0x08007040   0x000000ec   Code   RO         1122    .text               led.o
    0x0800712c   0x000000c4   Code   RO         1146    .text               usart1.o
    0x080071f0   0x0000026c   Code   RO         1174    .text               usart3.o
    0x0800745c   0x00000104   Code   RO         1206    .text               uart4.o
    0x08007560   0x00000294   Code   RO         1231    .text               usart6.o
    0x080077f4   0x00000050   Code   RO         1286    .text               tim2.o
    0x08007844   0x00000110   Code   RO         1313    .text               can1.o
    0x08007954   0x0000011c   Code   RO         1343    .text               can2.o
    0x08007a70   0x00000094   Code   RO         1563    .text               list.o
    0x08007b04   0x00000fd0   Code   RO         1590    .text               queue.o
    0x08008ad4   0x00001aa0   Code   RO         1666    .text               tasks.o
    0x0800a574   0x0000064c   Code   RO         1709    .text               timers.o
    0x0800abc0   0x000002a0   Code   RO         1739    .text               heap_4.o
    0x0800ae60   0x0000033c   Code   RO         1767    .text               port.o
    0x0800b19c   0x0000030c   Code   RO         1832    .text               vl53l0x.o
    0x0800b4a8   0x000019ba   Code   RO         1863    .text               vl53l0x_api.o
    0x0800ce62   0x00000002   PAD
    0x0800ce64   0x00000bde   Code   RO         1906    .text               vl53l0x_api_calibration.o
    0x0800da42   0x00000002   PAD
    0x0800da44   0x000016e4   Code   RO         1933    .text               vl53l0x_api_core.o
    0x0800f128   0x00000944   Code   RO         1975    .text               vl53l0x_api_strings.o
    0x0800fa6c   0x00000228   Code   RO         2030    .text               vl53l0x_gen.o
    0x0800fc94   0x00000526   Code   RO         2061    .text               vl53l0x_i2c.o
    0x080101ba   0x00000002   PAD
    0x080101bc   0x00000318   Code   RO         2085    .text               vl53l0x_it.o
    0x080104d4   0x000001e6   Code   RO         2112    .text               vl53l0x_platform.o
    0x080106ba   0x00000024   Code   RO         2510    .text               mc_w.l(memcpya.o)
    0x080106de   0x00000024   Code   RO         2514    .text               mc_w.l(memseta.o)
    0x08010702   0x0000000e   Code   RO         2516    .text               mc_w.l(strlen.o)
    0x08010710   0x00000012   Code   RO         2518    .text               mc_w.l(strcpy.o)
    0x08010722   0x0000014e   Code   RO         2783    .text               mf_w.l(dadd.o)
    0x08010870   0x000000e4   Code   RO         2785    .text               mf_w.l(dmul.o)
    0x08010954   0x000000de   Code   RO         2787    .text               mf_w.l(ddiv.o)
    0x08010a32   0x00000022   Code   RO         2791    .text               mf_w.l(dflti.o)
    0x08010a54   0x0000001a   Code   RO         2793    .text               mf_w.l(dfltui.o)
    0x08010a6e   0x00000026   Code   RO         2795    .text               mf_w.l(f2d.o)
    0x08010a94   0x00000030   Code   RO         2797    .text               mf_w.l(cdcmple.o)
    0x08010ac4   0x00000038   Code   RO         2799    .text               mf_w.l(d2f.o)
    0x08010afc   0x0000002c   Code   RO         2863    .text               mc_w.l(uidiv.o)
    0x08010b28   0x00000062   Code   RO         2865    .text               mc_w.l(uldiv.o)
    0x08010b8a   0x0000001e   Code   RO         2867    .text               mc_w.l(llshl.o)
    0x08010ba8   0x00000024   Code   RO         2869    .text               mc_w.l(llsshr.o)
    0x08010bcc   0x00000000   Code   RO         2878    .text               mc_w.l(iusefp.o)
    0x08010bcc   0x0000006e   Code   RO         2879    .text               mf_w.l(fepilogue.o)
    0x08010c3a   0x000000ba   Code   RO         2881    .text               mf_w.l(depilogue.o)
    0x08010cf4   0x000000a2   Code   RO         2883    .text               mf_w.l(dsqrt.o)
    0x08010d96   0x00000030   Code   RO         2885    .text               mf_w.l(dfixul.o)
    0x08010dc6   0x00000002   PAD
    0x08010dc8   0x00000030   Code   RO         2887    .text               mf_w.l(cdrcmple.o)
    0x08010df8   0x00000024   Code   RO         2889    .text               mc_w.l(init.o)
    0x08010e1c   0x00000020   Code   RO         2891    .text               mc_w.l(llushr.o)
    0x08010e3c   0x0000003e   Code   RO         2893    .text               mf_w.l(dfixi.o)
    0x08010e7a   0x00000056   Code   RO         2903    .text               mc_w.l(__dczerorl2.o)
    0x08010ed0   0x00000020   Code   RO         2755    i.__0printf         mc_w.l(printfa.o)
    0x08010ef0   0x00000028   Code   RO         2757    i.__0sprintf        mc_w.l(printfa.o)
    0x08010f18   0x00000030   Code   RO         2832    i.__ARM_fpclassify  m_wm.l(fpclassify.o)
    0x08010f48   0x000000c8   Code   RO         2465    i.__hardfp_cos      m_wm.l(cos.o)
    0x08011010   0x00000014   Code   RO         2477    i.__hardfp_fabs     m_wm.l(fabs.o)
    0x08011024   0x00000004   PAD
    0x08011028   0x000000c8   Code   RO         2483    i.__hardfp_sin      m_wm.l(sin.o)
    0x080110f0   0x0000007a   Code   RO         2495    i.__hardfp_sqrt     m_wm.l(sqrt.o)
    0x0801116a   0x00000006   PAD
    0x08011170   0x00000438   Code   RO         2837    i.__ieee754_rem_pio2  m_wm.l(rred.o)
    0x080115a8   0x00000170   Code   RO         2815    i.__kernel_cos      m_wm.l(cos_i.o)
    0x08011718   0x000000f8   Code   RO         2834    i.__kernel_poly     m_wm.l(poly.o)
    0x08011810   0x00000130   Code   RO         2842    i.__kernel_sin      m_wm.l(sin_i.o)
    0x08011940   0x00000014   Code   RO         2819    i.__mathlib_dbl_infnan  m_wm.l(dunder.o)
    0x08011954   0x00000004   PAD
    0x08011958   0x00000020   Code   RO         2821    i.__mathlib_dbl_invalid  m_wm.l(dunder.o)
    0x08011978   0x00000020   Code   RO         2824    i.__mathlib_dbl_underflow  m_wm.l(dunder.o)
    0x08011998   0x0000000e   Code   RO         2897    i.__scatterload_copy  mc_w.l(handlers.o)
    0x080119a6   0x00000002   Code   RO         2898    i.__scatterload_null  mc_w.l(handlers.o)
    0x080119a8   0x0000000e   Code   RO         2899    i.__scatterload_zeroinit  mc_w.l(handlers.o)
    0x080119b6   0x00000002   PAD
    0x080119b8   0x0000000c   Code   RO         2873    i.__set_errno       mc_w.l(errno.o)
    0x080119c4   0x00000164   Code   RO         2762    i._fp_digits        mc_w.l(printfa.o)
    0x08011b28   0x000006dc   Code   RO         2763    i._printf_core      mc_w.l(printfa.o)
    0x08012204   0x00000024   Code   RO         2764    i._printf_post_padding  mc_w.l(printfa.o)
    0x08012228   0x0000002e   Code   RO         2765    i._printf_pre_padding  mc_w.l(printfa.o)
    0x08012256   0x0000000a   Code   RO         2767    i._sputc            mc_w.l(printfa.o)
    0x08012260   0x00000018   Code   RO         2479    i.fabs              m_wm.l(fabs.o)
    0x08012278   0x00000030   Data   RO         2816    .constdata          m_wm.l(cos_i.o)
    0x080122a8   0x000000c8   Data   RO         2839    .constdata          m_wm.l(rred.o)
    0x08012370   0x00000028   Data   RO         2843    .constdata          m_wm.l(sin_i.o)
    0x08012398   0x0000004f   Data   RO            5    .conststring        main.o
    0x080123e7   0x00000001   PAD
    0x080123e8   0x00000020   Data   RO         2895    Region$$Table       anon$$obj.o


    Execution Region RW_IRAM1 (Base: 0x20000000, Size: 0x000067e0, Max: 0x00020000, ABSOLUTE, COMPRESSED[0x000002d8])

    Base Addr    Size         Type   Attr      Idx    E Section Name        Object

    0x20000000   0x00000034   Data   RW          220    .data               start.o
    0x20000034   0x00000008   Data   RW          274    .data               can_task.o
    0x2000003c   0x00000044   Data   RW          306    .data               chassis.o
    0x20000080   0x00000016   Data   RW          372    .data               motor.o
    0x20000096   0x00000002   PAD
    0x20000098   0x00000010   Data   RW          403    .data               pid.o
    0x200000a8   0x00000016   Data   RW          437    .data               gas.o
    0x200000be   0x00000010   Data   RW          725    .data               stm32f4xx_rcc.o
    0x200000ce   0x00000002   PAD
    0x200000d0   0x00000014   Data   RW          895    .data               system_stm32f4xx.o
    0x200000e4   0x00000004   Data   RW          983    .data               delay.o
    0x200000e8   0x00000004   Data   RW         1034    .data               dbus.o
    0x200000ec   0x00000001   Data   RW         1176    .data               usart3.o
    0x200000ed   0x00000003   PAD
    0x200000f0   0x00000008   Data   RW         1233    .data               usart6.o
    0x200000f8   0x0000003c   Data   RW         1668    .data               tasks.o
    0x20000134   0x00000014   Data   RW         1711    .data               timers.o
    0x20000148   0x00000018   Data   RW         1741    .data               heap_4.o
    0x20000160   0x0000000c   Data   RW         1768    .data               port.o
    0x2000016c   0x00000040   Data   RW         1834    .data               vl53l0x.o
    0x200001ac   0x000002a9   Data   RW         1864    .data               vl53l0x_api.o
    0x20000455   0x00000003   PAD
    0x20000458   0x00000010   Data   RW         1907    .data               vl53l0x_api_calibration.o
    0x20000468   0x00000008   Data   RW         2032    .data               vl53l0x_gen.o
    0x20000470   0x0000000d   Data   RW         2086    .data               vl53l0x_it.o
    0x2000047d   0x00000003   PAD
    0x20000480   0x00000004   Data   RW         2862    .data               mc_w.l(stdout.o)
    0x20000484   0x00000004   Data   RW         2874    .data               mc_w.l(errno.o)
    0x20000488   0x00000020   Zero   RW          273    .bss                can_task.o
    0x200004a8   0x00000288   Zero   RW          305    .bss                chassis.o
    0x20000730   0x000001fc   Zero   RW          340    .bss                gimbal.o
    0x2000092c   0x00000140   Zero   RW          371    .bss                motor.o
    0x20000a6c   0x00000300   Zero   RW          402    .bss                pid.o
    0x20000d6c   0x0000004a   Zero   RW         1033    .bss                dbus.o
    0x20000db6   0x00000002   PAD
    0x20000db8   0x00000048   Zero   RW         1175    .bss                usart3.o
    0x20000e00   0x00000013   Zero   RW         1232    .bss                usart6.o
    0x20000e13   0x00000001   PAD
    0x20000e14   0x00000028   Zero   RW         1314    .bss                can1.o
    0x20000e3c   0x00000028   Zero   RW         1344    .bss                can2.o
    0x20000e64   0x00000040   Zero   RW         1591    .bss                queue.o
    0x20000ea4   0x000002e4   Zero   RW         1667    .bss                tasks.o
    0x20001188   0x00000028   Zero   RW         1710    .bss                timers.o
    0x200011b0   0x00005000   Zero   RW         1740    .bss                heap_4.o
    0x200061b0   0x000001c3   Zero   RW         1833    .bss                vl53l0x.o
    0x20006373   0x00000030   Zero   RW         2000    .bss                vl53l0x_cali.o
    0x200063a3   0x00000001   PAD
    0x200063a4   0x0000003c   Zero   RW         2031    .bss                vl53l0x_gen.o
    0x200063e0   0x00000400   Zero   RW          921    STACK               startup_stm32f4xx.o


==============================================================================

Image component sizes


      Code (inc. data)   RO Data    RW Data    ZI Data      Debug   Object Name

       272         16          0          0         40       1121   can1.o
       284         18          0          0         40       1163   can2.o
      1888         42          0          8         32       5719   can_task.o
      7032        340          0         68        648       6747   chassis.o
       632         34          0          4         74       4142   dbus.o
       236          8          0          4          0       1701   delay.o
         0          0          0          0          0       9436   event_groups.o
       500         48          0         22          0      17587   gas.o
       328         62          0          0        508       2728   gimbal.o
       672         82          0         24      20480       3456   heap_4.o
       236         18          0          0          0        652   led.o
       148          0          0          0          0       1998   list.o
       100         14         79          0          0     295086   main.o
       224         20          0          0          0       1869   misc.o
      2220        232          0         22        320       4721   motor.o
       184          0          0          0          0        623   nvic.o
      3186         56          0         16        768       6796   pid.o
      1018        112          0         12          0       8403   port.o
      4048         56          0          0         64      20938   queue.o
       804        482          0         52          0      13328   start.o
        36          8        392          0       1024        848   startup_stm32f4xx.o
      2544         38          0          0          0       8196   stm32f4xx_can.o
       936         32          0          0          0       6445   stm32f4xx_dma.o
       284         10          0          0          0       2371   stm32f4xx_exti.o
       604         36          0          0          0       4181   stm32f4xx_gpio.o
        20          0          0          0          0        987   stm32f4xx_it.o
      1416         48          0         16          0      11119   stm32f4xx_rcc.o
       140         12          0          0          0       1703   stm32f4xx_syscfg.o
      3234         60          0          0          0      23064   stm32f4xx_tim.o
      1050         26          0          0          0       7908   stm32f4xx_usart.o
       528         46          0         20          0       1923   system_stm32f4xx.o
      6816        414          0         60        740      34460   tasks.o
        80          0          0          0          0        665   tim2.o
      1612        110          0         20         40      11923   timers.o
       260         26          0          0          0        730   uart4.o
       196          8          0          0          0       1065   usart1.o
       620         44          0          1         72       2032   usart3.o
       660         36          0          8         19       2716   usart6.o
       780        346          0         64        451       3436   vl53l0x.o
      6586         70          0        681          0      39525   vl53l0x_api.o
      3038         12          0         16          0      14948   vl53l0x_api_calibration.o
      5860         16          0          0          0      20912   vl53l0x_api_core.o
      2372       1266          0          0          0       4573   vl53l0x_api_strings.o
         0          0          0          0         48        850   vl53l0x_cali.o
       552         24          0          8         60       2903   vl53l0x_gen.o
      1318         14          0          0          0       6899   vl53l0x_i2c.o
       792         50          0         13          0       2488   vl53l0x_it.o
       486          0          0          0          0       4739   vl53l0x_platform.o

    ----------------------------------------------------------------------
     66846       4392        504       1152      25432     631823   Object Totals
         0          0         32          0          0          0   (incl. Generated)
        14          0          1         13          4          0   (incl. Padding)

    ----------------------------------------------------------------------

      Code (inc. data)   RO Data    RW Data    ZI Data      Debug   Library Member Name

       200         20          0          0          0        164   cos.o
       368         46         48          0          0        200   cos_i.o
        84         16          0          0          0        372   dunder.o
        44          0          0          0          0        248   fabs.o
        48          0          0          0          0        124   fpclassify.o
       248          0          0          0          0        152   poly.o
      1080        142        200          0          0        188   rred.o
       200         20          0          0          0        164   sin.o
       304         24         40          0          0        208   sin_i.o
       122          0          0          0          0        148   sqrt.o
        86          0          0          0          0          0   __dczerorl2.o
         0          0          0          0          0          0   entry.o
         0          0          0          0          0          0   entry10a.o
         0          0          0          0          0          0   entry11a.o
         8          4          0          0          0          0   entry2.o
         4          0          0          0          0          0   entry5.o
         0          0          0          0          0          0   entry7b.o
         0          0          0          0          0          0   entry8b.o
         8          4          0          0          0          0   entry9a.o
        12          6          0          4          0         68   errno.o
        30          0          0          0          0          0   handlers.o
        36          8          0          0          0         68   init.o
         0          0          0          0          0          0   iusefp.o
        30          0          0          0          0         68   llshl.o
        36          0          0          0          0         68   llsshr.o
        32          0          0          0          0         68   llushr.o
        36          0          0          0          0         68   memcpya.o
        36          0          0          0          0        108   memseta.o
      2276         96          0          0          0        596   printfa.o
         0          0          0          4          0          0   stdout.o
        18          0          0          0          0         68   strcpy.o
        14          0          0          0          0         68   strlen.o
        44          0          0          0          0         80   uidiv.o
        98          0          0          0          0         92   uldiv.o
        48          0          0          0          0         68   cdcmple.o
        48          0          0          0          0         68   cdrcmple.o
        56          0          0          0          0         88   d2f.o
       334          0          0          0          0        148   dadd.o
       222          0          0          0          0        100   ddiv.o
       186          0          0          0          0        176   depilogue.o
        62          0          0          0          0         80   dfixi.o
        48          0          0          0          0         68   dfixul.o
        34          0          0          0          0         76   dflti.o
        26          0          0          0          0         76   dfltui.o
       228          0          0          0          0         96   dmul.o
       162          0          0          0          0        100   dsqrt.o
        38          0          0          0          0         68   f2d.o
       110          0          0          0          0        168   fepilogue.o

    ----------------------------------------------------------------------
      7122        386        288          8          0       4768   Library Totals
        18          0          0          0          0          0   (incl. Padding)

    ----------------------------------------------------------------------

      Code (inc. data)   RO Data    RW Data    ZI Data      Debug   Library Name

      2698        268        288          0          0       1968   m_wm.l
      2804        118          0          8          0       1420   mc_w.l
      1602          0          0          0          0       1380   mf_w.l

    ----------------------------------------------------------------------
      7122        386        288          8          0       4768   Library Totals

    ----------------------------------------------------------------------

==============================================================================


      Code (inc. data)   RO Data    RW Data    ZI Data      Debug   

     73968       4778        792       1160      25432     625267   Grand Totals
     73968       4778        792        728      25432     625267   ELF Image Totals (compressed)
     73968       4778        792        728          0          0   ROM Totals

==============================================================================

    Total RO  Size (Code + RO Data)                74760 (  73.01kB)
    Total RW  Size (RW Data + ZI Data)             26592 (  25.97kB)
    Total ROM Size (Code + RO Data + RW Data)      75488 (  73.72kB)

==============================================================================

